[    0.000000] Initializing cgroup subsys cpuset
[    0.000000] Initializing cgroup subsys cpu
[    0.000000] Initializing cgroup subsys cpuacct
[    0.000000] Linux version 4.4.0-138-generic (buildd@lcy01-amd64-006) (gcc version 5.4.0 20160609 (Ubuntu 5.4.0-6ubuntu1~16.04.10) ) #164-Ubuntu SMP Tue Oct 2 17:16:02 UTC 2018 (Ubuntu 4.4.0-138.164-generic 4.4.155)
[    0.000000] Command line: BOOT_IMAGE=/boot/vmlinuz-4.4.0-138-generic root=UUID=94cf6dec-b559-40f4-9677-8490a116614b ro console=tty1 console=ttyS0
[    0.000000] KERNEL supported cpus:
[    0.000000]   Intel GenuineIntel
[    0.000000]   AMD AuthenticAMD
[    0.000000]   Centaur CentaurHauls
[    0.000000] x86/fpu: xstate_offset[2]:  576, xstate_sizes[2]:  256
[    0.000000] x86/fpu: Supporting XSAVE feature 0x01: 'x87 floating point registers'
[    0.000000] x86/fpu: Supporting XSAVE feature 0x02: 'SSE registers'
[    0.000000] x86/fpu: Supporting XSAVE feature 0x04: 'AVX registers'
[    0.000000] x86/fpu: Enabled xstate features 0x7, context size is 832 bytes, using 'standard' format.
[    0.000000] e820: BIOS-provided physical RAM map:
[    0.000000] BIOS-e820: [mem 0x0000000000000000-0x000000000009fbff] usable
[    0.000000] BIOS-e820: [mem 0x000000000009fc00-0x000000000009ffff] reserved
[    0.000000] BIOS-e820: [mem 0x00000000000f0000-0x00000000000fffff] reserved
[    0.000000] BIOS-e820: [mem 0x0000000000100000-0x000000007ffeffff] usable
[    0.000000] BIOS-e820: [mem 0x000000007fff0000-0x000000007fffffff] ACPI data
[    0.000000] BIOS-e820: [mem 0x00000000fec00000-0x00000000fec00fff] reserved
[    0.000000] BIOS-e820: [mem 0x00000000fee00000-0x00000000fee00fff] reserved
[    0.000000] BIOS-e820: [mem 0x00000000fffc0000-0x00000000ffffffff] reserved
[    0.000000] NX (Execute Disable) protection: active
[    0.000000] SMBIOS 2.5 present.
[    0.000000] Hypervisor detected: KVM
[    0.000000] e820: last_pfn = 0x7fff0 max_arch_pfn = 0x400000000
[    0.000000] MTRR: Disabled
[    0.000000] x86/PAT: MTRRs disabled, skipping PAT initialization too.
[    0.000000] CPU MTRRs all blank - virtualized system.
[    0.000000] x86/PAT: Configuration [0-7]: WB  WT  UC- UC  WB  WT  UC- UC  
[    0.000000] found SMP MP-table at [mem 0x0009fff0-0x0009ffff] mapped at [ffff88000009fff0]
[    0.000000] Scanning 1 areas for low memory corruption
[    0.000000] RAMDISK: [mem 0x361ec000-0x370edfff]
[    0.000000] ACPI: Early table checksum verification disabled
[    0.000000] ACPI: RSDP 0x00000000000E0000 000024 (v02 VBOX  )
[    0.000000] ACPI: XSDT 0x000000007FFF0030 00003C (v01 VBOX   VBOXXSDT 00000001 ASL  00000061)
[    0.000000] ACPI: FACP 0x000000007FFF00F0 0000F4 (v04 VBOX   VBOXFACP 00000001 ASL  00000061)
[    0.000000] ACPI: DSDT 0x000000007FFF0470 0021FF (v02 VBOX   VBOXBIOS 00000002 INTL 20180105)
[    0.000000] ACPI: FACS 0x000000007FFF0200 000040
[    0.000000] ACPI: FACS 0x000000007FFF0200 000040
[    0.000000] ACPI: APIC 0x000000007FFF0240 00005C (v02 VBOX   VBOXAPIC 00000001 ASL  00000061)
[    0.000000] ACPI: SSDT 0x000000007FFF02A0 0001CC (v01 VBOX   VBOXCPUT 00000002 INTL 20180105)
[    0.000000] No NUMA configuration found
[    0.000000] Faking a node at [mem 0x0000000000000000-0x000000007ffeffff]
[    0.000000] NODE_DATA(0) allocated [mem 0x7ffeb000-0x7ffeffff]
[    0.000000] kvm-clock: Using msrs 4b564d01 and 4b564d00
[    0.000000] kvm-clock: cpu 0, msr 0:7ffe3001, primary cpu clock
[    0.000000] kvm-clock: using sched offset of 3603280509 cycles
[    0.000000] clocksource: kvm-clock: mask: 0xffffffffffffffff max_cycles: 0x1cd42e4dffb, max_idle_ns: 881590591483 ns
[    0.000000] Zone ranges:
[    0.000000]   DMA      [mem 0x0000000000001000-0x0000000000ffffff]
[    0.000000]   DMA32    [mem 0x0000000001000000-0x000000007ffeffff]
[    0.000000]   Normal   empty
[    0.000000]   Device   empty
[    0.000000] Movable zone start for each node
[    0.000000] Early memory node ranges
[    0.000000]   node   0: [mem 0x0000000000001000-0x000000000009efff]
[    0.000000]   node   0: [mem 0x0000000000100000-0x000000007ffeffff]
[    0.000000] Initmem setup node 0 [mem 0x0000000000001000-0x000000007ffeffff]
[    0.000000] ACPI: PM-Timer IO Port: 0x4008
[    0.000000] IOAPIC[0]: apic_id 2, version 32, address 0xfec00000, GSI 0-23
[    0.000000] ACPI: INT_SRC_OVR (bus 0 bus_irq 0 global_irq 2 dfl dfl)
[    0.000000] ACPI: INT_SRC_OVR (bus 0 bus_irq 9 global_irq 9 low level)
[    0.000000] Using ACPI (MADT) for SMP configuration information
[    0.000000] smpboot: Allowing 2 CPUs, 0 hotplug CPUs
[    0.000000] PM: Registered nosave memory: [mem 0x00000000-0x00000fff]
[    0.000000] PM: Registered nosave memory: [mem 0x0009f000-0x0009ffff]
[    0.000000] PM: Registered nosave memory: [mem 0x000a0000-0x000effff]
[    0.000000] PM: Registered nosave memory: [mem 0x000f0000-0x000fffff]
[    0.000000] e820: [mem 0x80000000-0xfebfffff] available for PCI devices
[    0.000000] Booting paravirtualized kernel on KVM
[    0.000000] clocksource: refined-jiffies: mask: 0xffffffff max_cycles: 0xffffffff, max_idle_ns: 7645519600211568 ns
[    0.000000] setup_percpu: NR_CPUS:512 nr_cpumask_bits:512 nr_cpu_ids:2 nr_node_ids:1
[    0.000000] PERCPU: Embedded 34 pages/cpu @ffff88007fc00000 s99608 r8192 d31464 u1048576
[    0.000000] PV qspinlock hash table entries: 256 (order: 0, 4096 bytes)
[    0.000000] Built 1 zonelists in Node order, mobility grouping on.  Total pages: 515960
[    0.000000] Policy zone: DMA32
[    0.000000] Kernel command line: BOOT_IMAGE=/boot/vmlinuz-4.4.0-138-generic root=UUID=94cf6dec-b559-40f4-9677-8490a116614b ro console=tty1 console=ttyS0
[    0.000000] PID hash table entries: 4096 (order: 3, 32768 bytes)
[    0.000000] Memory: 2029328K/2096696K available (8563K kernel code, 1314K rwdata, 4004K rodata, 1528K init, 1316K bss, 67368K reserved, 0K cma-reserved)
[    0.000000] SLUB: HWalign=64, Order=0-3, MinObjects=0, CPUs=2, Nodes=1
[    0.000000] Kernel/User page tables isolation: enabled
[    0.000000] Hierarchical RCU implementation.
[    0.000000] 	Build-time adjustment of leaf fanout to 64.
[    0.000000] 	RCU restricting CPUs from NR_CPUS=512 to nr_cpu_ids=2.
[    0.000000] RCU: Adjusting geometry for rcu_fanout_leaf=64, nr_cpu_ids=2
[    0.000000] NR_IRQS:33024 nr_irqs:440 16
[    0.000000] Console: colour VGA+ 80x25
[    0.000000] console [tty1] enabled
[    0.000000] console [ttyS0] enabled
[    0.000000] tsc: Detected 2303.998 MHz processor
[    0.256924] Calibrating delay loop (skipped) preset value.. 4607.99 BogoMIPS (lpj=9215992)
[    0.258711] pid_max: default: 32768 minimum: 301
[    0.259668] ACPI: Core revision 20150930
[    0.261722] ACPI: 2 ACPI AML tables successfully acquired and loaded
[    0.263096] Security Framework initialized
[    0.263975] Yama: becoming mindful.
[    0.357801] AppArmor: AppArmor initialized
[    0.370162] Dentry cache hash table entries: 262144 (order: 9, 2097152 bytes)
[    0.372224] Inode-cache hash table entries: 131072 (order: 8, 1048576 bytes)
[    0.374423] Mount-cache hash table entries: 4096 (order: 3, 32768 bytes)
[    0.375979] Mountpoint-cache hash table entries: 4096 (order: 3, 32768 bytes)
[    0.377722] Initializing cgroup subsys io
[    0.378744] Initializing cgroup subsys memory
[    0.379835] Initializing cgroup subsys devices
[    0.380931] Initializing cgroup subsys freezer
[    0.382016] Initializing cgroup subsys net_cls
[    0.383105] Initializing cgroup subsys perf_event
[    0.384255] Initializing cgroup subsys net_prio
[    0.385367] Initializing cgroup subsys hugetlb
[    0.386453] Initializing cgroup subsys pids
[    0.388818] mce: CPU supports 0 MCE banks
[    0.389861] Last level iTLB entries: 4KB 64, 2MB 8, 4MB 8
[    0.391119] Last level dTLB entries: 4KB 64, 2MB 0, 4MB 0, 1GB 4
[    0.392506] Spectre V2 : Mitigation: Full generic retpoline
[    0.393802] Spectre V2 : Spectre v2 mitigation: Speculation control IBPB not-supported IBRS not-supported
[    0.395772] Spectre V2 : Spectre v2 / SpectreRSB mitigation: Filling RSB on context switch
[    0.398127] Speculative Store Bypass: Vulnerable
[    0.402302] Freeing SMP alternatives memory: 32K
[    0.413047] ftrace: allocating 32278 entries in 127 pages
[    0.479469] smpboot: APIC(0) Converting physical 0 to logical package 0
[    0.480966] smpboot: Max logical packages: 1
[    0.482310] x2apic enabled
[    0.483368] Switched APIC routing to physical x2apic.
[    0.485855] ..TIMER: vector=0x30 apic1=0 pin1=2 apic2=-1 pin2=-1
[    0.591725] smpboot: CPU0: Intel(R) Core(TM) i3-6100U CPU @ 2.30GHz (family: 0x6, model: 0x4e, stepping: 0x3)
[    0.594276] Performance Events: unsupported p6 CPU model 78 no PMU driver, software events only.
[    0.596555] KVM setup paravirtual spinlock
[    0.598984] x86: Booting SMP configuration:
[    0.601240] .... node  #0, CPUs:      #1
[    0.602377] kvm-clock: cpu 1, msr 0:7ffe3041, secondary cpu clock
[    0.604477] mce: CPU supports 0 MCE banks
[    0.607018] x86: Booted up 1 node, 2 CPUs
[    0.608281] smpboot: Total of 2 processors activated (9215.99 BogoMIPS)
[    0.610223] devtmpfs: initialized
[    0.613572] evm: security.selinux
[    0.614523] evm: security.SMACK64
[    0.615423] evm: security.SMACK64EXEC
[    0.616373] evm: security.SMACK64TRANSMUTE
[    0.617411] evm: security.SMACK64MMAP
[    0.618358] evm: security.ima
[    0.619197] evm: security.capability
[    0.620379] clocksource: jiffies: mask: 0xffffffff max_cycles: 0xffffffff, max_idle_ns: 7645041785100000 ns
[    0.622662] futex hash table entries: 512 (order: 3, 32768 bytes)
[    0.624187] pinctrl core: initialized pinctrl subsystem
[    0.625542] RTC time: 19:49:23, date: 11/08/18
[    0.626850] NET: Registered protocol family 16
[    0.639497] cpuidle: using governor ladder
[    0.663884] cpuidle: using governor menu
[    0.664904] PCCT header not found.
[    0.665877] ACPI: bus type PCI registered
[    0.666883] acpiphp: ACPI Hot Plug PCI Controller Driver version: 0.5
[    0.668471] PCI: Using configuration type 1 for base access
[    0.680710] ACPI: Added _OSI(Module Device)
[    0.681664] ACPI: Added _OSI(Processor Device)
[    0.682596] ACPI: Added _OSI(3.0 _SCP Extensions)
[    0.683572] ACPI: Added _OSI(Processor Aggregator Device)
[    0.685509] ACPI: Executed 1 blocks of module-level executable AML code
[    0.689298] ACPI: Interpreter enabled
[    0.690145] ACPI: (supports S0 S5)
[    0.690970] ACPI: Using IOAPIC for interrupt routing
[    0.692213] PCI: Using host bridge windows from ACPI; if necessary, use "pci=nocrs" and report a bug
[    0.698227] ACPI: PCI Root Bridge [PCI0] (domain 0000 [bus 00-ff])
[    0.699450] acpi PNP0A03:00: _OSC: OS supports [ASPM ClockPM Segments MSI]
[    0.700797] acpi PNP0A03:00: _OSC: not requesting OS control; OS requires [ExtendedConfig ASPM ClockPM MSI]
[    0.702728] acpi PNP0A03:00: fail to add MMCONFIG information, can't access extended PCI configuration space under this bridge.
[    0.705240] PCI host bridge to bus 0000:00
[    0.706144] pci_bus 0000:00: root bus resource [io  0x0000-0x0cf7 window]
[    0.707422] pci_bus 0000:00: root bus resource [io  0x0d00-0xffff window]
[    0.708701] pci_bus 0000:00: root bus resource [mem 0x000a0000-0x000bffff window]
[    0.710302] pci_bus 0000:00: root bus resource [mem 0x80000000-0xfdffffff window]
[    0.711914] pci_bus 0000:00: root bus resource [bus 00-ff]
[    0.714726] pci 0000:00:01.1: legacy IDE quirk: reg 0x10: [io  0x01f0-0x01f7]
[    0.716137] pci 0000:00:01.1: legacy IDE quirk: reg 0x14: [io  0x03f6]
[    0.717377] pci 0000:00:01.1: legacy IDE quirk: reg 0x18: [io  0x0170-0x0177]
[    0.718694] pci 0000:00:01.1: legacy IDE quirk: reg 0x1c: [io  0x0376]
[    0.756594] pci 0000:00:07.0: quirk: [io  0x4000-0x403f] claimed by PIIX4 ACPI
[    0.774111] pci 0000:00:07.0: quirk: [io  0x4100-0x410f] claimed by PIIX4 SMB
[    0.790692] ACPI: PCI Interrupt Link [LNKA] (IRQs 5 9 10 *11)
[    0.812784] ACPI: PCI Interrupt Link [LNKB] (IRQs 5 9 *10 11)
[    0.814441] ACPI: PCI Interrupt Link [LNKC] (IRQs 5 *9 10 11)
[    0.816147] ACPI: PCI Interrupt Link [LNKD] (IRQs 5 9 10 *11)
[    0.817858] ACPI: Enabled 2 GPEs in block 00 to 07
[    0.819367] vgaarb: setting as boot device: PCI:0000:00:02.0
[    0.820482] vgaarb: device added: PCI:0000:00:02.0,decodes=io+mem,owns=io+mem,locks=none
[    0.822185] vgaarb: loaded
[    0.822893] vgaarb: bridge control possible 0000:00:02.0
[    0.824242] SCSI subsystem initialized
[    0.825268] ACPI: bus type USB registered
[    0.826192] usbcore: registered new interface driver usbfs
[    0.827322] usbcore: registered new interface driver hub
[    0.828402] usbcore: registered new device driver usb
[    0.829727] PCI: Using ACPI for IRQ routing
[    0.830959] NetLabel: Initializing
[    0.831770] NetLabel:  domain hash size = 128
[    0.832696] NetLabel:  protocols = UNLABELED CIPSOv4
[    0.833722] NetLabel:  unlabeled traffic allowed by default
[    0.835034] amd_nb: Cannot enumerate AMD northbridges
[    0.836157] clocksource: Switched to clocksource kvm-clock
[    0.844904] AppArmor: AppArmor Filesystem Enabled
[    0.845991] pnp: PnP ACPI init
[    0.847557] pnp: PnP ACPI: found 3 devices
[    0.858854] clocksource: acpi_pm: mask: 0xffffff max_cycles: 0xffffff, max_idle_ns: 2085701024 ns
[    0.860757] NET: Registered protocol family 2
[    0.862168] TCP established hash table entries: 16384 (order: 5, 131072 bytes)
[    0.864430] TCP bind hash table entries: 16384 (order: 6, 262144 bytes)
[    0.8661] TCP: Hash ables configured (established 16384 bind 16384)
[    0.951012] UDP hash table entries: 1024 (order: 3, 32768 bytes)
[    0.952361] UDP-Lite hash table entries: 1024 (order: 3, 32768 bytes)
[    0.953997] NET: Registered protocol family 1
[    0.955003] pci 0000:00:00.0: Limiting direct PCI/PCI transfers
[   956228]ci00001. Aivting ISA DMA hang workarounds
[    1.388454] Unpacking initramfs...
[    1.656487] Freeing initrd memory: 15368K
[    1.661880] platform rtc_cmos: registered platform RTC device (no PNP device found)
[    1.663855] Scanning for low memory corruption every 60 seconds
[    1.665746] audit: initializing netlink subsys (disabled)
[    1.667043] audit: type=2000 audit(1541706568.394:1): initialized
[    1.668747] Initialise system trusted keyring
[    1.670112] HugeTLB registered 2 MB page size, pre-allocated 0 pages
[    1.673183] zbud: loaded
[    1.674399] VFS: Disk quotas dquot_6.6.0
[    1.675449] VFS: Dquot-cache hash table entries: 512 (order 0, 4096 bytes)
[    1.677303] squashfs: version 4.0 (2009/01/31) Phillip Lougher
[    1.679001] fuse init (API version 7.23)
[    1.680160] Key type big_key registered
[    1.681209] Allocating IMA MOK and blacklist keyrings.
[    1.683649] Key type asymmetric registered
[    1.684731] Asymmetric key parser 'x509' registered
[    1.685950] Block layer SCSI generic (bsg) driver version 0.4 loaded (major 249)
[    1.687869] io scheduler noop registered
[    1.688906] io scheduler deadline registered (default)
[    1.690162] io scheduler cfq registered
[    1.691269] pci_hotplug: PCI Hot Plug PCI Core version: 0.5
[    1.692594] pciehp: PCI Express Hot Plug Controller Driver version: 0.4
[    1.694265] ACPI: AC Adapter [AC] (on-line)
[    1.695408] input: Power Button as /devices/LNXSYSTM:00/LNXPWRBN:00/input/input0
[    1.697301] ACPI: Power Button [PWRF]
[    1.698327] input: Sleep Button as /devices/LNXSYSTM:00/LNXSLPBN:00/input/input1
[    1.700180] ACPI: Sleep Button [SLPF]
[    1.701402] GHES: HEST is not enabled!
[    1.703131] ACPI: Battery Slot [BAT0] (battery present)
[    1.704426] Serial: 8250/16550 driver, 32 ports, IRQ sharing enabled
[    1.727984] 00:02: ttyS0 at I/O 0x3f8 (irq = 4, base_baud = 115200) is a 16550A
[    1.731119] Linux agpgart interface v0.103
[    1.734283] loop: module loaded
[    1.735903] scsi host0: ata_piix
[    1.737038] scsi host1: ata_piix
[    1.737964] ata1: PATA max UDMA/33 cmd 0x1f0 ctl 0x3f6 bmdma 0xd000 irq 14
[    1.739488] ata2: PATA max UDMA/33 cmd 0x170 ctl 0x376 bmdma 0xd008 irq 15
[    1.741387] libphy: Fixed MDIO Bus: probed
[    1.742441] tun: Universal TUN/TAP device driver, 1.6
[    1.743654] tun: (C) 1999-2004 Max Krasnyansky <maxk@qualcomm.com>
[    1.745145] PPP generic driver version 2.4.2
[    1.746289] ehci_hcd: USB 2.0 'Enhanced' Host Controller (EHCI) Driver
[    1.747764] ehci-pci: EHCI PCI platform driver
[    1.748906] ehci-platform: EHCI generic platform driver
[    1.750155] ohci_hcd: USB 1.1 'Open' Host Controller (OHCI) Driver
[    1.751561] ohci-pci: OHCI PCI platform driver
[    1.752686] ohci-platform: OHCI generic platform driver
[    1.753928] uhci_hcd: USB Universal Host Controller Interface driver
[    1.755451] i8042: PNP: PS/2 Controller [PNP0303:PS2K,PNP0f03:PS2M] at 0x60,0x64 irq 1,12
[    1.758050] serio: i8042 KBD port at 0x60,0x64 irq 1
[    1.759244] serio: i8042 AUX port at 0x60,0x64 irq 12
[    1.760566] mousedev: PS/2 mouse device common for all mice
[    1.762395] rtc_cmos rtc_cmos: rtc core: registered rtc_cmos as rtc0
[    1.763991] input: AT Translated Set 2 keyboard as /devices/platform/i8042/serio0/input/input2
[    1.766144] rtc_cmos rtc_cmos: alarms up to one day, 114 bytes nvram
[    1.767434] i2c /dev entries driver
[    1.768365] device-mapper: uevent: version 1.0.3
[    1.769533] device-mapper: ioctl: 4.34.0-ioctl (2015-10-28) initialised: dm-devel@redhat.com
[    1.771309] ledtrig-cpu: registered to indicate activity on CPUs
[    1.773210] NET: Registered protocol family 10
[    1.774408] NET: Registered protocol family 17
[    1.775377] Key type dns_resolver registered
[    1.776839] registered taskstats version 1
[    1.777757] Loading compiled-in X.509 certificates
[    1.779446] Loaded X.509 cert 'Build time autogenerated kernel key: 9a104bc44b81e9426fe5c715e47d021d02d69eba'
[    1.781466] zswap: loaded using pool lzo/zbud
[    1.784651] Key type trusted registered
[    1.792806] Key type encrypted registered
[    1.793708] AppArmor: AppArmor sha1 policy hashing enabled
[    1.794840] ima: No TPM chip found, activating TPM-bypass!
[    1.795934] ima: Allocated hash algorithm: sha1
[    1.796940] evm: HMAC attrs: 0x1
[    1.798036]   Magic number: 10:435:849
[    1.798886]  index1: hash matches
[    1.799658]  index1: hash matches
[    1.800461] graphics fbcon: hash matches
[    1.801421] rtc_cmos rtc_cmos: setting system clock to 2018-11-08 19:49:24 UTC (1541706564)
[    1.809266] BIOS EDD facility v0.16 2004-Jun-25, 0 devices found
[    1.817262] EDD information not available.
[    1.899751] Freeing unused kernel memory: 1528K
[    1.936648] Write protecting the kernel read-only data: 14336k
[    1.938792] Freeing unused kernel memory: 1664K
[    1.940335] Freeing unused kernel memory: 92K
Loading, please wait...
starting version 229
[    1.956630] random: systemd-udevd: uninitialized urandom read (16 bytes read, 3 bits of entropy available)
[    1.957508] random: udevadm: uninitialized urandom read (16 bytes read, 3 bits of entropy available)
[    1.957530] random: udevadm: uninitialized urandom read (16 bytes read, 3 bits of entropy available)
[    1.968683] random: udevadm: uninitialized urandom read (16 bytes read, 3 bits of entropy available)
[    1.968755] random: udevadm: uninitialized urandom read (16 bytes read, 3 bits of entropy available)
[    1.968969] random: udevadm: uninitialized urandom read (16 bytes read, 3 bits of entropy available)
[    1.969051] random: udevadm: uninitialized urandom read (16 bytes read, 3 bits of entropy available)
[    1.969121] random: udevadm: uninitialized urandom read (16 bytes read, 3 bits of entropy available)
[    1.969191] random: udevadm: uninitialized urandom read (16 bytes read, 3 bits of entropy available)
[    1.969265] random: udevadm: uninitialized urandom read (16 bytes read, 3 bits of entropy available)
[    2.093892] e1000: Intel(R) PRO/1000 Network Driver - version 7.3.21-k8-NAPI
[    2.095538] e1000: Copyright (c) 1999-2006 Intel Corporation.
[    2.122127] AVX2 version of gcm_enc/dec engaged.
[    2.124446] AES CTR mode by8 optimization enabled
[    2.139897] Fusion MPT base driver 3.04.20
[    2.141044] Copyright (c) 1999-2008 LSI Corporation
[    2.150166] Fusion MPT SPI Host driver 3.04.20
[    2.317930] input: ImExPS/2 Generic Explorer Mouse as /devices/platform/i8042/serio1/input/input4
[    2.507533] e1000 0000:00:03.0 eth0: (PCI:33MHz:32-bit) 02:e4:ac:f5:39:a9
[    2.577667] e1000 0000:00:03.0 eth0: Intel(R) PRO/1000 Network Connection
[    2.579766] mptbase: ioc0: Initiating bringup
[    2.645443] ioc0: LSI53C1030 A0: Capabilities={Initiator}
[    2.715865] tsc: Refined TSC clocksource calibration: 2303.959 MHz
[    2.717297] clocksource: tsc: mask: 0xffffffffffffffff max_cycles: 0x2135d147f92, max_idle_ns: 440795296488 ns
[    3.141798] scsi host2: ioc0: LSI53C1030 A0, FwRev=00000000h, Ports=1, MaxQ=256, IRQ=20
[    4.057441] scsi 2:0:0:0: Direct-Access     VBOX     HARDDISK         1.0  PQ: 0 ANSI: 5
[    4.077112] scsi target2:0:0: Beginning Domain Validation
[    4.079890] scsi target2:0:0: Domain Validation skipping write tests
[    4.081376] scsi target2:0:0: Ending Domain Validation
[    4.082660] scsi target2:0:0: asynchronous
[    4.084587] scsi 2:0:1:0: Direct-Access     VBOX     HARDDISK         1.0  PQ: 0 ANSI: 5
[    4.098173] scsi target2:0:1: Beginning Domain Validation
[    4.100960] scsi target2:0:1: Domain Validation skipping write tests
[    4.102363] scsi target2:0:1: Ending Domain Validation
[    4.103476] scsi target2:0:1: asynchronous
[    4.137547] sd 2:0:0:0: Attached scsi generic sg0 type 0
[    4.139020] sd 2:0:0:0: [sda] 20971520 512-byte logical blocks: (10.7 GB/10.0 GiB)
[    4.141666] sd 2:0:1:0: [sdb] 20480 512-byte logical blocks: (10.5 MB/10.0 MiB)
[    4.154042] sd 2:0:1:0: Attached scsi generic sg1 type 0
[    4.155561] sd 2:0:0:0: [sda] Write Protect is off
[    4.156783] sd 2:0:0:0: [sda] Incomplete mode parameter data
[    4.164369] sd 2:0:0:0: [sda] Assuming drive cache: write through
[    4.165685] sd 2:0:1:0: [sdb] Write Protect is off
[    4.167141] sd 2:0:1:0: [sdb] Incomplete mode parameter data
[    4.168338] sd 2:0:1:0: [sdb] Assuming drive cache: write through
[    4.174608]  sda: sda1
[    4.181727] sd 2:0:1:0: [sdb] Attached SCSI disk
[    4.188684] sd 2:0:0:0: [sda] Attached SCSI disk
[    4.444828] e1000 0000:00:08.0 eth1: (PCI:33MHz:32-bit) 08:00:27:f3:f3:37
[    4.446233] e1000 0000:00:08.0 eth1: Intel(R) PRO/1000 Network Connection
[    4.448405] e1000 0000:00:08.0 enp0s8: renamed from eth1
[    4.460474] e1000 0000:00:03.0 enp0s3: renamed from eth0
Begin: Loading e[    5.952918] md: linear personality registered for level -1
ssential drivers ... [    5.980259] md: multipath personality registered for level -4
[    5.985396] md: raid0 personality registered for level 0
[    5.989954] md: raid1 personality registered for level 1
[    6.076218] raid6: sse2x1   gen()  7653 MB/s
[    6.144229] raid6: sse2x1   xor()  5938 MB/s
[    6.212253] raid6: sse2x2   gen()  9229 MB/s
[    6.300238] raid6: sse2x2   xor()  6844 MB/s
[    6.372188] raid6: sse2x4   gen() 11257 MB/s
[    6.440212] raid6: sse2x4   xor()  6397 MB/s
[    6.512191] raid6: avx2x1   gen() 13917 MB/s
[    6.600226] raid6: avx2x2   gen() 17910 MB/s
[    6.672226] raid6: avx2x4   gen() 19837 MB/s
[    6.678613] raid6: using algorithm avx2x4 gen() 19837 MB/s
[    6.679885] raid6: using avx2x2 recovery algorithm
[    6.690152] xor: automatically using best checksumming function:
[    6.754481]    avx       : 42703.000 MB/sec
[    6.756827] async_tx: api initialized (async)
[    6.765069] md: raid6 personality registered for level 6
[    6.766419] md: raid5 personality registered for level 5
[    6.767531] md: raid4 personality registered for level 4
[    6.774648] md: raid10 personality registered for level 10
done.
Begin: Running /scripts/init-premount ... done.
Begin: Mounting root file system ... Begin: Running /scripts/local-top ... done.
Begin: Running /scripts/local-premount ... [    6.979066] Btrfs loaded
Scanning for Btrfs filesystems
done.
Warning: fsck no[    7.022623] EXT4-fs (sda1): INFO: recovery required on readonly filesystem
t present, so skipping root file[    7.036302] EXT4-fs (sda1): write access will be enabled during recovery
 system
[    7.140537] EXT4-fs (sda1): orphan cleanup on readonly fs
[    7.141716] EXT4-fs (sda1): 6 orphan inodes deleted
[    7.142711] EXT4-fs (sda1): recovery complete
[    7.144218] EXT4-fs (sda1): mounted filesystem with ordered data mode. Opts: (null)
done.
Begin: Running /scripts/local-bottom ... done.
Begin: Running /scripts/init-bottom ... done.
[    7.324676] systemd[1]: systemd 229 running in system mode. (+PAM +AUDIT +SELINUX +IMA +APPARMOR +SMACK +SYSVINIT +UTMP +LIBCRYPTSETUP +GCRYPT +GNUTLS +ACL +XZ -LZ4 +SECCOMP +BLKID +ELFUTILS +KMOD -IDN)
[    7.330546] systemd[1]: Detected virtualization oracle.
[    7.332045] systemd[1]: Detected architecture x86-64.

Welcome to [1mUbuntu 16.04.4 LTS[0m!

[    7.366256] systemd[1]: Set hostname to <yiishop>.
[    7.568476] systemd[1]: Set up automount Arbitrary Executable File Formats File System Automount Point.
[[0;32m  OK  [0m] Set up automount Arbitrary Executab...ats File System Automount Point.
[    7.609106] systemd[1]: Reached target Encrypted Volumes.
[[0;32m  OK  [0m] Reached target Encrypted Volumes.
[    7.611541] systemd[1]: Created slice User and Session Slice.
[[0;32m  OK  [0m] Created slice User and Session Slice.
[    7.613834] systemd[1]: Listening on udev Control Socket.
[[0;32m  OK  [0m] Listening on udev Control Socket.
[    7.616018] systemd[1]: Listening on Journal Audit Socket.
[[0;32m  OK  [0m] Listening on Journal Audit Socket.
[    7.618298] systemd[1]: Started Trigger resolvconf update for networkd DNS.
[[0;32m  OK  [0m] Started Trigger resolvconf update for networkd DNS.
[    7.646694] systemd[1]: Reached target User and Group Name Lookups.
[[0;32m  OK  [0m] Reached target User and Group Name Lookups.
[    7.649155] systemd[1]: Listening on LVM2 poll daemon socket.
[[0;32m  OK  [0m] Listening on LVM2 poll daemon socket.
[    7.651438] systemd[1]: Listening on /dev/initctl Compatibility Named Pipe.
[[0;32m  OK  [0m] Listening on /dev/initctl Compatibility Named Pipe.
[    7.654096] systemd[1]: Listening on Journal Socket (/dev/log).
[[0;32m  OK  [0m] Listening on Journal Socket (/dev/log).
[    7.656423] systemd[1]: Listening on Journal Socket.
[[0;32m  OK  [0m] Listening on Journal Socket.
[    7.658535] systemd[1]: Listening on udev Kernel Socket.
[[0;32m  OK  [0m] Listening on udev Kernel Socket.
[    7.660737] systemd[1]: Listening on Device-mapper event daemon FIFOs.
[[0;32m  OK  [0m] Listening on Device-mapper event daemon FIFOs.
[    7.663214] systemd[1]: Listening on Syslog Socket.
[[0;32m  OK  [0m] Listening on Syslog Socket.
[    7.665302] systemd[1]: Listening on LVM2 metadata daemon socket.
[[0;32m  OK  [0m] Listening on LVM2 metadata daemon socket.
[    7.667684] systemd[1]: Started Forward Password Requests to Wall Directory Watch.
[[0;32m  OK  [0m] Started Forward Password Requests to Wall Directory Watch.
[    7.686789] systemd[1]: Reached target System Time Synchronized.
[[0;32m  OK  [0m] Reached target System Time Synchronized.
[    7.693642] systemd[1]: Created slice System Slice.
[[0;32m  OK  [0m] Created slice System Slice.
[    7.736811] systemd[1]: Starting Monitoring of LVM2 mirrors, snapshots etc. using dmeventd or progress polling...
         Starting Monitoring of LVM2 mirrors... dmeventd or progress polling...
[    7.796459] systemd[1]: Mounting POSIX Message Queue File System...
         Mounting POSIX Message Queue File System...
[    7.802729] systemd[1]: Starting Remount Root and Kernel File Systems...
         Starting Remount Root and Kernel File Systems...
[    7.848819] systemd[1]: Mounting Huge Pages File System...
         Mounting Huge Pages File System...
[    7.852776] systemd[1]: Starting Nameserver information manager...
[    7.854219] EXT4-fs (sda1): re-mounted. Opts: (null)
         Starting Nameserver information manager...
[    7.858106] systemd[1]: Reached target Slices.
[[0;32m  OK  [0m] Reached target Slices.
[    7.865238] systemd[1]: Starting Set console keymap...
         Starting Set console keymap...
[    7.875979] random: nonblocking pool is initialized
[    7.916968] systemd[1]: Mounting Debug File System...
         Mounting Debug File System...
[    7.922540] systemd[1]: Starting Load Kernel Modules...
         Starting Load Kernel Modules...
[    7.934889] systemd[1]: Starting Uncomplicated firewall...
         Startin[    7.961615] Loading iSCSI transport class v2.0-870.
g Uncomplicated firewall...
[    7.984613] systemd[1]: Starting Create list of required static device nodes for the current kernel...
[    7.987267] iscsi: registered transport (tcp)
         Starting Create list of required st... nodes for the current kernel...
[    7.990002] systemd[1]: Starting Journal Service...
         Starting Journal Service...
[    7.992561] systemd[1]: Created slice system-serial\x2dgetty.slice.
[[0;32m  OK  [0m] Created slice system-serial\x2dgetty.slice.
[    8.008812] systemd[1]: Reached target Swap.
[[0;32m  OK  [0m] Reached target Swap.
[    8.012919] systemd[1]: Mounted Huge Pages File System.
[[0;32m  OK  [0m] Mounted Huge Pages File System.
[    8.016495] systemd[1]: Mounted POSIX Message Queue File System.
[[0;32m  OK  [0m] Mounted POSIX Message Queue File System.
[    8.030762] systemd[1]: Mounted Debug File System.
[[0;32m  OK  [0m] Mounted Debug File System.
[    8.033481] systemd[1]: Started Remount Root and Kernel File Systems.
[[0;32m  OK  [0m] Started Remount Root and Kernel File Systems.
[    8.041723] systemd[1]: Started Set console keymap.
[[0;32m  OK  [0m] Started Set console keymap.
[    8.047194] systemd[1]: Started Uncomplicated firewall.
[[0;32m  OK  [0m] Started Uncomplicated firewall.
[    8.051901] systemd[1]: Started Create list of required static device nodes for the current kernel.
[[0;32m  OK  [0m] Started Create list of required sta...ce nodes for the current kernel.
[    8.068677] systemd[1]: Started Nameserver information manager.
[[0;32m  OK  [0m] Started Nameserver information manager.
[    8.073621] systemd[1]: Started Journal Service.
[[0;32m  OK  [0m] Started Journal Service.
[    8.085748] iscsi: registered transport (iser)
[[0;32m  OK  [0m] Started Load Kernel Modules.
         Mounting FUSE Control File System...
         Starting Apply Kernel Variables...
[[0;32m  OK  [0m] Started LVM2 metadata daemon.
         Starting Create Static Device Nodes in /dev...
         Starting Load/Save Random Seed...
         Starting Flush Journal to Persistent Storage...
         Starting udev Coldplug all Devices...
[[0;32m  OK  [0m] Mounted FUSE Control File System.
[[0;32m  OK  [0m] Started Apply Kernel Variables.
[[0;32m  OK  [0m] Started Create Static Device Nodes in /dev.
[[0;32m  OK  [0m] Started Load/Save Random Seed.
[[0;32m  OK  [0m] Started Monitoring of LVM2 mirrors,...ng dmeventd or progress polling.
[[0;32m  OK  [0m] Started udev Coldplug all Devices.
[[0;32m  OK  [0m] Started Flush Journal to Persistent Storage.
         Starting udev Kernel Device Manager...
[[0;32m  OK  [0m] Started udev Kernel Device Manager.
[[0;32m  OK  [0m] Started Dispatch Password Requests to Console Directory Watch.
[[0;32m  OK  [0m] Reached target Local File Systems (Pre).
[[0;32m  OK  [0m] Reached target Local File Systems.
         Starting LSB: AppArmor initialization...
         Starting Tell Plymouth To Write Out Runtime Data...
         Starting Initial cloud-init job (pre-networking)...
         Starting Set console font and keymap...
         Starting Create Volatile Files and Directories...
[[0;32m  OK  [0m] Started Tell Plymouth To Write Out Runtime Data.
[[0;32m  OK  [0m] Started Create Volatile Files and Directories.
[[0;32m  OK  [0m] Found device /dev/ttyS0.
[[0;32m  OK  [0m] Started LSB: AppArmor initialization.
         Starting Update UTMP about System Boot/Shutdown...
[[0;32m  OK  [0m] Listening on Load/Save RF Kill Switch Status /dev/rfkill Watch.
[[0;32m  OK  [0m] Started Update UTMP about System Boot/Shutdown.
[[0;32m  OK  [0m] Found device 82540EM Gigabit Ethern...r (PRO/1000 MT Desktop Adapter).
[[0;32m  OK  [0m] Found device 82540EM Gigabit Ethern...r (PRO/1000 MT Desktop Adapter).
[    9.068483] cloud-init[484]: Cloud-init v. 18.2 running 'init-local' at Thu, 08 Nov 2018 19:49:32 +0000. Up 8.76 seconds.
[[0;32m  OK  [0m] Started Initial cloud-init job (pre-networking).
[[0;32m  OK  [0m] Reached target Network (Pre).
         Starting Raise network interfaces...
[[0;32m  OK  [0m] Started ifup for enp0s3.
[[0;32m  OK  [0m] Started ifup for enp0s8.
[[0;32m  OK  [0m] Started Set console font and keymap.
[[0;32m  OK  [0m] Created slice system-getty.slice.
[[0;32m  OK  [0m] Started Raise network interfaces.
         Starting Initial cloud-init job (metadata service crawler)...
[[0;32m  OK  [0m] Reached target Network.
[   10.246774] cloud-init[1086]: Cloud-init v. 18.2 running 'init' at Thu, 08 Nov 2018 19:49:33 +0000. Up 9.89 seconds.
[   10.257544] cloud-init[1086]: ci-info: ++++++++++++++++++++++++++++++++++++++Net device info++++++++++++++++++++++++++++++++++++++
[   10.259629] cloud-init[1086]: ci-info: +--------+------+-----------------------------+---------------+-------+-------------------+
[   10.261649] cloud-init[1086]: ci-info: | Device |  Up  |           Address           |      Mask     | Scope |     Hw-Address    |
[   10.263799] cloud-init[1086]: ci-info: +--------+------+-----------------------------+---------------+-------+-------------------+
[   10.265836] cloud-init[1086]: ci-info: | enp0s3 | True |          10.0.2.15          | 255.255.255.0 |   .   | 02:e4:ac:f5:39:a9 |
[   10.267826] cloud-init[1086]: ci-info: | enp0s3 | True |  fe80::e4:acff:fef5:39a9/64 |       .       |  link | 02:e4:ac:f5:39:a9 |
[   10.269863] cloud-init[1086]: ci-info: | enp0s8 | True |        192.168.56.111       | 255.255.255.0 |   .   | 08:00:27:f3:f3:37 |
[   10.271864] cloud-init[1086]: ci-info: | enp0s8 | True | fe80::a00:27ff:fef3:f337/64 |       .       |  link | 08:00:27:f3:f3:37 |
[   10.273865] cloud-init[1086]: ci-info: |   lo   | True |          127.0.0.1          |   255.0.0.0   |   .   |         .         |
[   10.277080] cloud-init[1086]: ci-info: |   lo   | True |           ::1/128           |       .       |  host |         .         |
[   10.279174] cloud-init[1086]: ci-info: +--------+------+-----------------------------+---------------+-------+-------------------+
[   10.281245] cloud-init[1086]: ci-info: ++++++++++++++++++++++++++++Route IPv4 info++++++++++++++++++++++++++++
[   10.283115] cloud-init[1086]: ci-info: +-------+--------------+----------+---------------+-----------+-------+
[   10.284949] cloud-init[1086]: ci-info: | Route | Destination  | Gateway  |    Genmask    | Interface | Flags |
[   10.287944] cloud-init[1086]: ci-info: +-------+--------------+----------+---------------+-----------+-------+
[   10.289870] cloud-init[1086]: ci-info: |   0   |   0.0.0.0    | 10.0.2.2 |    0.0.0.0    |   enp0s3  |   UG  |
[   10.291739] cloud-init[1086]: ci-info: |   1   |   10.0.2.0   | 0.0.0.0  | 255.255.255.0 |   enp0s3  |   U   |
[   10.293798] cloud-init[1086]: ci-info: |   2   | 192.168.56.0 | 0.0.0.0  | 255.255.255.0 |   enp0s8  |   U   |
[   10.295762] cloud-init[1086]: ci-info: +-------+--------------+----------+---------------+-----------+-------+
[[0;32m  OK  [0m] Started Initial cloud-init job (metadata service crawler).
[[0;32m  OK  [0m] Reached target System Initialization.
         Starting LXD - unix socket.
[[0;32m  OK  [0m] Started Clean PHP session files every 30 mins.
[[0;32m  OK  [0m] Started ACPI Events Check.
[[0;32m  OK  [0m] Reached target Paths.
[[0;32m  OK  [0m] Listening on UUID daemon activation socket.
[[0;32m  OK  [0m] Listening on D-Bus System Message Bus Socket.
[[0;32m  OK  [0m] Started Daily Cleanup of Temporary Directories.
[[0;32m  OK  [0m] Listening on ACPID Listen Socket.
[[0;32m  OK  [0m] Started Daily apt download activities.
[[0;32m  OK  [0m] Started Daily apt upgrade and clean activities.
[[0;32m  OK  [0m] Reached target Timers.
         Starting Socket activation for snappy daemon.
[[0;32m  OK  [0m] Reached target Network is Online.
         Starting iSCSI initiator daemon (iscsid)...
[[0;32m  OK  [0m] Reached target Cloud-config availability.
[[0;32m  OK  [0m] Listening on LXD - unix socket.
[[0;32m  OK  [0m] Listening on Socket activation for snappy daemon.
[[0;32m  OK  [0m] Started iSCSI initiator daemon (iscsid).
         Starting Login to default iSCSI targets...
[[0;32m  OK  [0m] Reached target Sockets.
[[0;32m  OK  [0m] Reached target Basic System.
[[0;32m  OK  [0m] Started Regular background program processing daemon.
[[0;32m  OK  [0m] Started D-Bus System Message Bus.
         Starting System Logging Service...
         Starting Accounts Service...
         Starting /etc/rc.local Compatibility...
         Starting LSB: Record successful boot for GRUB...
         Starting The PHP 7.1 FastCGI Process Manager...
         Starting OpenBSD Secure Shell server...
         Starting Login Service...
         Starting vboxadd.service...
[[0;32m  OK  [0m] Started FUSE filesystem for LXC.
         Starting MySQL Community Server...
[[0;32m  OK  [0m] Started Deferred execution scheduler.
         Starting Clean php session files...
         Starting Apply the settings specified in cloud-config...
[[0;32m  OK  [0m] Started ACPI event daemon.
         Starting LSB: MD monitoring daemon...
[[0;32m  OK  [0m] Started Unattended Upgrades Shutdown.
         Starting Snappy daemon...
         Starting LXD - container startup/shutdown...
[[0;32m  OK  [0m] Started System Logging Service.
[[0;32m  OK  [0m] Started /etc/rc.local Compatibility.
[[0;32m  OK  [0m] Started OpenBSD Secure Shell server.
[[0;32m  OK  [0m] Started Login to default iSCSI targets.
[[0;32m  OK  [0m] Started LSB: Record successful boot for GRUB.
[[0;32m  OK  [0m] Started vboxadd.service.
[[0;32m  OK  [0m] Started LSB: MD monitoring daemon.
[[0;32m  OK  [0m] Started LXD - container startup/shutdown.
[[0;32m  OK  [0m] Started Login Service.
         Starting Authenticate and Authorize Users to Run Privileged Tasks...
         Starting vboxadd-service.service...
[[0;32m  OK  [0m] Reached target Remote File Systems (Pre).
[[0;32m  OK  [0m] Reached target Remote File Systems.
         Starting LSB: daemon to balance interrupts for SMP systems...
         Starting LSB: automatic crash report generation...
         Starting Permit User Sessions...
         Starting LSB: Set the CPU Frequency Scaling governor to "ondemand"...
[[0;32m  OK  [0m] Started Snappy daemon.
[[0;32m  OK  [0m] Started Permit User Sessions.
[[0;32m  OK  [0m] Started Authenticate and Authorize Users to Run Privileged Tasks.
[[0;1;31mFAILED[0m] Failed to start vboxadd-service.service.
See 'systemctl status vboxadd-service.service' for details.
[[0;32m  OK  [0m] Started Accounts Service.
[[0;32m  OK  [0m] Started LSB: Set the CPU Frequency Scaling governor to "ondemand".
         Starting Hold until boot process finishes up...
         Starting Terminate Plymouth Boot Screen...
         Starting Wait until snapd is fully seeded...
[[0;32m  OK  [0m] Started Hold until boot process finishes up.
[[0;32m  OK  [0m] Started Terminate Plymouth Boot Screen.
         Starting Set console scheme...
[[0;32m  OK  [0m] Started Serial Getty on ttyS0.
[[0;32m  OK  [0m] Started Getty on tty1.
[[0;32m  OK  [0m] Reached target Login Prompts.
[[0;32m  OK  [0m] Started Set console scheme.
[[0;32m  OK  [0m] Started LSB: daemon to balance interrupts for SMP systems.
[[0;32m  OK  [0m] Started LSB: automatic crash report generation.
[[0;32m  OK  [0m] Started Wait until snapd is fully seeded.
[[0;32m  OK  [0m] Started The PHP 7.1 FastCGI Process Manager.
[[0;32m  OK  [0m] Started Clean php session files.
[   11.564977] cloud-init[1196]: Cloud-init v. 18.2 running 'modules:config' at Thu, 08 Nov 2018 19:49:34 +0000. Up 11.36 seconds.
[[0;32m  OK  [0m] Started Apply the settings specified in cloud-config.
[[0;32m  OK  [0m] Created slice User Slice of vagrant.
         Starting User Manager for UID 1000...
[[0;32m  OK  [0m] Started Session 1 of user vagrant.
[[0;32m  OK  [0m] Started User Manager for UID 1000.
[[0;32m  OK  [0m] Started MySQL Community Server.
[[0;32m  OK  [0m] Reached target Multi-User System.
         Starting Execute cloud user/final scripts...
[[0;32m  OK  [0m] Reached target Graphical Interface.
         Starting Update UTMP about System Runlevel Changes...
[[0;32m  OK  [0m] Started Update UTMP about System Runlevel Changes.
[   13.227608] cloud-init[1506]: Cloud-init v. 18.2 running 'modules:final' at Thu, 08 Nov 2018 19:49:36 +0000. Up 13.08 seconds.
[   13.253259] cloud-init[1506]: Cloud-init v. 18.2 finished at Thu, 08 Nov 2018 19:49:36 +0000. Datasource DataSourceNoCloud [seed=/dev/sdb][dsmode=net].  Up 13.22 seconds
[[0;32m  OK  [0m] Started Execute cloud user/final scripts.
[[0;32m  OK  [0m] Reached target Cloud-init target.

Ubuntu 16.04.4 LTS yiishop ttyS0

yiishop login: 