[    0.000000] Initializing cgroup subsys cpuset
[    0.000000] Initializing cgroup subsys cpu
[    0.000000] Initializing cgroup subsys cpuacct
[    0.000000] Linux version 4.4.0-141-generic (buildd@lcy01-amd64-006) (gcc version 5.4.0 20160609 (Ubuntu 5.4.0-6ubuntu1~16.04.10) ) #167-Ubuntu SMP Wed Dec 5 10:40:15 UTC 2018 (Ubuntu 4.4.0-141.167-generic 4.4.162)
[    0.000000] Command line: BOOT_IMAGE=/boot/vmlinuz-4.4.0-141-generic root=UUID=94cf6dec-b559-40f4-9677-8490a116614b ro console=tty1 console=ttyS0
[    0.000000] KERNEL supported cpus:
[    0.000000]   Intel GenuineIntel
[    0.000000]   AMD AuthenticAMD
[    0.000000]   Centaur CentaurHauls
[    0.000000] x86/fpu: xstate_offset[2]:  576, xstate_sizes[2]:  256
[    0.000000] x86/fpu: Supporting XSAVE feature 0x01: 'x87 floating point registers'
[    0.000000] x86/fpu: Supporting XSAVE feature 0x02: 'SSE registers'
[    0.000000] x86/fpu: Supporting XSAVE feature 0x04: 'AVX registers'
[    0.000000] x86/fpu: Enabled xstate features 0x7, context size is 832 bytes, using 'standard' format.
[    0.000000] e820: BIOS-provided physical RAM map:
[    0.000000] BIOS-e820: [mem 0x0000000000000000-0x000000000009fbff] usable
[    0.000000] BIOS-e820: [mem 0x000000000009fc00-0x000000000009ffff] reserved
[    0.000000] BIOS-e820: [mem 0x00000000000f0000-0x00000000000fffff] reserved
[    0.000000] BIOS-e820: [mem 0x0000000000100000-0x000000007ffeffff] usable
[    0.000000] BIOS-e820: [mem 0x000000007fff0000-0x000000007fffffff] ACPI data
[    0.000000] BIOS-e820: [mem 0x00000000fec00000-0x00000000fec00fff] reserved
[    0.000000] BIOS-e820: [mem 0x00000000fee00000-0x00000000fee00fff] reserved
[    0.000000] BIOS-e820: [mem 0x00000000fffc0000-0x00000000ffffffff] reserved
[    0.000000] NX (Execute Disable) protection: active
[    0.000000] SMBIOS 2.5 present.
[    0.000000] Hypervisor detected: KVM
[    0.000000] e820: last_pfn = 0x7fff0 max_arch_pfn = 0x400000000
[    0.000000] MTRR: Disabled
[    0.000000] x86/PAT: MTRRs disabled, skipping PAT initialization too.
[    0.000000] CPU MTRRs all blank - virtualized system.
[    0.000000] x86/PAT: Configuration [0-7]: WB  WT  UC- UC  WB  WT  UC- UC  
[    0.000000] found SMP MP-table at [mem 0x0009fff0-0x0009ffff] mapped at [ffff88000009fff0]
[    0.000000] Scanning 1 areas for low memory corruption
[    0.000000] RAMDISK: [mem 0x361ec000-0x370edfff]
[    0.000000] ACPI: Early table checksum verification disabled
[    0.000000] ACPI: RSDP 0x00000000000E0000 000024 (v02 VBOX  )
[    0.000000] ACPI: XSDT 0x000000007FFF0030 00003C (v01 VBOX   VBOXXSDT 00000001 ASL  00000061)
[    0.000000] ACPI: FACP 0x000000007FFF00F0 0000F4 (v04 VBOX   VBOXFACP 00000001 ASL  00000061)
[    0.000000] ACPI: DSDT 0x000000007FFF0470 0021FF (v02 VBOX   VBOXBIOS 00000002 INTL 20180105)
[    0.000000] ACPI: FACS 0x000000007FFF0200 000040
[    0.000000] ACPI: FACS 0x000000007FFF0200 000040
[    0.000000] ACPI: APIC 0x000000007FFF0240 00005C (v02 VBOX   VBOXAPIC 00000001 ASL  00000061)
[    0.000000] ACPI: SSDT 0x000000007FFF02A0 0001CC (v01 VBOX   VBOXCPUT 00000002 INTL 20180105)
[    0.000000] No NUMA configuration found
[    0.000000] Faking a node at [mem 0x0000000000000000-0x000000007ffeffff]
[    0.000000] NODE_DATA(0) allocated [mem 0x7ffeb000-0x7ffeffff]
[    0.000000] kvm-clock: Using msrs 4b564d01 and 4b564d00
[    0.000000] kvm-clock: cpu 0, msr 0:7ffe3001, primary cpu clock
[    0.000000] kvm-clock: using sched offset of 3621909676 cycles
[    0.000000] clocksource: kvm-clock: mask: 0xffffffffffffffff max_cycles: 0x1cd42e4dffb, max_idle_ns: 881590591483 ns
[    0.000000] Zone ranges:
[    0.000000]   DMA      [mem 0x0000000000001000-0x0000000000ffffff]
[    0.000000]   DMA32    [mem 0x0000000001000000-0x000000007ffeffff]
[    0.000000]   Normal   empty
[    0.000000]   Device   empty
[    0.000000] Movable zone start for each node
[    0.000000] Early memory node ranges
[    0.000000]   node   0: [mem 0x0000000000001000-0x000000000009efff]
[    0.000000]   node   0: [mem 0x0000000000100000-0x000000007ffeffff]
[    0.000000] Initmem setup node 0 [mem 0x0000000000001000-0x000000007ffeffff]
[    0.000000] ACPI: PM-Timer IO Port: 0x4008
[    0.000000] IOAPIC[0]: apic_id 2, version 32, address 0xfec00000, GSI 0-23
[    0.000000] ACPI: INT_SRC_OVR (bus 0 bus_irq 0 global_irq 2 dfl dfl)
[    0.000000] ACPI: INT_SRC_OVR (bus 0 bus_irq 9 global_irq 9 low level)
[    0.000000] Using ACPI (MADT) for SMP configuratin information
[    0.000000] smpboot: Allowing 2 CPUs, 0 hotplug CPUs
[    0.000000] PM: Registered nosave memory: [mem 0x00000000-0x00000fff]
[    0.000000] PM: Registered nosave memory: [mem 0x0009f000-0x0009ffff]
[    0.000000] PM: Registered nosave memory: [mem 0x000a0000-0x000effff]
[    0.000000] PM: Registered nosave memory: [mem 0x000f0000-0x000fffff]
[    0.000000] e820: [mem 0x80000000-0xfebfffff] available for PCI devices
[    0.000000] Booting paravirtualized kernel on KVM
[    0.000000] clocksource: refined-jiffies: mask: 0xffffffff max_cycles: 0xffffffff, max_idle_ns: 7645519600211568 ns
[    0.000000] setup_percpu: NR_CPUS:512 nr_cpumask_bits:512 nr_cpu_ids:2 nr_node_ids:1
[    0.000000] PERCPU: Embedded 34 pages/cpu @ffff88007fc00000 s99608 r8192 d31464 u1048576
[    0.000000] PV qspinlock hash table entries: 256 (order: 0, 4096 bytes)
[    0.000000] Built 1 zonelists in Node order, mobility grouping on.  Total pages: 515960
[    0.000000] Policy zone: DMA32
[    0.000000] Kernel command line: BOOT_IMAGE=/boot/vmlinuz-4.4.0-141-generic root=UUID=94cf6dec-b559-40f4-9677-8490a116614b ro console=tty1 console=ttyS0
[    0.000000] PID hash table entries: 4096 (order: 3, 32768 bytes)
[    0.000000] Memory: 2029328K/2096696K available (8568K kernel code, 1314K rwdata, 4008K rodata, 1528K init, 1316K bss, 67368K reserved, 0K cma-reserved)
[    0.000000] SLUB: HWalign=64, Order=0-3, MinObjects=0, CPUs=2, Nodes=1
[    0.000000] Kernel/User page tables isolation: enabled
[    0.000000] Hierarchical RCU implementation.
[    0.000000] 	Build-time adjustment of leaf fanout to 64.
[    0.000000] 	RCU restricting CPUs from NR_CPUS=512 to nr_cpu_ids=2.
[    0.000000] RCU: Adjusting geometry for rcu_fanout_leaf=64, nr_cpu_ids=2
[    0.000000] NR_IRQS:33024 nr_irqs:440 16
[    0.000000] Console: colour VGA+ 80x25
[    0.000000] console [tty1] enabled
[    .000000] console [ttyS0] enabled
[    0.000000] tsc: Detected 2303.998 MHz processor
[    0.234010] Calibrating delay loop (skipped) preset value.. 4607.99 BogoMIPS (lpj=9215992)
[    0.235804] pid_max: default: 32768 minimum: 301
[    0.236770] ACPI: Core revision 20150930
[    0.238829] ACPI: 2 ACPI AML tables successfully acquired and loaded
[    0.240209] Security Framework initialized
[    0.241095] Yama: becoming mindful.
[    0.241932] AppArmor: AppArmor initialized
[    0.243710] Dentry cache hash table entries: 262144 (order: 9, 2097152 bytes)
[    0.245447] Inode-cache hash table entries: 131072 (order: 8, 1048576 bytes)
[    0.247460] Mount-cache hash table entries: 4096 (order: 3, 32768 bytes)
[    0.248744] Mountpoint-cache hash table entries: 4096 (order: 3, 32768 bytes)
[    0.250263] Initializing cgroup subsys io
[    0.251158] Initializing cgroup subsys memory
[    0.252081] Initializing cgroup subsys devices
[    0.253014] Initializing cgroup subsys freezer
[    0.253976] Initializing cgroup subsys net_cls
[   0.255023] Initializing cgroup subsys perf_event
[    0.295704] Initializing cgroup subsys net_prio
[    0.302128] Initializing cgroup subsys hugetlb
[    0.303071] Initializing cgroup subsys pids
[    0.305413] mce: CPU supports 0 MCE banks
[    0.313822] Last level iTLB entries: 4KB 64, 2MB 8, 4MB 8
[    0.314898] Last level dTLB entries: 4KB 64, 2MB 0, 4MB 0, 1GB 4
[    0.316166] Spectre V2 : Mitigation: Full generic retpoline
[    0.317278] Spectre V2 : Spectre v2 mitigation: Speculation control IBPB not-supported IBRS not-supported
[    0.318955] Spectre V2 : Spectre v2 / SpectreRSB mitigation: Filling RSB on context switch
[    0.321008] Speculative Store Bypass: Vulnerable
[    0.325054] Freeing SMP alternatives memory: 32K
[    0.335771] ftrace: allocating 32291 entries in 127 pages
[    0.401817] smpboot: APIC(0) Converting physical 0 to logical package 0
[    0.450410] smpboot: Max logical packages: 1
[    0.451708] x2apic enabled
[    0.458000] Switched APIC routing to physical x2apic.
[    0.460379] ..TIMER: vector=0x30 apic1=0 pin1=2 apic2=-1 pin2=-1
[    0.569134] smpboot: CPU0: Intel(R) Core(TM) i3-6100U CPU @ 2.30GHz (family: 0x6, model: 0x4e, stepping: 0x3)
[    0.596311] Performance Events: unsupported p6 CPU model 78 no PMU driver, software events only.
[    0.598298] KVM setup paravirtual spinlock
[    0.600604] x86: Booting SMP configuration:
[    0.601606] .... node  #0, CPUs:      #1
[    0.602587] kvm-clock: cpu 1, msr 0:7ffe3041, secondary cpu clock
[    0.604857] mce: CPU supports 0 MCE banks
[    0.607529] x86: Booted up 1 node, 2 CPUs
[    0.610238] smpboot: Total of 2 processors activated (9215.99 BogoMIPS)
[    0.611910] devtmpfs: initialized
[    0.614988] evm: security.selinux
[    0.616854] evm: security.SMACK64
[    0.617723] evm: security.SMACK64EXEC
[    0.618565] evm: security.SMACK64TRANSMUTE
[    0.619469] evm: security.SMACK64MMAP
[    0.620315] evm: security.ima
[    0.621058] evm: security.capability
[    0.622119] clocksource: jiffies: mask: 0xffffffff max_cycles: 0xffffffff, max_idle_ns: 7645041785100000 ns
[    0.624100] futex hash table entries: 512 (order: 3, 32768 bytes)
[    0.627609] pinctrl core: initialized pinctrl subsystem
[    0.629088] RTC time: 20:52:21, date: 02/01/19
[    0.630486] NET: Registered protocol family 16
[    0.641420] cpuidle: using governor ladder
[    0.653698] cpuidle: using governor menu
[    0.654725] PCCT header not found.
[    0.661011] ACPI: bus type PCI registered
[    0.662041] acpiphp: ACPI Hot Plug PCI Controller Driver version: 0.5
[    0.663668] PCI: Using configuration type 1 for base access
[    0.678330] ACPI: Added _OSI(Module Device)
[    0.679415] ACPI: Added _OSI(Processor Device)
[    0.680516] ACPI: Added _OSI(3.0 _SCP Extensions)
[    0.681678] ACPI: Added _OSI(Processor Aggregator Device)
[    0.683760] ACPI: Executed 1 blocks of module-level executable AML code
[    0.687963] ACPI: Interpreter enabled
[    0.688943] ACPI: (supports S0 S5)
[    0.689877] ACPI: Using IOAPIC for interrupt routing
[    0.691251] PCI: Using host bridge windows from ACPI; if necessary, use "pci=nocrs" and report a bug
[    0.697610] ACPI: PCI Root Bridge [PCI0] (domain 0000 [bus 00-ff])
[    0.699036] acpi PNP0A03:00: _OSC: OS supports [ASPM ClockPM Segments MSI]
[    0.700587] acpi PNP0A03:00: _OSC: not requesting OS control; OS requires [ExtendedConfig ASPM ClockPM MSI]
[    0.702901] acpi PNP0A03:00: fail to add MMCONFIG information, can't access extended PCI configuration space under this bridge.
[    0.705792] PCI host bridge to bus 0000:00
[    0.712180] pci_bus 0000:00: root bus resource [io  0x0000-0x0cf7 window]
[    0.713698] pci_bus 0000:00: root bus resource [io  0x0d00-0xffff window]
[    0.715247] pci_bus 0000:00: root bus resource [mem 0x000a0000-0x000bffff window]
[    0.717115] pci_bus 0000:00: root bus resource [mem 0x80000000-0xfdffffff window]
[    0.719021] pci_bus 0000:00: root bus resource [bus 00-ff]
[    0.722129] pci 0000:00:01.1: legacy IDE quirk: reg 0x10: [io  0x01f0-0x01f7]
[    0.723463] pci 0000:00:01.1: legacy IDE quirk: reg 0x14: [io  0x03f6]
[    0.724709] pci 0000:00:01.1: legacy IDE quirk: reg 0x18: [io  0x0170-0x0177]
[    0.726058] pci 0000:00:01.1: legacy IDE quirk: reg 0x1c: [io  0x0376]
[    0.773712] pci 0000:00:07.0: quirk: [io  0x4000-0x403f] claimed by PIIX4 ACPI
[    0.785227] pci 0000:00:07.0: quirk: [io  0x4100-0x410f] claimed by PIIX4 SMB
[    0.801754] ACPI: PCI Interrupt Link [LNKA] (IRQs 5 9 10 *11)
[    0.928771] ACPI: PCI Interrupt Link [LNKB] (IRQs 5 9 *10 11)
[    0.931792] ACPI: PCI Interrupt Link [LNKC] (IRQs 5 *9 10 11)
[    0.933693] ACPI: PCI Interrupt Link [LNKD] (IRQs 5 9 10 *11)
[    0.935665] ACPI: Enabled 2 GPEs in block 00 to 07
[    0.937382] vgaarb: setting as boot device: PCI:0000:00:02.0
[    0.953665] vgaarb: device added: PCI:0000:00:02.0,decodes=io+mem,owns=io+mem,locks=none
[    0.967399] vgaarb: loaded
[    0.968206] vgaarb: bridge control possible 0000:00:02.0
[    0.986749] SCSI subsystem initialized
[    0.987765] ACPI: bus type USB registered
[    0.988702] usbcore: registered new interface driver usbfs
[    0.989852] usbcore: registered new interface driver hub
[    0.991156] usbcore: registered new device driver usb
[    0.998051] PCI: Using ACPI for IRQ routing
[    0.999455] NetLabel: Initializing
[    1.000375] NetLabel:  domain hash size = 128
[    1.002926] NetLabel:  protocols = UNLABELED CIPSOv4
[    1.004211] NetLabel:  unlabeled traffic allowed by default
[    1.006961] amd_nb: Cannot enumerate AMD northbridges
[    1.033760] clocksource: Switched to clocksource kvm-clock
[    1.052285] AppArmor: AppArmor Filesystem Enabled
[    1.065700] pnp: PnP ACPI init
[    1.067400] pnp: PnP ACPI: found 3 devices
[  1.079239] clocksource: acpi_pm: mask: 0xffffff max_cycles: 0xffffff, max_idle_ns: 2085701024 ns
[    1.136582] NET: Registered protocol family 2

[    1.137889] TCP established hash table entries: 16384 (order: 5, 131072 bytes)
[    1.139768] TCP bind hash table entries: 16384 (order: 6, 262144 bytes)
[    1.141377] TCP: Hash tables configured (established 16384 bind 16384)
[    1.148238] UDP hash table entries: 1024 (order: 3, 32768 bytes)
[  1.95] P-Lite hash table entries: 1024 (order: 3, 32768 bytes)
[    1.375988] NET: Registered protocol family 1
[    1.377077] pci 0000:00:00.0: Limiting direct PCI/PCI transfers
[    1.378481] pci 0000:00:01.0: Activating ISA A hang workarounds
[    1.450440] Unpacking initramfs...
[    1.756270] Freeing initrd memory: 15368K
[    1.759233] platform rtc_cmos: registered platform RTC device (no PNP device found)
[    1.826466] Scanning for low memory corruption every 60 seconds
[    1.834462] audit: initializing netlink subsys (disabled)
[    1.835673] audit: type=2000 audit(1549054347.279:1): initialized
[    1.837392] Initialise system trusted keyring
[    1.838740] HugeTLB registered 2 MB page size, pre-allocated 0 pages
[    1.841982] zbud: loaded
[    1.843337] VFS: Disk quotas dquot_6.6.0
[    1.905320] VFS: Dquot-cache hash table entries: 512 (order 0, 4096 bytes)
[    1.967045] squashfs: version 4.0 (2009/01/31) Phillip Lougher
[    1.968582] fuse init (API version 7.23)
[    1.969632] Key type big_key registered
[    1.970581] Allocating IMA MOK and blacklist keyrings.
[    1.972714] Key type asymmetric registered
[    1.973646] Asymmetric key parser 'x509' registered
[    1.974806] Block layer SCSI generic (bsg) driver version 0.4 loaded (major 249)
[    1.976517] io scheduler noop registered
[    1.977397] io scheduler deadline registered (default)
[    1.978550] io scheduler cfq registered
[    1.979549] pci_hotplug: PCI Hot Plug PCI Core version: 0.5
[    1.980710] pciehp: PCI Express Hot Plug Controller Driver version: 0.4
[    1.982188] ACPI: AC Adapter [AC] (on-line)
[    1.983188] input: Power Button as /devices/LNXSYSTM:00/LNXPWRBN:00/input/input0
[    1.984824] ACPI: Power Button [PWRF]
[    1.985774] input: Sleep Button as /devices/LNXSYSTM:00/LNXSLPBN:00/input/input1
[    2.086449] ACPI: Sleep Button [SLPF]
[    2.094557] GHES: HEST is not enabled!
[    2.102016] ACPI: Battery Slot [BAT0] (battery present)
[    2.155566] Serial: 8250/16550 driver, 32 ports, IRQ sharing enabled
[    2.179057] 00:02: ttyS0 at I/O 0x3f8 (irq = 4, base_baud = 115200) is a 16550A
[    2.187884] Linux agpgart interface v0.103
[    2.191169] loop: module loaded
[    2.192817] scsi host0: ata_piix
[    2.193947] scsi host1: ata_piix
[    2.194853] ata1: PATA max UDMA/33 cmd 0x1f0 ctl 0x3f6 bmdma 0xd000 irq 14
[    2.196348] ata2: PATA max UDMA/33 cmd 0x170 ctl 0x376 bmdma 0xd008 irq 15
[    2.197976] libphy: Fixed MDIO Bus: probed
[    2.210327] tun: Universal TUN/TAP device driver, 1.6
[    2.211556] tun: (C) 1999-2004 Max Krasnyansky <maxk@qualcomm.com>
[    2.213007] PPP generic driver version 2.4.2
[    2.214144] ehci_hcd: USB 2.0 'Enhanced' Host Controller (EHCI) Driver
[    2.215622] ehci-pci: EHCI PCI platform driver
[    2.245738] ehci-platform: EHCI generic platform driver
[    2.247054] ohci_hcd: USB 1.1 'Open' Host Controller (OHCI) Driver
[    2.248450] ohci-pci: OHCI PCI platform driver
[    2.249533] ohci-platform: OHCI generic platform driver
[    2.250787] uhci_hcd: USB Universal Host Controller Interface driver
[    2.315448] i8042: PNP: PS/2 Controller [PNP0303:PS2K,PNP0f03:PS2M] at 0x60,0x64 irq 1,12
[    2.317982] serio: i8042 KBD port at 0x60,0x64 irq 1
[    2.319307] serio: i8042 AUX port at 0x60,0x64 irq 12
[    2.365600] mousedev: PS/2 mouse device common for all mice
[    2.367425] rtc_cmos rtc_cmos: rtc core: registered rtc_cmos as rtc0
[    2.368968] rtc_cmos rtc_cmos: alarms up to one day, 114 bytes nvram
[    2.370491] i2c /dev entries driver
[    2.371565] input: AT Translated Set 2 keyboard as /devices/platform/i8042/serio0/input/input2
[    2.380721] device-mapper: uevent: version 1.0.3
[    2.406608] device-mapper: ioctl: 4.34.0-ioctl (2015-10-28) initialised: dm-devel@redhat.com
[    2.406639] ledtrig-cpu: registered to indicate activity on CPUs
[    2.406979] NET: Registered protocol family 10
[    2.407145] NET: Registered protocol family 17
[    2.407168] Key type dns_resolver registered
[    2.407430] registered taskstats version 1
[    2.407446] Loading compiled-in X.509 certificates
[    2.408180] Loaded X.509 cert 'Build time autogenerated kernel key: 7c9fb337b82e5a343493fe891c556beae1895c7c'
[    2.408201] zswap: loaded using pool lzo/zbud
[    2.410010] Key type trusted registered
[    2.413370] Key type encrypted registered
[    2.413379] AppArmor: AppArmor sha1 policy hashing enabled
[    2.413387] ima: No TPM chip found, activating TPM-bypass!
[    2.413402] ima: Allocated hash algorithm: sha1
[    2.413419] evm: HMAC attrs: 0x1
[    2.413748]   Magic number: 7:510:901
[    2.413765] clocksource clocksource0: hash matches
[    2.413778] acpi PNP0501:01: hash matches
[    2.422055] rtc_cmos rtc_cmos: setting system clock to 2019-02-01 20:52:23 UTC (1549054343)
[    2.422171] BIOS EDD facility v0.16 2004-Jun-25, 0 devices found
[    2.422172] EDD information not available.
[    2.542772] Freeing unused kernel memory: 1528K
[    2.758049] tsc: Refined TSC clocksource calibration: 2304.991 MHz
[    2.797243] clocksource: tsc: mask: 0xffffffffffffffff max_cycles: 0x21399fed383, max_idle_ns: 440795222968 ns
[    2.797785] Write protecting the kernel read-only data: 14336k
[    2.802306] Freeing unused kernel memory: 1660K
[    2.803807] Freeing unused kernel memory: 88K
Loading, please wait...
starting version 229
[    2.821809] random: systemd-udevd: uninitialized urandom read (16 bytes read, 3 bits of entropy available)
[    2.822361] random: udevadm: uninitialized urandom read (16 bytes read, 3 bits of entropy available)
[    2.822383] random: udevadm: uninitialized urandom read (16 bytes read, 3 bits of entropy available)
[    2.831708] random: udevadm: uninitialized urandom read (16 bytes read, 3 bits of entropy available)
[    2.831757] random: udevadm: uninitialized urandom read (16 bytes read, 3 bits of entropy available)
[    2.831912] random: udevadm: uninitialized urandom read (16 bytes read, 3 bits of entropy available)
[    2.831968] random: udevadm: uninitialized urandom read (16 bytes read, 3 bits of entropy available)
[    2.832051] random: udevadm: uninitialized urandom read (16 bytes read, 3 bits of entropy available)
[    2.832112] random: udevadm: uninitialized urandom read (16 bytes read, 3 bits of entropy available)
[    2.832179] random: udevadm: uninitialized urandom read (16 bytes read, 3 bits of entropy available)
[    2.899085] e1000: Intel(R) PRO/1000 Network Driver - version 7.3.21-k8-NAPI
[    2.909765] e1000: Copyright (c) 1999-2006 Intel Corporation.
[    2.919379] Fusion MPT base driver 3.04.20
[    2.926791] Copyright (c) 1999-2008 LSI Corporation
[    2.944259] AVX2 version of gcm_enc/dec engaged.
[    2.946482] AES CTR mode by8 optimization enabled
[    2.947645] Fusion MPT SPI Host driver 3.04.20
[    2.951836] mptbase: ioc0: Initiating bringup
[    3.014757] ioc0: LSI53C1030 A0: Capabilities={Initiator}
[    3.143225] input: ImExPS/2 Generic Explorer Mouse as /devices/platform/i8042/serio1/input/input4
[    3.456978] scsi host2: ioc0: LSI53C1030 A0, FwRev=00000000h, Ports=1, MaxQ=256, IRQ=20
[    3.891267] scsi 2:0:0:0: Direct-Access     VBOX     HARDDISK         1.0  PQ: 0 ANSI: 5
[    3.912485] scsi target2:0:0: Beginning Domain Validation
[    3.919714] scsi target2:0:0: Domain Validation skipping write tests
[    3.933420] scsi target2:0:0: Ending Domain Validation
[    3.937014] scsi target2:0:0: asynchronous
[    3.941730] scsi 2:0:1:0: Direct-Access     VBOX     HARDDISK         1.0  PQ: 0 ANSI: 5
[    3.972086] scsi target2:0:1: Beginning Domain Validation
[    3.988325] scsi target2:0:1: Domain Validation skipping write tests
[    3.996485] scsi target2:0:1: Ending Domain Validation
[    4.018963] scsi target2:0:1: asynchronous
[    4.029978] sd 2:0:0:0: Attached scsi generic sg0 type 0
[    4.031685] sd 2:0:0:0: [sda] 20971520 512-byte logical blocks: (10.7 GB/10.0 GiB)
[    4.040305] sd 2:0:1:0: [sdb] 20480 512-byte logical blocks: (10.5 MB/10.0 MiB)
[    4.042261] sd 2:0:1:0: Attached scsi generic sg1 type 0
[    4.048928] sd 2:0:1:0: [sdb] Write Protect is off
[    4.050119] sd 2:0:1:0: [sdb] Incomplete mode parameter data
[    4.051326] sd 2:0:1:0: [sdb] Assuming drive cache: write through
[    4.052599] sd 2:0:0:0: [sda] Write Protect is off
[    4.054127] sd 2:0:0:0: [sda] Incomplete mode parameter data
[    4.055629] sd 2:0:0:0: [sda] Assuming drive cache: write through
[    4.058692] sd 2:0:1:0: [sdb] Attached SCSI disk
[    4.060047]  sda: sda1
[    4.061531] sd 2:0:0:0: [sda] Attached SCSI disk
[    4.298460] e1000 0000:00:03.0 eth0: (PCI:33MHz:32-bit) 02:e4:ac:f5:39:a9
[    4.326569] e1000 0000:00:03.0 eth0: Intel(R) PRO/1000 Network Connection
[    4.686240] e1000 0000:00:08.0 eth1: (PCI:33MHz:32-bit) 08:00:27:f3:f3:37
[    4.694389] e1000 0000:00:08.0 eth1: Intel(R) PRO/1000 Network Connection
[    4.696793] e1000 0000:00:08.0 enp0s8: renamed from eth1
[    4.710197] e1000 0000:00:03.0 enp0s3: renamed from eth0
Begin: Loading e[    6.130814] md: linear personality registered for level -1
ssential drivers ... [    6.267150] md: multipath personality registered for level -4
[    6.288714] md: raid0 personality registered for level 0
[    6.299929] md: raid1 personality registered for level 1
[    6.369961] raid6: sse2x1   gen()  7796 MB/s
[    6.441795] raid6: sse2x1   xor()  5836 MB/s
[    6.509788] raid6: sse2x2   gen()  9545 MB/s
[    6.577819] raid6: sse2x2   xor()  5109 MB/s
[    6.649783] raid6: sse2x4   gen()  9571 MB/s
[    6.741784] raid6: sse2x4   xor()  7416 MB/s
[    6.817820] raid6: avx2x1   gen() 13872 MB/s
[    6.889832] raid6: avx2x2   gen() 17588 MB/s
[    6.961823] raid6: avx2x4   gen() 19768 MB/s
[    7.003240] raid6: using algorithm avx2x4 gen() 19768 MB/s
[    7.004346] raid6: using avx2x2 recovery algorithm
[    7.006941] xor: automatically using best checksumming function:
[    7.064767]    avx       : 42941.000 MB/sec
[    7.067581] async_tx: api initialized (async)
[    7.084807] md: raid6 personality registered for level 6
[    7.101997] md: raid5 personality registered for level 5
[    7.103081] md: raid4 personality registered for level 4
[    7.111468] md: raid10 personality registered for level 10
done.
Begin: Running /scripts/init-premount ... done.
Begin: Mounting root file system ... Begi[    7.148362] Btrfs loaded
n: Running /scripts/local-top ... done.
Begin: Running /scripts/local-premount ... Scanning for Btrfs filesystems
done.
Warning: fsck no[    7.198601] EXT4-fs (sda1): INFO: recovery required on readonly filesystem
t present, so skipping root file system
[    7.240750] EXT4-fs (sda1): write access will be enabled during recovery
[    7.439426] EXT4-fs (sda1): orphan cleanup on readonly fs
[    7.456046] EXT4-fs (sda1): 48 orphan inodes deleted
[    7.457154] EXT4-fs (sda1): recovery complete
[    7.459072] EXT4-fs (sda1): mounted filesystem with ordered data mode. Opts: (null)
done.
Begin: Running /scripts/local-bottom ... done.
Begin: Running /scripts/init-bottom ... done.
[    7.613435] systemd[1]: systemd 229 running in system mode. (+PAM +AUDIT +SELINUX +IMA +APPARMOR +SMACK +SYSVINIT +UTMP +LIBCRYPTSETUP +GCRYPT +GNUTLS +ACL +XZ -LZ4 +SECCOMP +BLKID +ELFUTILS +KMOD -IDN)
[    7.617062] systemd[1]: Detected virtualization oracle.
[    7.618144] systemd[1]: Detected architecture x86-64.

Welcome to [1mUbuntu 16.04.4 LTS[0m!

[    7.661210] systemd[1]: Set hostname to <yiishop>.
[    7.893363] systemd[1]: Reached target Swap.
[[0;32m  OK  [0m] Reached target Swap.
[    8.131834] systemd[1]: Set up automount Arbitrary Executable File Formats File System Automount Point.
[[0;32m  OK  [0m] Set up automount Arbitrary Executab...ats File System Automount Point.
[    8.135485] systemd[1]: Listening on LVM2 poll daemon socket.
[[0;32m  OK  [0m] Listening on LVM2 poll daemon socket.
[    8.138198] systemd[1]: Created slice User and Session Slice.
[[0;32m  OK  [0m] Created slice User and Session Slice.
[    8.140814] systemd[1]: Listening on Journal Socket (/dev/log).
[[0;32m  OK  [0m] Listening on Journal Socket (/dev/log).
[    8.187070] systemd[1]: Listening on udev Kernel Socket.
[[0;32m  OK  [0m] Listening on udev Kernel Socket.
[    8.216468] systemd[1]: Listening on Journal Socket.
[[0;32m  OK  [0m] Listening on Journal Socket.
[    8.218512] systemd[1]: Listening on Syslog Socket.
[[0;32m  OK  [0m] Listening on Syslog Socket.
[    8.220506] systemd[1]: Reached target Encrypted Volumes.
[[0;32m  OK  [0m] Reached target Encrypted Volumes.
[    8.222769] systemd[1]: Listening on Journal Audit Socket.
[[0;32m  OK  [0m] Listening on Journal Audit Socket.
[    8.224939] systemd[1]: Listening on /dev/initctl Compatibility Named Pipe.
[[0;32m  OK  [0m] Listening on /dev/initctl Compatibility Named Pipe.
[    8.227684] systemd[1]: Reached target System Time Synchronized.
[[0;32m  OK  [0m] Reached target System Time Synchronized.
[    8.268706] systemd[1]: Listening on udev Control Socket.
[[0;32m  OK  [0m] Listening on udev Control Socket.
[    8.271312] systemd[1]: Created slice System Slice.
[[0;32m  OK  [0m] Created slice System Slice.
[    8.434023] systemd[1]: Starting Journal Service...
         Starting Journal Service...
[    8.455192] random: nonblocking pool is initialized
[    8.456453] systemd[1]: Reached target Slices.
[[0;32m  OK  [0m] Reached target Slices.
[    8.475583] systemd[1]: Starting Set console keymap...
         Starting Set console keymap...
[    8.486282] systemd[1]: Starting Remount Root and Kernel File Systems...
[    8.494535] EXT4-fs (sda1): re-mounted. Opts: (null)
         Starting Remount Root and Kernel File Systems...
[    8.508104] systemd[1]: Starting Create list of required static device nodes for the current kernel...
         Starting Create list of required st... nodes for the current kernel...
[    8.521770] systemd[1]: Mounting Debug File System...
         Mounting Debug File System...
[    8.524856] systemd[1]: Starting Nameserver information manager...
         Starting Nameserver information manager...
[    8.552651] systemd[1]: Listening on Device-mapper event daemon FIFOs.
[[0;32m  OK  [0m] Listening on Device-mapper event daemon FIFOs.
[    8.708872] systemd[1]: Mounting POSIX Message Queue File System...
         Mounting POSIX Message Queue File System...
[    8.711490] systemd[1]: Started Forward Password Requests to Wall Directory Watch.
[[0;32m  OK  [0m] Started Forward Password Requests to Wall Directory Watch.
[    8.715381] systemd[1]: Mounting Huge Pages File System...
         Mounting Huge Pages File System...
[    8.717731] systemd[1]: Listening on LVM2 metadata daemon socket.
[[0;32m  OK  [0m] Listening on LVM2 metadata daemon socket.
[    8.721216] systemd[1]: Starting Monitoring of LVM2 mirrors, snapshots etc. using dmeventd or progress polling...
         Starting Monitoring of LVM2 mirrors... dmeventd or progress polling...
[    8.737950] systemd[1]: Starting Uncomplicated firewall...
         Starting Uncomplicated firewall...
[    8.741456] systemd[1]: Reached target User and Group Name Lookups.
[[0;32m  OK  [0m] Reached target User and Group Name Lookups.
[    8.755970] systemd[1]: Starting Load Kernel Modules...
         Startin[    8.766983] Loading iSCSI transport class v2.0-870.
g Load Kernel Modules...
[    8.803963] iscsi: registered transport (tcp)
[    8.865128] systemd[1]: Started Trigger resolvconf update for networkd DNS.
[[0;32m  OK  [0m] Started Trigger resolvconf update for networkd DNS.
[    8.870963] systemd[1]: Created slice system-serial\x2dgetty.slice.
[[0;32m  OK  [0m] Created slice system-serial\x2dgetty.slice.
[    8.887081] systemd[1]: Mounted Huge Pages File System.
[[0;32m  OK  [0m] Mounted Huge Pages File System.
[    8.904228] systemd[1]: Mounted POSIX Message Queue File System.
[[0;32m  OK  [0m] Mounted POSIX Message Queue [    8.919827] iscsi: registered transport (iser)
File System.
[    8.927859] systemd[1]: Mounted Debug File System.
[[0;32m  OK  [0m] Mounted Debug File System.
[    8.931059] systemd[1]: Started Journal Service.
[[0;32m  OK  [0m] Started Journal Service.
[[0;32m  OK  [0m] Started Set console keymap.
[[0;32m  OK  [0m] Started Remount Root and Kernel File Systems.
[[0;32m  OK  [0m] Started Create list of required sta...ce nodes for the current kernel.
[[0;32m  OK  [0m] Started Uncomplicated firewall.
[[0;32m  OK  [0m] Started Load Kernel Modules.
[[0;32m  OK  [0m] Started Nameserver information manager.
[[0;32m  OK  [0m] Started LVM2 metadata daemon.
         Mounting FUSE Control File System...
         Starting Apply Kernel Variables...
         Starting Create Static Device Nodes in /dev...
         Starting udev Coldplug all Devices...
         Starting Load/Save Random Seed...
         Starting Flush Journal to Persistent Storage...
[[0;32m  OK  [0m] Mounted FUSE Control File System.
[[0;32m  OK  [0m] Started Apply Kernel Variables.
[[0;32m  OK  [0m] Started Create Static Device Nodes in /dev.
[[0;32m  OK  [0m] Started Load/Save Random Seed.
[[0;32m  OK  [0m] Started udev Coldplug all Devices.
[[0;32m  OK  [0m] Started Flush Journal to Persistent Storage.
         Starting udev Kernel Device Manager...
[[0;32m  OK  [0m] Started udev Kernel Device Manager.
[[0;32m  OK  [0m] Started Dispatch Password Requests to Console Directory Watch.
[[0;32m  OK  [0m] Started Monitoring of LVM2 mirrors,...ng dmeventd or progress polling.
[[0;32m  OK  [0m] Reached target Local File Systems (Pre).
[[0;32m  OK  [0m] Reached target Local File Systems.
         Starting Tell Plymouth To Write Out Runtime Data...
         Starting Set console font and keymap...
         Starting Initial cloud-init job (pre-networking)...
         Starting Create Volatile Files and Directories...
         Starting LSB: AppArmor initialization...
[[0;32m  OK  [0m] Started Tell Plymouth To Write Out Runtime Data.
[[0;32m  OK  [0m] Started Create Volatile Files and Directories.
[[0;32m  OK  [0m] Found device /dev/ttyS0.
         Starting Update UTMP about System Boot/Shutdown...
[[0;32m  OK  [0m] Started Update UTMP about System Boot/Shutdown.
[[0;32m  OK  [0m] Started LSB: AppArmor initialization.
[[0;32m  OK  [0m] Listening on Load/Save RF Kill Switch Status /dev/rfkill Watch.
[[0;32m  OK  [0m] Found device 82540EM Gigabit Ethern...r (PRO/1000 MT Desktop Adapter).
[[0;32m  OK  [0m] Found device 82540EM Gigabit Ethern...r (PRO/1000 MT Desktop Adapter).
[[0;32m  OK  [0m] Started Set console font and keymap.
[[0;32m  OK  [0m] Created slice system-getty.slice.
[   10.066390] cloud-init[514]: Cloud-init v. 18.2 running 'init-local' at Fri, 01 Feb 2019 20:52:31 +0000. Up 9.74 seconds.
[[0;32m  OK  [0m] Started Initial cloud-init job (pre-networking).
[[0;32m  OK  [0m] Reached target Network (Pre).
[[0;32m  OK  [0m] Started ifup for enp0s3.
         Starting Raise network interfaces...
[[0;32m  OK  [0m] Started ifup for enp0s8.
[[0;32m  OK  [0m] Started Raise network interfaces.
[[0;32m  OK  [0m] Reached target Network.
         Starting Initial cloud-init job (metadata service crawler)...
[   11.120819] cloud-init[1088]: Cloud-init v. 18.2 running 'init' at Fri, 01 Feb 2019 20:52:32 +0000. Up 10.74 seconds.
[   11.134351] cloud-init[1088]: ci-info: ++++++++++++++++++++++++++++++++++++++Net device info++++++++++++++++++++++++++++++++++++++
[   11.137004] cloud-init[1088]: ci-info: +--------+------+-----------------------------+---------------+-------+-------------------+
[   11.140073] cloud-init[1088]: ci-info: | Device |  Up  |           Address           |      Mask     | Scope |     Hw-Address    |
[   11.149407] cloud-init[1088]: ci-info: +--------+------+-----------------------------+---------------+-------+-------------------+
[   11.182241] [[0;32m  OK  [0m] Started Initial cloud-init job (metadata service crawler).
cloud-init[1088]: ci-info: | enp0s3 | True |          10.0.2.15          | 255.255.255.0 |   .   | 02:e4:ac:f5:39:a9 |[[0;32m  OK  [0m] Reached target Network is Online.

[   11.203837]          Starting iSCSI initiator daemon (iscsid)...
[[0;32m  OK  [0m] Reached target Cloud-config availability.
[[0;32m  OK  [0m] Reached target System Initialization.
         Starting Socket activation for snappy daemon.
[[0;32m  OK  [0m] Listening on ACPID Listen Socket.
[[0;32m  OK  [0m] Listening on D-Bus System Message Bus Socket.
cloud-init[1088]: ci-info: | enp0s3 | True |  fe80::e4:acff:fef5:39a9/64 |       .       |  link | 02:e4:ac:f5:39:a9 |
[[0;32m  OK  [0m] Started Daily apt download activities.
[[0;32m  OK  [0m] Started Daily apt upgrade and clean activities.
[[0;32m  OK  [0m] Listening on UUID daemon activation socket.
[   11.206066] cloud-init[1088]: ci-info: | enp0s8 | True |        192.168.56.111       | 255.255.255.0 |   .   | 08:00:27:f3:f3:37 |
         Starting LXD - unix socket.
[   11.319836] cloud-init[1088]: ci-info: | enp0s8 | True | fe80::a00:27ff:fef3:f337/64 |       .       |  link | 08:00:27:f3:f3:37 |
[   11.345775] [cloud-init[0;32m  OK  [0m[1088]: ] ci-info: |   lo   | True |          127.0.0.1          |   255.0.0.0   |   .   |         .         |Started Clean PHP session files every 30 mins.

[[0;32m  OK  [0m] Started Daily Cleanup of Temporary Directories.
[[0;32m  OK  [0m] Reached target Timers.
[   11.346298] cloud-init[1088]: ci-info: |   lo   | True |           ::1/128           |       .       |  host |         .         |
[   11.451131] [[0;32m  OK  [0m] Started ACPI Events Check.
cloud-init[1088]: ci-info: +--------+------+-----------------------------+---------------+-------+-------------------+
[   11.499994] [cloud-init[0;32m  OK  [0m[1088]: ] ci-info: ++++++++++++++++++++++++++++Route IPv4 info++++++++++++++++++++++++++++Reached target Paths.

[   11.570368] [cloud-init[0;32m  OK  [0m[1088]: ] ci-info: +-------+--------------+----------+---------------+-----------+-------+Listening on Socket activation for snappy daemon.

[   11.609480] [[0;32m  OK  [0m] Listening on LXD - unix socket.
[[0;32m  OK  [0m] Started iSCSI initiator daemon (iscsid).
cloud-init[1088]: ci-info: | Route | Destination  | Gateway  |    Genmask    | Interface | Flags |
[   11.613264] cloud-init[1088]: ci-info: +-------+--------------+----------+---------------+-----------+-------+
[   11.615362] cloud-init[1088]: ci-info: |   0   |   0.0.0.0    | 10.0.2.2 |    0.0.0.0    |   enp0s3  |   UG  |
[   11.680319]          cloud-initStarting Login to default iSCSI targets...[1088]: 
ci-info: |   1   |   10.0.2.0   | 0.0.0.0  | 255.255.255.0 |   enp0s3  |   U   |
[   11.696257] [[0;32m  OK  [0m] Reached target Sockets.
[[0;32m  OK  [0m] Reached target Basic System.
cloud-init[1088]: ci-info: |   2   | 192.168.56.0 | 0.0.0.0  | 255.255.255.0 |   enp0s8  |   U   |
[   11.705507] cloud-init[1088]: ci-info: +-------+--------------+----------+---------------+-----------+-------+
         Starting LXD - container startup/shutdown...
         Starting Apply the settings specified in cloud-config...
[[0;32m  OK  [0m] Started Regular background program processing daemon.
         Starting Accounts Service...
[[0;32m  OK  [0m] Started D-Bus System Message Bus.
         Starting Login Service...
         Starting OpenBSD Secure Shell server...
         Starting LSB: MD monitoring daemon...
[[0;32m  OK  [0m] Started ACPI event daemon.
         Starting System Logging Service...
         Starting MySQL Community Server...
[[0;32m  OK  [0m] Started Unattended Upgrades Shutdown.
         Starting vboxadd.service...
[[0;32m  OK  [0m] Started memcached daemon.
         Starting /etc/rc.local Compatibility...
[[0;32m  OK  [0m] Started Deferred execution scheduler.
[[0;32m  OK  [0m] Started FUSE filesystem for LXC.
         Starting LSB: Record successful boot for GRUB...
         Starting The PHP 7.1 FastCGI Process Manager...
[[0;32m  OK  [0m] Started Elasticsearch.
         Starting Snappy daemon...
[[0;32m  OK  [0m] Started System Logging Service.
[[0;32m  OK  [0m] Started LXD - container startup/shutdown.
[[0;32m  OK  [0m] Started vboxadd.service.
[[0;32m  OK  [0m] Started /etc/rc.local Compatibility.
[   12.496493] cloud-init[1151]: Cloud-init v. 18.2 running 'modules:config' at Fri, 01 Feb 2019 20:52:33 +0000. Up 12.21 seconds.
[[0;32m  OK  [0m] Started OpenBSD Secure Shell server.
[[0;32m  OK  [0m] Started Apply the settings specified in cloud-config.
[[0;32m  OK  [0m] Started Login to default iSCSI targets.
[[0;32m  OK  [0m] Started Snappy daemon.
[[0;32m  OK  [0m] Started LSB: MD monitoring daemon.
[[0;32m  OK  [0m] Started LSB: Record successful boot for GRUB.
         Starting Authenticate and Authorize Users to Run Privileged Tasks...
         Starting Wait until snapd is fully seeded...
[[0;32m  OK  [0m] Reached target Remote File Systems (Pre).
[[0;32m  OK  [0m] Reached target Remote File Systems.
         Starting LSB: daemon to balance interrupts for SMP systems...
         Starting LSB: automatic crash report generation...
         Starting Permit User Sessions...
         Starting LSB: Set the CPU Frequency Scaling governor to "ondemand"...
         Starting vboxadd-service.service...
[[0;32m  OK  [0m] Started Wait until snapd is fully seeded.
[[0;32m  OK  [0m] Started Permit User Sessions.
[[0;32m  OK  [0m] Started Login Service.
[[0;32m  OK  [0m] Started Authenticate and Authorize Users to Run Privileged Tasks.
[[0;32m  OK  [0m] Started Accounts Service.
[[0;1;31mFAILED[0m] Failed to start vboxadd-service.service.
See 'systemctl status vboxadd-service.service' for details.
[[0;32m  OK  [0m] Started The PHP 7.1 FastCGI Process Manager.
[[0;32m  OK  [0m] Started LSB: daemon to balance interrupts for SMP systems.
[[0;32m  OK  [0m] Created slice User Slice of vagrant.
         Starting User Manager for UID 1000...
[[0;32m  OK  [0m] Started Session 1 of user vagrant.
         Starting Hold until boot process finishes up...
         Starting Terminate Plymouth Boot Screen...
[[0;32m  OK  [0m] Started User Manager for UID 1000.
[[0;32m  OK  [0m] Started Hold until boot process finishes up.
[[0;32m  OK  [0m] Started Terminate Plymouth Boot Screen.
[[0;32m  OK  [0m] Started LSB: Set the CPU Frequency Scaling governor to "ondemand".
[[0;32m  OK  [0m] Started LSB: automatic crash report generation.
         Starting Set console scheme...
[[0;32m  OK  [0m] Started Getty on tty1.
[[0;32m  OK  [0m] Started Serial Getty on ttyS0.
[[0;32m  OK  [0m] Reached target Login Prompts.
[[0;32m  OK  [0m] Started Set console scheme.
[[0;32m  OK  [0m] Started MySQL Community Server.
[[0;32m  OK  [0m] Reached target Multi-User System.
[[0;32m  OK  [0m] Reached target Graphical Interface.
         Starting Execute cloud user/final scripts...
         Starting Update UTMP about System Runlevel Changes...
[[0;32m  OK  [0m] Started Update UTMP about System Runlevel Changes.
[   15.215891] cloud-init[1528]: Cloud-init v. 18.2 running 'modules:final' at Fri, 01 Feb 2019 20:52:36 +0000. Up 14.98 seconds.
[   15.232528] cloud-init[1528]: Cloud-init v. 18.2 finished at Fri, 01 Feb 2019 20:52:36 +0000. Datasource DataSourceNoCloud [seed=/dev/sdb][dsmode=net].  Up 15.20 seconds
[[0;32m  OK  [0m] Started Execute cloud user/final scripts.
[[0;32m  OK  [0m] Reached target Cloud-init target.

Ubuntu 16.04.4 LTS yiishop ttyS0

yiishop login: 