[    0.000000] Initializing cgroup subsys cpuset
[    0.000000] Initializing cgroup subsys cpu
[    0.000000] Initializing cgroup subsys cpuacct
[    0.000000] Linux version 4.4.0-138-generic (buildd@lcy01-amd64-006) (gcc version 5.4.0 20160609 (Ubuntu 5.4.0-6ubuntu1~16.04.10) ) #164-Ubuntu SMP Tue Oct 2 17:16:02 UTC 2018 (Ubuntu 4.4.0-138.164-generic 4.4.155)
[    0.000000] Command line: BOOT_IMAGE=/boot/vmlinuz-4.4.0-138-generic root=UUID=94cf6dec-b559-40f4-9677-8490a116614b ro console=tty1 console=ttyS0
[    0.000000] KERNEL supported cpus:
[    0.000000]   Intel GenuineIntel
[    0.000000]   AMD AuthenticAMD
[    0.000000]   Centaur CentaurHauls
[    0.000000] x86/fpu: xstate_offset[2]:  576, xstate_sizes[2]:  256
[    0.000000] x86/fpu: Supporting XSAVE feature 0x01: 'x87 floating point registers'
[    0.000000] x86/fpu: Supporting XSAVE feature 0x02: 'SSE registers'
[    0.000000] x86/fpu: Supporting XSAVE feature 0x04: 'AVX registers'
[    0.000000] x86/fpu: Enabled xstate features 0x7, context size is 832 bytes, using 'standard' format.
[    0.000000] e820: BIOS-provided physical RAM map:
[    0.000000] BIOS-e820: [mem 0x0000000000000000-0x000000000009fbff] usable
[    0.000000] BIOS-e820: [mem 0x000000000009fc00-0x000000000009ffff] reserved
[    0.000000] BIOS-e820: [mem 0x00000000000f0000-0x00000000000fffff] reserved
[    0.000000] BIOS-e820: [mem 0x0000000000100000-0x000000007ffeffff] usable
[    0.000000] BIOS-e820: [mem 0x000000007fff0000-0x000000007fffffff] ACPI data
[    0.000000] BIOS-e820: [mem 0x00000000fec00000-0x00000000fec00fff] reserved
[    0.000000] BIOS-e820: [mem 0x00000000fee00000-0x00000000fee00fff] reserved
[    0.000000] BIOS-e820: [mem 0x00000000fffc0000-0x00000000ffffffff] reserved
[    0.000000] NX (Execute Disable) protection: active
[    0.000000] SMBIOS 2.5 present.
[    0.000000] Hypervisor detected: KVM
[    0.000000] e820: last_pfn = 0x7fff0 max_arch_pfn = 0x400000000
[    0.000000] MTRR: Disabled
[    0.000000] x86/PAT: MTRRs disabled, skipping PAT initialization too.
[    0.000000] CPU MTRRs all blank - virtualized system.
[    0.000000] x86/PAT: Configuration [0-7]: WB  WT  UC- UC  WB  WT  UC- UC  
[    0.000000] found SMP MP-table at [mem 0x0009fff0-0x0009ffff] mapped at [ffff88000009fff0]
[    0.000000] Scanning 1 areas for low memory corruption
[    0.000000] RAMDISK: [mem 0x361ec000-0x370edfff]
[    0.000000] ACPI: Early table checksum verification disabled
[    0.000000] ACPI: RSDP 0x00000000000E0000 000024 (v02 VBOX  )
[    0.000000] ACPI: XSDT 0x000000007FFF0030 00003C (v01 VBOX   VBOXXSDT 00000001 ASL  00000061)
[    0.000000] ACPI: FACP 0x000000007FFF00F0 0000F4 (v04 VBOX   VBOXFACP 00000001 ASL  00000061)
[    0.000000] ACPI: DSDT 0x000000007FFF0470 0021FF (v02 VBOX   VBOXBIOS 00000002 INTL 20180105)
[    0.000000] ACPI: FACS 0x000000007FFF0200 000040
[    0.000000] ACPI: FACS 0x000000007FFF0200 000040
[    0.000000] ACPI: APIC 0x000000007FFF0240 00005C (v02 VBOX   VBOXAPIC 00000001 ASL  00000061)
[    0.000000] ACPI: SSDT 0x000000007FFF02A0 0001CC (v01 VBOX   VBOXCPUT 00000002 INTL 20180105)
[    0.000000] No NUMA configuration found
[    0.000000] Faking a node at [mem 0x0000000000000000-0x000000007ffeffff]
[    0.000000] NODE_DATA(0) allocated [mem 0x7ffeb000-0x7ffeffff]
[    0.000000] kvm-clock: Using msrs 4b564d01 and 4b564d00
[    0.000000] kvm-clock: cpu 0, msr 0:7ffe3001, primary cpu clock
[    0.000000] kvm-clock: using sched offset of 3599752824 cycles
[    0.000000] clocksource: kvm-clock: mask: 0xffffffffffffffff max_cycles: 0x1cd42e4dffb, max_idle_ns: 881590591483 ns
[    0.000000] Zone ranges:
[    0.000000]   DMA      [mem 0x0000000000001000-0x0000000000ffffff]
[    0.000000]   DMA32    [mem 0x0000000001000000-0x000000007ffeffff]
[    0.000000]   Normal   empty
[    0.000000]   Device   empty
[    0.000000] Movable zone start for each node
[    0.000000] Early memory node ranges
[    0.000000]   node   0: [mem 0x0000000000001000-0x000000000009efff]
[    0.000000]   node   0: [mem 0x0000000000100000-0x000000007ffeffff]
[    0.000000] Initmem setup node 0 [mem 0x0000000000001000-0x000000007ffeffff]
[    0.000000] ACPI: PM-Timer IO Port: 0x4008
[    0.000000] IOAPIC[0]: apic_id 2, version 32, address 0xfec00000, GSI 0-23
[    0.000000] ACPI: INT_SRC_OVR (bus 0 bus_irq 0 global_irq 2 dfl dfl)
[    0.000000] ACPI: INT_SRC_OVR (bus 0 bus_irq 9 global_irq 9 low level)
[    0.000000] Using ACPI (MADT) for SMP configuration information
[    0.000000] smpboot: Allowing 2 CPUs, 0 hotplug CPUs
[    0.000000] PM: Registered nosave memory: [mem 0x00000000-0x00000fff]
[    0.000000] PM: Registered nosave memory: [mem 0x0009f000-0x0009ffff]
[    0.000000] PM: Registered nosave memory: [mem 0x000a0000-0x000effff]
[    0.000000] PM: Registered nosave memory: [mem 0x000f0000-0x000fffff]
[    0.000000] e820: [mem 0x80000000-0xfebfffff] available for PCI devices
[    0.000000] Booting paravirtualized kernel on KVM
[    0.000000] clocksource: refined-jiffies: mask: 0xffffffff max_cycles: 0xffffffff, max_idle_ns: 7645519600211568 ns
[    0.000000] setup_percpu: NR_CPUS:512 nr_cpumask_bits:512 nr_cpu_ids:2 nr_node_ids:1
[    0.000000] PERCPU: Embedded 34 pages/cpu @ffff88007fc00000 s99608 r8192 d31464 u1048576
[    0.000000] PV qspinlock hash table entries: 256 (order: 0, 4096 bytes)
[    0.000000] Built 1 zonelists in Node order, mobility grouping on.  Total pages: 515960
[    0.000000] Policy zone: DMA32
[    0.000000] Kernel command line: BOOT_IMAGE=/boot/vmlinuz-4.4.0-138-generic root=UUID=94cf6dec-b559-40f4-9677-8490a116614b ro console=tty1 console=ttyS0
[    0.000000] PID hash table entries: 4096 (order: 3, 32768 bytes)
[    0.000000] Memory: 2029328K/2096696K available (8563K kernel code, 1314K rwdata, 4004K rodata, 1528K init, 1316K bss, 67368K reserved, 0K cma-reserved)
[    0.000000] SLUB: HWalign=64, Order=0-3, MinObjects=0, CPUs=2, Nodes=1
[    0.000000] Kernel/User page tables isolation: enabled
[    0.000000] Hierarchical RCU implementation.
[    0.000000] 	Build-time adjustment of leaf fanout to 64.
[    0.000000] 	RCU restricting CPUs from NR_CPUS=512 to nr_cpu_ids=2.
[    0.000000] RCU: Adjusting geometry for rcu_fanout_leaf=64, nr_cpu_ids=2
[    0.000000] NR_IRQS:33024 nr_irqs:440 16
[    0.000000] Console: colour VGA+ 80x25
[    0.000000] console [tty1] enabled
[    0.000000] console [ttyS0] enabled
[    0.000000] tsc: Detected 2303.998 MHz processor
[    0.234334] Calibrating delay loop (skipped) preset value.. 4607.99 BogoMIPS (lpj=9215992)
[    0.236118] pid_max: default: 32768 minimum: 301
[    0.237075] ACPI: Core revision 20150930
[    0.239120] ACPI: 2 ACPI AML tables successfully acquired and loaded
[    0.240485] Security Framework initialized
[    0.241363] Yama: becoming mindful.
[    0.242200] AppArmor: AppArmor initialized
[    0.243766] Dentry cache hash table entries: 262144 (order: 9, 2097152 bytes)
[    0.245463] Inode-cache hash table entries: 131072 (order: 8, 1048576 bytes)
[    0.247448] Mount-cache hash table entries: 4096 (order: 3, 32768 bytes)
[    0.248719] Mountpoint-cache hash table entries: 4096 (order: 3, 32768 bytes)
[    0.250258] Initializing cgroup subsys io
[    0.251137] Initializing cgroup subsys memory
[    0.252057] Initializing cgroup subsys devices
[    0.252998] Initializing cgroup subsys freezer
[    0.253964] Initializing cgroup subsys net_cls
[    0.254898] Initializing cgroup subsys perf_event
[    0.255865] Initializing cgroup subsys net_prio
[    0.256807] Initializing cgroup subsys hugetlb
[    0.257736] Initializing cgroup subsys pids
[    0.259956] mce: CPU supports 0 MCE banks
[    0.260848] Last level iTLB entries: 4KB 64, 2MB 8, 4MB 8
[    0.261915] Last level dTLB entries: 4KB 64, 2MB 0, 4MB 0, 1GB 4
[    0.263128] Spectre V2 : Mitigation: Full generic retpoline
[    0.264222] Spectre V2 : Spectre v2 mitigation: Speculation control IBPB not-supported IBRS not-supported
[    0.265909] Spectre V2 : Spectre v2 / SpectreRSB mitigation: Filling RSB on context switch
[    0.267946] Speculative Store Bypass: Vulnerable
[    0.271969] Freeing SMP alternatives memory: 32K
[    0.282610] ftrace: allocating 32278 entries in 127 pages
[    0.352481] smpboot: APIC(0) Converting physical 0 to logical package 0
[    0.359068] smpboot: Max logical packages: 1
[    0.360312] x2apic enabled
[    0.361277] Switched APIC routing to physical x2apic.
[    0.363720] ..TIMER: vector=0x30 apic1=0 pin1=2 apic2=-1 pin2=-1
[    0.469890] smpboot: CPU0: Intel(R) Core(TM) i3-6100U CPU @ 2.30GHz (family: 0x6, model: 0x4e, stepping: 0x3)
[    0.477420] Performance Events: unsupported p6 CPU model 78 no PMU driver, software events only.
[    0.479631] KVM setup paravirtual spinlock
[    0.482112] x86: Booting SMP configuration:
[    0.483201] .... node  #0, CPUs:      #1
[    0.484290] kvm-clock: cpu 1, msr 0:7ffe3041, secondary cpu clock
[    0.486385] mce: CPU supports 0 MCE banks
[    0.488910] x86: Booted up 1 node, 2 CPUs
[    0.490196] smpboot: Total of 2 processors activated (9215.99 BogoMIPS)
[    0.492143] devtmpfs: initialized
[    0.495494] evm: security.selinux
[    0.496400] evm: security.SMACK64
[    0.497290] evm: security.SMACK64EXEC
[    0.498270] evm: security.SMACK64TRANSMUTE
[    0.499302] evm: security.SMACK64MMAP
[    0.500255] evm: security.ima
[    0.501095] evm: security.capability
[    0.502300] clocksource: jiffies: mask: 0xffffffff max_cycles: 0xffffffff, max_idle_ns: 7645041785100000 ns
[    0.504591] futex hash table entries: 512 (order: 3, 32768 bytes)
[    0.506148] pinctrl core: initialized pinctrl subsystem
[    0.507519] RTC time: 19:17:56, date: 11/14/18
[    0.508836] NET: Registered protocol family 16
[    0.521775] cpuidle: using governor ladder
[    0.533987] cpuidle: using governor menu
[    0.537856] PCCT header not found.
[    0.538878] ACPI: bus type PCI registered
[    0.541877] acpiphp: ACPI Hot Plug PCI Controller Driver version: 0.5
[    0.543336] PCI: Using configuration type 1 for base access
[    0.554345] ACPI: Added _OSI(Module Device)
[    0.555363] ACPI: Added _OSI(Processor Device)
[    0.556301] ACPI: Added _OSI(3.0 _SCP Extensions)
[    0.557295] ACPI: Added _OSI(Processor Aggregator Device)
[    0.559224] ACPI: Executed 1 blocks of module-level executable AML code
[    0.563023] ACPI: Interpreter enabled
[    0.563874] ACPI: (supports S0 S5)
[    0.564662] ACPI: Using IOAPIC for interrupt routing
[    0.565873] PCI: Using host bridge windows from ACPI; if necessary, use "pci=nocrs" and report a bug
[    0.571779] ACPI: PCI Root Bridge [PCI0] (domain 0000 [bus 00-ff])
[    0.573027] acpi PNP0A03:00: _OSC: OS supports [ASPM ClockPM Segments MSI]
[    0.574359] acpi PNP0A03:00: _OSC: not requesting OS control; OS requires [ExtendedConfig ASPM ClockPM MSI]
[    0.576293] acpi PNP0A03:00: fail to add MMCONFIG information, can't access extended PCI configuration space under this bridge.
[    0.578761] PCI host bridge to bus 0000:00
[    0.579652] pci_bus 0000:00: root bus resource [io  0x0000-0x0cf7 window]
[    0.580919] pci_bus 0000:00: root bus resource [io  0x0d00-0xffff window]
[    0.582244] pci_bus 0000:00: root bus resource [mem 0x000a0000-0x000bffff window]
[    0.583854] pci_bus 0000:00: root bus resource [mem 0x80000000-0xfdffffff window]
[    0.585468] pci_bus 0000:00: root bus resource [bus 00-ff]
[    0.588241] pci 0000:00:01.1: legacy IDE quirk: reg 0x10: [io  0x01f0-0x01f7]
[    0.589594] pci 0000:00:01.1: legacy IDE quirk: reg 0x14: [io  0x03f6]
[    0.590836] pci 0000:00:01.1: legacy IDE quirk: reg 0x18: [io  0x0170-0x0177]
[    0.592159] pci 0000:00:01.1: legacy IDE quirk: reg 0x1c: [io  0x0376]
[    0.631168] pci 0000:00:07.0: quirk: [io  0x4000-0x403f] claimed by PIIX4 ACPI
[    0.663746] pci 0000:00:07.0: quirk: [io  0x4100-0x410f] claimed by PIIX4 SMB
[    0.681263] ACPI: PCI Interrupt Link [LNKA] (IRQs 5 9 10 *11)
[    0.710062] ACPI: PCI Interrupt Link [LNKB] (IRQs 5 9 *10 11)
[    0.711926] ACPI: PCI Interrupt Link [LNKC] (IRQs 5 *9 10 11)
[    0.713634] ACPI: PCI Interrupt Link [LNKD] (IRQs 5 9 10 *11)
[    0.718119] ACPI: Enabled 2 GPEs in block 00 to 07
[    0.719567] vgaarb: setting as boot device: PCI:0000:00:02.0
[    0.720705] vgaarb: device added: PCI:0000:00:02.0,decodes=io+mem,owns=io+mem,locks=none
[    0.722463] vgaarb: loaded
[    0.723160] vgaarb: bridge control possible 0000:00:02.0
[    0.724494] SCSI subsystem initialized
[    0.725480] ACPI: bus type USB registered
[    0.729190] usbcore: registered new interface driver usbfs
[    0.730301] usbcore: registered new interface driver hub
[    0.731380] usbcore: registered new device driver usb
[    0.732698] PCI: Using ACPI for IRQ routing
[    0.733948] NetLabel: Initializing
[    0.734744] NetLabel:  domain hash size = 128
[    0.735668] NetLabel:  protocols = UNLABELED CIPSOv4
[    0.736698] NetLabel:  unlabeled traffic allowed by default
[    0.737946] amd_nb: Cannot enumerate AMD northbridges
[    0.739013] clocksource: Switched to clocksource kvm-clock
[    0.747631] AppArmor: AppArmor Filesystem Enabled
[    0.748750] pnp: PnP ACPI init
[    0.750328] pnp: PnP ACPI: found 3 devices
[    0.761049] clocksource: acpi_pm: mask: 0xffffff max_cycles: 0xffffff, max_idle_ns: 2085701024 ns
[    0.762973] NET: Registered protocol family 2
[    0.764123] TCP established hash table entries: 16384 (order: 5, 131072 bytes)
[    0.765748] TCP bind hash table entries: 16384 (order: 6, 262144 bytes)
[    0.767037] TCP: Hash tables configured (established 16384 bind 16384)
[    0.768291] UDP hash table entries: 1024 (order: 3, 32768 bytes)
[    0.769463] UDP-Lite hash table entries: 1024 (order: 3, 32768 bytes)
[    0.770746] NET: Registered protocol family 1
[    0.771706] pci 0000:00:00.0: Limiting direct PCI/PCI transfers
[    0.772888] pci 0000:00:01.0: Activating ISA DMA hang workarounds
[    0.774221] Unpacking initramfs...
[    1.051909] Freeing initrd memory: 15368K
[    1.058051] platform rtc_cmos: registered platform RTC device (no PNP device found)
[    1.059729] Scanning for low memory corruption every 60 seconds
[    1.061368] audit: initializing netlink subsys (disabled)
[    1.062509] audit: type=2000 audit(1542223081.365:1): initialized
[    1.064047] Initialise system trusted keyring
[    1.065177] HugeTLB registered 2 MB page size, pre-allocated 0 pages
[    1.068023] zbud: loaded
[    1.069095] VFS: Disk quotas dquot_6.6.0
[    1.070042] VFS: Dquot-cache hash table entries: 512 (order 0, 4096 bytes)
[    1.071824] squashfs: version 4.0 (2009/01/31) Phillip Lougher
[    1.073365] fuse init (API version 7.23)
[    1.074395] Key type big_key registered
[    1.075281] Allocating IMA MOK and blacklist keyrings.
[    1.077433] Key type asymmetric registered
[    1.078343] Asymmetric key parser 'x509' registered
[    1.079382] Block layer SCSI generic (bsg) driver version 0.4 loaded (major 249)
[    1.081103] io scheduler noop registered
[    1.081983] io scheduler deadline registered (default)
[    1.083093] io scheduler cfq registered
[    1.084088] pci_hotplug: PCI Hot Plug PCI Core version: 0.5
[    1.085193] pciehp: PCI Express Hot Plug Controller Driver version: 0.4
[    1.086594] ACPI: AC Adapter [AC] (on-line)
[    1.087607] input: Power Button as /devices/LNXSYSTM:00/LNXPWRBN:00/input/input0
[    1.089206] ACPI: Power Button [PWRF]
[    1.090102] input: Sleep Button as /devices/LNXSYSTM:00/LNXSLPBN:00/input/input1
[    1.091693] ACPI: Sleep Button [SLPF]
[    1.092765] GHES: HEST is not enabled!
[    1.094367] ACPI: Battery Slot [BAT0] (battery present)
[    1.095469] Serial: 8250/16550 driver, 32 ports, IRQ sharing enabled
[    1.118959] 00:02: ttyS0 at I/O 0x3f8 (irq = 4, base_baud = 115200) is a 16550A
[    1.185004] Linux agpgart interface v0.103
[    1.187616] loop: module loaded
[    1.189036] scsi host0: ata_piix
[    1.189993] scsi host1: ata_piix
[    1.190814] ata1: PATA max UDMA/33 cmd 0x1f0 ctl 0x3f6 bmdma 0xd000 irq 14
[    1.192120] ata2: PATA max UDMA/33 cmd 0x170 ctl 0x376 bmdma 0xd008 irq 15
[    1.193794] libphy: Fixed MDIO Bus: probed
[    1.194703] tun: Universal TUN/TAP device driver, 1.6
[    1.195762] tun: (C) 1999-2004 Max Krasnyansky <maxk@qualcomm.com>
[    1.197041] PPP generic driver version 2.4.2
[    1.198022] ehci_hcd: USB 2.0 'Enhanced' Host Controller (EHCI) Driver
[    1.199289] ehci-pci: EHCI PCI platform driver
[    1.200281] ehci-platform: EHCI generic platform driver
[    1.201339] ohci_hcd: USB 1.1 'Open' Host Controller (OHCI) Driver
[    1.202576] ohci-pci: OHCI PCI platform driver
[    1.203572] ohci-platform: OHCI generic platform driver
[    1.204631] uhci_hcd: USB Universal Host Controller Interface driver
[    1.205922] i8042: PNP: PS/2 Controller [PNP0303:PS2K,PNP0f03:PS2M] at 0x60,0x64 irq 1,12
[    1.208144] serio: i8042 KBD port at 0x60,0x64 irq 1
[    1.209166] serio: i8042 AUX port at 0x60,0x64 irq 12
[    1.210324] mousedev: PS/2 mouse device common for all mice
[    1.211959] input: AT Translated Set 2 keyboard as /devices/platform/i8042/serio0/input/input2
[    1.213949] rtc_cmos rtc_cmos: rtc core: registered rtc_cmos as rtc0
[    1.215298] rtc_cmos rtc_cmos: alarms up to one day, 114 bytes nvram
[    1.216527] i2c /dev entries driver
[    1.217389] device-mapper: uevent: version 1.0.3
[    1.218437] device-mapper: ioctl: 4.34.0-ioctl (2015-10-28) initialised: dm-devel@redhat.com
[    1.220237] ledtrig-cpu: registered to indicate activity on CPUs
[    1.221857] NET: Registered protocol family 10
[    1.223053] NET: Registered protocol family 17
[    1.224046] Key type dns_resolver registered
[    1.225225] registered taskstats version 1
[    1.226139] Loading compiled-in X.509 certificates
[    1.227854] Loaded X.509 cert 'Build time autogenerated kernel key: 9a104bc44b81e9426fe5c715e47d021d02d69eba'
[    1.229841] zswap: loaded using pool lzo/zbud
[    1.233033] Key type trusted registered
[    1.238073] Key type encrypted registered
[    1.239059] AppArmor: AppArmor sha1 policy hashing enabled
[    1.240182] ima: No TPM chip found, activating TPM-bypass!
[    1.241275] ima: Allocated hash algorithm: sha1
[    1.242285] evm: HMAC attrs: 0x1
[    1.243429]   Magic number: 10:817:293
[    1.244302] tty tty26: hash matches
[    1.245175] rtc_cmos rtc_cmos: setting system clock to 2018-11-14 19:17:56 UTC (1542223076)
[    1.247107] BIOS EDD facility v0.16 2004-Jun-25, 0 devices found
[    1.248285] EDD information not available.
[    1.355203] Freeing unused kernel memory: 1528K
[    1.393531] Write protecting the kernel read-only data: 14336k
[    1.395722] Freeing unused kernel memory: 1664K
[    1.397243] Freeing unused kernel memory: 92K
Loading, please wait...
starting version[    1.414823] random: systemd-udevd: uninitialized urandom read (16 bytes read, 3 bits of entropy available)
 229
[    1.415609] random: udevadm: uninitialized urandom read (16 bytes read, 3 bits of entropy available)
[    1.415629] random: udevadm: uninitialized urandom read (16 bytes read, 3 bits of entropy available)
[    1.424604] random: udevadm: uninitialized urandom read (16 bytes read, 3 bits of entropy available)
[    1.424653] random: udevadm: uninitialized urandom read (16 bytes read, 3 bits of entropy available)
[    1.424803] random: udevadm: uninitialized urandom read (16 bytes read, 3 bits of entropy available)
[    1.424857] random: udevadm: uninitialized urandom read (16 bytes read, 3 bits of entropy available)
[    1.424912] random: udevadm: uninitialized urandom read (16 bytes read, 3 bits of entropy available)
[    1.424969] random: udevadm: uninitialized urandom read (16 bytes read, 3 bits of entropy available)
[    1.425020] random: udevadm: uninitialized urandom read (16 bytes read, 3 bits of entropy available)
[    1.483230] e1000: Intel(R) PRO/1000 Network Driver - version 7.3.21-k8-NAPI
[    1.484701] e1000: Copyright (c) 1999-2006 Intel Corporation.
[    1.488449] Fusion MPT base driver 3.04.20
[    1.491850] Copyright (c) 1999-2008 LSI Corporation
[    1.521253] AVX2 version of gcm_enc/dec engaged.
[    1.532593] AES CTR mode by8 optimization enabled
[    1.533673] Fusion MPT SPI Host driver 3.04.20
[    1.703617] input: ImExPS/2 Generic Explorer Mouse as /devices/platform/i8042/serio1/input/input4
[    1.890529] e1000 0000:00:03.0 eth0: (PCI:33MHz:32-bit) 02:e4:ac:f5:39:a9
[    1.917067] e1000 0000:00:03.0 eth0: Intel(R) PRO/1000 Network Connection
[    1.919482] mptbase: ioc0: Initiating bringup
[    1.983262] ioc0: LSI53C1030 A0: Capabilities={Initiator}
[    2.055706] tsc: Refined TSC clocksource calibration: 2305.091 MHz
[    2.075713] clocksource: tsc: mask: 0xffffffffffffffff max_cycles: 0x2139fe873b8, max_idle_ns: 440795252396 ns
[    2.168975] scsi host2: ioc0: LSI53C1030 A0, FwRev=00000000h, Ports=1, MaxQ=256, IRQ=20
[    2.327188] scsi 2:0:0:0: Direct-Access     VBOX     HARDDISK         1.0  PQ: 0 ANSI: 5
[    3.168574] scsi target2:0:0: Beginning Domain Validation
[    3.170890] scsi target2:0:0: Domain Validation skipping write tests
[    3.172320] scsi target2:0:0: Ending Domain Validation
[    3.173543] scsi target2:0:0: asynchronous
[    3.175156] scsi 2:0:1:0: Direct-Access     VBOX     HARDDISK         1.0  PQ: 0 ANSI: 5
[    3.177097] scsi target2:0:1: Beginning Domain Validation
[    3.183454] scsi target2:0:1: Domain Validation skipping write tests
[    3.197966] scsi target2:0:1: Ending Domain Validation
[    3.199166] scsi target2:0:1: asynchronous
[    3.216173] sd 2:0:0:0: Attached scsi generic sg0 type 0
[    3.218571] sd 2:0:0:0: [sda] 20971520 512-byte logical blocks: (10.7 GB/10.0 GiB)
[    3.220895] sd 2:0:1:0: Attached scsi generic sg1 type 0
[    3.222142] sd 2:0:0:0: [sda] Write Protect is off
[    3.223401] sd 2:0:0:0: [sda] Incomplete mode parameter data
[    3.224606] sd 2:0:0:0: [sda] Assuming drive cache: write through
[    3.225973] sd 2:0:1:0: [sdb] 20480 512-byte logical blocks: (10.5 MB/10.0 MiB)
[    3.228388] sd 2:0:1:0: [sdb] Write Protect is off
[    3.234950] sd 2:0:1:0: [sdb] Incomplete mode parameter data
[    3.236195] sd 2:0:1:0: [sdb] Assuming drive cache: write through
[    3.238019]  sda: sda1
[    3.239528] sd 2:0:0:0: [sda] Attached SCSI disk
[    3.242124] sd 2:0:1:0: [sdb] Attached SCSI disk
[    3.511940] e1000 0000:00:08.0 eth1: (PCI:33MHz:32-bit) 08:00:27:f3:f3:37
[    3.513344] e1000 0000:00:08.0 eth1: Intel(R) PRO/1000 Network Connection
[    3.515782] e1000 0000:00:08.0 enp0s8: renamed from eth1
[    3.527219] e1000 0000:00:03.0 enp0s3: renamed from eth0
Begin: Loading essential drivers ... [    4.914471] md: linear personality registered for level -1
[    4.918684] md: multipath personality registered for level -4
[    4.922937] md: raid0 personality registered for level 0
[    4.927471] md: raid1 personality registered for level 1
[    4.999041] raid6: sse2x1   gen()  7981 MB/s
[    5.083026] raid6: sse2x1   xor()  5961 MB/s
[    5.239060] raid6: sse2x2   gen()  8298 MB/s
[    5.311040] raid6: sse2x2   xor()  6727 MB/s
[    5.507042] raid6: sse2x4   gen() 11194 MB/s
[    5.583095] raid6: sse2x4   xor()  7454 MB/s
[    5.659080] raid6: avx2x1   gen() 15974 MB/s
[    5.735083] raid6: avx2x2   gen() 18439 MB/s
[    5.807082] raid6: avx2x4   gen() 20046 MB/s
[    5.819832] raid6: using algorithm avx2x4 gen() 20046 MB/s
[    5.820914] raid6: using avx2x2 recovery algorithm
[    5.823473] xor: automatically using best checksumming function:
[    5.887292]    avx       : 42340.000 MB/sec
[    5.889833] async_tx: api initialized (async)
[    6.028887] md: raid6 personality registered for level 6
[    6.169048] md: raid5 personality registered for level 5
[    6.170116] md: raid4 personality registered for level 4
[    6.177381] md: raid10 personality registered for level 10
done.
Begin: Running /scripts/init-premount ... done.
Begin: Mounting root file system ... Begin: Running /scripts/local-top ... done.
Begin: Running /scripts/local-premount ... [    6.212143] Btrfs loaded
Scanning for Btrfs filesystems
done.
Warning: fsck no[    6.251870] EXT4-fs (sda1): mounted filesystem with ordered data mode. Opts: (null)
t present, so skipping root file system
done.
Begin: Running /scripts/local-bottom ... done.
Begin: Running /scripts/init-bottom ... done.
[    6.438834] systemd[1]: systemd 229 running in system mode. (+PAM +AUDIT +SELINUX +IMA +APPARMOR +SMACK +SYSVINIT +UTMP +LIBCRYPTSETUP +GCRYPT +GNUTLS +ACL +XZ -LZ4 +SECCOMP +BLKID +ELFUTILS +KMOD -IDN)
[    6.446244] systemd[1]: Detected virtualization oracle.
[    6.447955] systemd[1]: Detected architecture x86-64.

Welcome to [1mUbuntu 16.04.4 LTS[0m!

[    6.492452] systemd[1]: Set hostname to <yiishop>.
[    6.716641] systemd[1]: Listening on LVM2 metadata daemon socket.
[[0;32m  OK  [0m] Listening on LVM2 metadata daemon socket.
[    6.904375] systemd[1]: Created slice User and Session Slice.
[[0;32m  OK  [0m] Created slice User and Session Slice.
[    6.906563] systemd[1]: Started Trigger resolvconf update for networkd DNS.
[[0;32m  OK  [0m] Started Trigger resolvconf update for networkd DNS.
[    6.909072] systemd[1]: Listening on Journal Socket.
[[0;32m  OK  [0m] Listening on Journal Socket.
[    6.911075] systemd[1]: Listening on Journal Audit Socket.
[[0;32m  OK  [0m] Listening on Journal Audit Socket.
[    6.913203] systemd[1]: Listening on Device-mapper event daemon FIFOs.
[[0;32m  OK  [0m] Listening on Device-mapper event daemon FIFOs.
[    6.915570] systemd[1]: Started Forward Password Requests to Wall Directory Watch.
[[0;32m  OK  [0m] Started Forward Password Requests to Wall Directory Watch.
[    6.918456] systemd[1]: Listening on udev Kernel Socket.
[[0;32m  OK  [0m] Listening on udev Kernel Socket.
[    6.920494] systemd[1]: Reached target Swap.
[[0;32m  OK  [0m] Reached target Swap.
[    6.922264] systemd[1]: Reached target User and Group Name Lookups.
[[0;32m  OK  [0m] Reached target User and Group Name Lookups.
[    6.924564] systemd[1]: Listening on LVM2 poll daemon socket.
[[0;32m  OK  [0m] Listening on LVM2 poll daemon socket.
[    6.926823] systemd[1]: Set up automount Arbitrary Executable File Formats File System Automount Point.
[[0;32m  OK  [0m] Set up automount Arbitrary Executab...ats File System Automount Point.
[    6.930098] systemd[1]: Listening on Journal Socket (/dev/log).
[[0;32m  OK  [0m] Listening on Journal Socket (/dev/log).
[    6.932299] systemd[1]: Listening on udev Control Socket.
[[0;32m  OK  [0m] Listening on udev Control Socket.
[    6.934333] systemd[1]: Reached target Encrypted Volumes.
[[0;32m  OK  [0m] Reached target Encrypted Volumes.
[    6.936397] systemd[1]: Listening on /dev/initctl Compatibility Named Pipe.
[[0;32m  OK  [0m] Listening on /dev/initctl Compatibility Named Pipe.
[    6.938846] systemd[1]: Listening on Syslog Socket.
[[0;32m  OK  [0m] Listening on Syslog Socket.
[    6.963504] systemd[1]: Reached target System Time Synchronized.
[[0;32m  OK  [0m] Reached target System Time Synchronized.
[    6.965975] systemd[1]: Created slice System Slice.
[[0;32m  OK  [0m] Created slice System Slice.
[    6.979433] systemd[1]: Starting Set console keymap...
         Starting Set console keymap...
[    6.990086] systemd[1]: Mounting Huge Pages File System...
         Mounting Huge Pages File System...
[    7.016496] systemd[1]: Mounting POSIX Message Queue File System...
         Mounting POSIX Message Queue File System...
[    7.034314] systemd[1]: Starting Load Kernel Modules...
[    7.041950] Loading iSCSI transport class v2.0-870.
         Starting Load Kernel Modules...
[    7.048920] systemd[1]: Reached target Slices.
[[0;32m  OK  [0m] Reached target Slices.
[    7.051668] systemd[1]: Starting Monitoring of LVM2 mirrors, snapshots etc. using dmeventd or progress polling...
         Starting Monitor[    7.069226] iscsi: registered transport (tcp)
ing of LVM2 mirrors... dmeventd or progress polling...
[    7.076399] systemd[1]: Starting Uncomplicated firewall...
         Starting Uncomplicated firewall...
[    7.087688] systemd[1]: Starting Remount Root and Kernel File Systems...
         [    7.093577] EXT4-fs (sda1): re-mounted. Opts: (null)
Starting Remount Root and Kernel File Systems...
[    7.101199] systemd[1]: Created slice system-serial\x2dgetty.slice.
[[0;32m  OK  [0m] Created slice system-serial\x2dgetty.slice.
[    7.135027] iscsi: registered transport (iser)
[    7.219270] systemd[1]: Starting Create list of required static device nodes for the current kernel...
         Starting Create list of required st... nodes for the current kernel...
[    7.423171] systemd[1]: Starting Nameserver information manager...
         Starting Nameserver information manager...
[    7.454214] systemd[1]: Mounting Debug File System...
         Mounting Debug File System...
[    7.464285] systemd[1]: Starting Journal Service...
[    7.465523] random: nonblocking pool is initialized
         Starting Journal Service...
[    7.468759] systemd[1]: Mounted Huge Pages File System.
[[0;32m  OK  [0m] Mounted Huge Pages File System.
[    7.474095] systemd[1]: Mounted POSIX Message Queue File System.
[[0;32m  OK  [0m] Mounted POSIX Message Queue File System.
[    7.485009] systemd[1]: Mounted Debug File System.
[[0;32m  OK  [0m] Mounted Debug File System.
[    7.551622] systemd[1]: Started Set console keymap.
[[0;32m  OK  [0m] Started Set console keymap.
[    7.654814] systemd[1]: Started Load Kernel Modules.
[[0;32m  OK  [0m] Started Load Kernel Modules.
[    7.657615] systemd[1]: Started Uncomplicated firewall.
[[0;32m  OK  [0m] Started Uncomplicated firewall.
[    7.660488] systemd[1]: Started Remount Root and Kernel File Systems.
[[0;32m  OK  [0m] Started Remount Root and Kernel File Systems.
[    7.663826] systemd[1]: Started Create list of required static device nodes for the current kernel.
[[0;32m  OK  [0m] Started Create list of required sta...ce nodes for the current kernel.
[    7.682008] systemd[1]: Started Journal Service.
[[0;32m  OK  [0m] Started Journal Service.
[[0;32m  OK  [0m] Started Nameserver information manager.
[[0;32m  OK  [0m] Started LVM2 metadata daemon.
         Starting Create Static Device Nodes in /dev...
         Starting Flush Journal to Persistent Storage...
         Starting udev Coldplug all Devices...
         Starting Load/Save Random Seed...
         Starting Apply Kernel Variables...
         Mounting FUSE Control File System...
[[0;32m  OK  [0m] Started Create Static Device Nodes in /dev.
[[0;32m  OK  [0m] Started Load/Save Random Seed.
[[0;32m  OK  [0m] Mounted FUSE Control File System.
[[0;32m  OK  [0m] Started Apply Kernel Variables.
[[0;32m  OK  [0m] Started Flush Journal to Persistent Storage.
[[0;32m  OK  [0m] Started udev Coldplug all Devices.
         Starting udev Kernel Device Manager...
[[0;32m  OK  [0m] Started udev Kernel Device Manager.
[[0;32m  OK  [0m] Started Dispatch Password Requests to Console Directory Watch.
[[0;32m  OK  [0m] Started Monitoring of LVM2 mirrors,...ng dmeventd or progress polling.
[[0;32m  OK  [0m] Reached target Local File Systems (Pre).
[[0;32m  OK  [0m] Reached target Local File Systems.
         Starting Set console font and keymap...
         Starting Create Volatile Files and Directories...
         Starting Initial cloud-init job (pre-networking)...
         Starting Tell Plymouth To Write Out Runtime Data...
         Starting LSB: AppArmor initialization...
[[0;32m  OK  [0m] Started Create Volatile Files and Directories.
[[0;32m  OK  [0m] Started Tell Plymouth To Write Out Runtime Data.
         Starting Update UTMP about System Boot/Shutdown...
[[0;32m  OK  [0m] Started Update UTMP about System Boot/Shutdown.
[[0;32m  OK  [0m] Found device /dev/ttyS0.
[[0;32m  OK  [0m] Started LSB: AppArmor initialization.
[[0;32m  OK  [0m] Found device 82540EM Gigabit Ethern...r (PRO/1000 MT Desktop Adapter).
[[0;32m  OK  [0m] Listening on Load/Save RF Kill Switch Status /dev/rfkill Watch.
[[0;32m  OK  [0m] Found device 82540EM Gigabit Ethern...r (PRO/1000 MT Desktop Adapter).
[[0;32m  OK  [0m] Started Set console font and keymap.
[[0;32m  OK  [0m] Created slice system-getty.slice.
[    8.998257] cloud-init[481]: Cloud-init v. 18.2 running 'init-local' at Wed, 14 Nov 2018 19:18:04 +0000. Up 8.65 seconds.
[[0;32m  OK  [0m] Started Initial cloud-init job (pre-networking).
[[0;32m  OK  [0m] Reached target Network (Pre).
[[0;32m  OK  [0m] Started ifup for enp0s3.
         Starting Raise network interfaces...
[[0;32m  OK  [0m] Started ifup for enp0s8.
[[0;32m  OK  [0m] Started Raise network interfaces.
         Starting Initial cloud-init job (metadata service crawler)...
[[0;32m  OK  [0m] Reached target Network.
[   10.139731] cloud-init[1090]: Cloud-init v. 18.2 running 'init' at Wed, 14 Nov 2018 19:18:05 +0000. Up 9.77 seconds.
[   10.178294] cloud-init[1090]: ci-info: ++++++++++++++++++++++++++++++++++++++Net device info++++++++++++++++++++++++++++++++++++++
[   10.181174] cloud-init[1090]: ci-info: +--------+------+-----------------------------+---------------+-------+-------------------+
[   10.216479] [[0;32m  OK  [0m] Started Initial cloud-init job (metadata service crawler).
cloud-init[1090]: ci-info: | Device |  Up  |           Address           |      Mask     | Scope |     Hw-Address    |[
[0;32m  OK  [0m] Reached target Network is Online.
[   10.218745] cloud-init[1090]: ci-info: +--------+------+-----------------------------+---------------+-------+-------------------+
[   10.233069] cloud-init[1090]: ci-info: | enp0s3 | True |          10.0.2.15          | 255.255.255.0 |   .   | 02:e4:ac:f5:39:a9 |
[   10.252666]          Starting iSCSI initiator daemon (iscsid)...
[[0;32m  OK  [0m] Reached target System Initialization.
[[0;32m  OK  [0m] Listening on ACPID Listen Socket.
         Starting Socket activation for snappy daemon.
[[0;32m  OK  [0m] Listening on D-Bus System Message Bus Socket.
cloud-init[1090]: ci-info: | enp0s3 | True |  fe80::e4:acff:fef5:39a9/64 |       .       |  link | 02:e4:ac:f5:39:a9 |
[   10.352396] [[0;32m  OK  [0m] Started Clean PHP session files every 30 mins.
cloud-init[1090]: ci-info: | enp0s8 | True |        192.168.56.111       | 255.255.255.0 |   .   | 08:00:27:f3:f3:37 |
[   10.357892] [[0;32m  OK  [0m] Started ACPI Events Check.
[[0;32m  OK  [0m] Reached target Paths.
cloud-init[1090]: ci-info: | enp0s8 | True | fe80::a00:27ff:fef3:f337/64 |       .       |  link | 08:00:27:f3:f3:37 |
[   10.372865]          Starting LXD - unix socket.
[[0;32m  OK  [0m] Started Daily apt download activities.
[[0;32m  OK  [0m] Listening on UUID daemon activation socket.
[[0;32m  OK  [0m] Started Daily apt upgrade and clean activities.
cloud-init[1090]: ci-info: |   lo   | True |          127.0.0.1          |   255.0.0.0   |   .   |         .         |
[   10.389592] [[0;32m  OK  [0m] Started Daily Cleanup of Temporary Directories.
[[0;32m  OK  [0m] Reached target Timers.
cloud-init[1090]: ci-info: |   lo   | True |           ::1/128           |       .       |  host |         .         |
[[0;32m  OK  [0m] Reached target Cloud-config availability.
[   10.390847] cloud-init[1090]: ci-info: +--------+------+-----------------------------+---------------+-------+-------------------+
[   10.432334] cloud-init[1090]: ci-info: ++++++++++++++++++++++++++++Route IPv4 info++++++++++++++++++++++++++++
[   10.434558] cloud-init[1090]: ci-info: +-------+--------------+----------+---------------+-----------+-------+
[   10.436791] cloud-init[1090]: ci-info: | Route | Destination  | Gateway  |    Genmask    | Interface | Flags |
[   10.438939] cloud-init[1090]: ci-info: +-------+--------------+----------+---------------+-----------+-------+[[0;32m  OK  [0m] Listening on Socket activation for snappy daemon.

[   10.446627] [[0;32m  OK  [0m] Listening on LXD - unix socket.
cloud-init[1090]: ci-info: |   0   |   0.0.0.0    | 10.0.2.2 |    0.0.0.0    |   enp0s3  |   UG  |
[   10.454658] [[0;32m  OK  [0m] Started iSCSI initiator daemon (iscsid).
cloud-init[1090]: ci-info: |   1   |   10.0.2.0   | 0.0.0.0  | 255.255.255.0 |   enp0s3  |   U   |
[   10.457830] cloud-init[1090]: ci-info: |   2   | 192.168.56.0 | 0.0.0.0  | 255.255.255.0 |   enp0s8  |   U   |
[   10.461575] cloud-init[1090]: ci-info: +-------+--------------+----------+---------------+-----------+-------+
         Starting Login to default iSCSI targets...
[[0;32m  OK  [0m] Reached target Sockets.
[[0;32m  OK  [0m] Reached target Basic System.
         Starting MySQL Community Server...
[[0;32m  OK  [0m] Started FUSE filesystem for LXC.
         Starting vboxadd.service...
         Starting LSB: Record successful boot for GRUB...
         Starting /etc/rc.local Compatibility...
         Starting LXD - container startup/shutdown...
         Starting LSB: MD monitoring daemon...
[[0;32m  OK  [0m] Started Regular background program processing daemon.
         Starting The PHP 7.1 FastCGI Process Manager...
[[0;32m  OK  [0m] Started D-Bus System Message Bus.
         Starting Login Service...
         Starting Clean php session files...
         Starting Accounts Service...
         Starting OpenBSD Secure Shell server...
[[0;32m  OK  [0m] Started Deferred execution scheduler.
         Starting System Logging Service...
[[0;32m  OK  [0m] Started Unattended Upgrades Shutdown.
         Starting Apply the settings specified in cloud-config...
[[0;32m  OK  [0m] Started ACPI event daemon.
         Starting Snappy daemon...
[[0;32m  OK  [0m] Started System Logging Service.
[[0;32m  OK  [0m] Started vboxadd.service.
[[0;32m  OK  [0m] Started /etc/rc.local Compatibility.
[[0;32m  OK  [0m] Started LXD - container startup/shutdown.
[[0;32m  OK  [0m] Started OpenBSD Secure Shell server.
[[0;32m  OK  [0m] Started Login to default iSCSI targets.
[[0;32m  OK  [0m] Started LSB: Record successful boot for GRUB.
[[0;32m  OK  [0m] Started LSB: MD monitoring daemon.
[[0;32m  OK  [0m] Started Snappy daemon.
[[0;32m  OK  [0m] Started Login Service.
         Starting Authenticate and Authorize Users to Run Privileged Tasks...
         Starting Wait until snapd is fully seeded...
[[0;32m  OK  [0m] Reached target Remote File Systems (Pre).
[[0;32m  OK  [0m] Reached target Remote File Systems.
         Starting LSB: automatic crash report generation...
         Starting LSB: Set the CPU Frequency Scaling governor to "ondemand"...
         Starting Permit User Sessions...
         Starting LSB: daemon to balance interrupts for SMP systems...
         Starting vboxadd-service.service...
[[0;32m  OK  [0m] Started Wait until snapd is fully seeded.
[[0;32m  OK  [0m] Started Permit User Sessions.
[[0;32m  OK  [0m] Started Authenticate and Authorize Users to Run Privileged Tasks.
[[0;1;31mFAILED[0m] Failed to start vboxadd-service.service.
See 'systemctl status vboxadd-service.service' for details.
[[0;32m  OK  [0m] Started Accounts Service.
         Starting Hold until boot process finishes up...
         Starting Terminate Plymouth Boot Screen...
[[0;32m  OK  [0m] Started LSB: automatic crash report generation.
[[0;32m  OK  [0m] Started LSB: Set the CPU Frequency Scaling governor to "ondemand".
[[0;32m  OK  [0m] Started Clean php session files.
[[0;32m  OK  [0m] Started LSB: daemon to balance interrupts for SMP systems.
[[0;32m  OK  [0m] Started Hold until boot process finishes up.
[[0;32m  OK  [0m] Started Terminate Plymouth Boot Screen.
[[0;32m  OK  [0m] Started The PHP 7.1 FastCGI Process Manager.
[[0;32m  OK  [0m] Started Getty on tty1.
[[0;32m  OK  [0m] Started Serial Getty on ttyS0.
[[0;32m  OK  [0m] Reached target Login Prompts.
         Starting Set console scheme...
[[0;32m  OK  [0m] Started Set console scheme.
[   11.882701] cloud-init[1230]: Cloud-init v. 18.2 running 'modules:config' at Wed, 14 Nov 2018 19:18:07 +0000. Up 11.63 seconds.
[[0;32m  OK  [0m] Started Apply the settings specified in cloud-config.
[[0;32m  OK  [0m] Started MySQL Community Server.
[[0;32m  OK  [0m] Reached target Multi-User System.
         Starting Execute cloud user/final scripts...
[[0;32m  OK  [0m] Reached target Graphical Interface.
         Starting Update UTMP about System Runlevel Changes...
[[0;32m  OK  [0m] Started Update UTMP about System Runlevel Changes.
[[0;32m  OK  [0m] Created slice User Slice of vagrant.
         Starting User Manager for UID 1000...
[[0;32m  OK  [0m] Started Session 1 of user vagrant.
[[0;32m  OK  [0m] Started User Manager for UID 1000.
[   12.798922] cloud-init[1435]: Cloud-init v. 18.2 running 'modules:final' at Wed, 14 Nov 2018 19:18:08 +0000. Up 12.39 seconds.
[   12.995572] cloud-init[1435]: Cloud-init v. 18.2 finished at Wed, 14 Nov 2018 19:18:08 +0000. Datasource DataSourceNoCloud [seed=/dev/sdb][dsmode=net].  Up 12.76 seconds
[[0;32m  OK  [0m] Started Execute cloud user/final scripts.
[[0;32m  OK  [0m] Reached target Cloud-init target.
         Starting Daily apt download activities...

Ubuntu 16.04.4 LTS yiishop ttyS0

yiishop login: 