[    0.000000] Initializing cgroup subsys cpuset
[    0.000000] Initializing cgroup subsys cpu
[    0.000000] Initializing cgroup subsys cpuacct
[    0.000000] Linux version 4.4.0-139-generic (buildd@lcy01-amd64-006) (gcc version 5.4.0 20160609 (Ubuntu 5.4.0-6ubuntu1~16.04.10) ) #165-Ubuntu SMP Wed Oct 24 10:58:50 UTC 2018 (Ubuntu 4.4.0-139.165-generic 4.4.160)
[    0.000000] Command line: BOOT_IMAGE=/boot/vmlinuz-4.4.0-139-generic root=UUID=94cf6dec-b559-40f4-9677-8490a116614b ro console=tty1 console=ttyS0
[    0.000000] KERNEL supported cpus:
[    0.000000]   Intel GenuineIntel
[    0.000000]   AMD AuthenticAMD
[    0.000000]   Centaur CentaurHauls
[    0.000000] x86/fpu: xstate_offset[2]:  576, xstate_sizes[2]:  256
[    0.000000] x86/fpu: Supporting XSAVE feature 0x01: 'x87 floating point registers'
[    0.000000] x86/fpu: Supporting XSAVE feature 0x02: 'SSE registers'
[    0.000000] x86/fpu: Supporting XSAVE feature 0x04: 'AVX registers'
[    0.000000] x86/fpu: Enabled xstate features 0x7, context size is 832 bytes, using 'standard' format.
[    0.000000] e820: BIOS-provided physical RAM map:
[    0.000000] BIOS-e820: [mem 0x0000000000000000-0x000000000009fbff] usable
[    0.000000] BIOS-e820: [mem 0x000000000009fc00-0x00000000000ffff] reserved
[    0.000000] BIOS-e820: [mem 0x00000000000f0000-0x00000000000fffff] reserved
[    0.00000] BIOS-e820: [mem 0x0000000000100000-0x000000007ffeffff] usable
[    0.000000] BIOS-e820: [mem 0x000000007fff0000-0x000000007fffffff] ACPI data
[    0.000000] BIOS-e820: [mem 0x00000000fec00000-0x00000000fec00fff] reserved
[    0.000000] BIOS-e820: [mem 0x00000000fee00000-0x00000000fee00fff] reserved
[    0.000000] BIOS-e820: [mem 0x00000000fffc0000-0x00000000ffffffff] reserved
[    0.000000] NX (Execute Disable) protection: active
[    0.000000] SMBIOS 2.5 present.
[    0.000000] Hypervisor detected: KVM
[    0.000000] e820: last_pfn = 0x7fff0 max_arch_pfn = 0x400000000
[    0.000000] MTRR: Disabled
[    0.000000] x86/PAT: MTRRs disabled, skipping PAT initialization too.
[    0.000000] CPU MTRRs all blank - virtualized system.
[    0.000000] x86/PAT: Configuration [0-7]: WB  WT  UC- UC  WB  WT  UC- UC  
[    0.000000] found SMP MP-table at [mem 0x0009fff0-0x0009ffff] mapped at [ffff88000009fff0]
[    0.000000] Scanning 1 areas for low memory corruption
[    0.000000] RAMDISK: [mem 0x361ec000-0x370edfff]
[    0.000000] ACPI: Early table checksum verification dibld
[    0.000000] ACPI: RSDP 0x00000000000E0000 000024 (v0 VBO )
[    0.000000] ACPI: XSDT 0x000000007FFF0030 00003C (v01 VBOX   VBOXXSDT 00000001 ASL  00000061)
[    0.000000] ACPI: FACP 0x000000007FFF00F0 0000F4 (v04 VBOX   VBOXFACP 00000001 ASL  00000061)
[    0.000000] ACPI: DSDT 0x000000007FFF0470 0021FF (v02 VBOX   VBOXBIOS 00000002 INTL 20180105)
[    0.000000] ACPI: FACS 0x000000007FFF0200 000040
[    0.000000] ACPI: FACS 0x000000007FFF0200 000040
[    0.000000] ACPI: APIC 0x000000007FFF0240 00005C (v02 VBOX   VBOXAPIC 00000001 ASL  00000061)
[    0.000000] ACPI: SSDT 0x000000007FFF02A0 0001CC (v01 VBOX   VBOXCPUT 00000002 INTL 20180105)
[    0.000000] No NUMA configuration found
[    0.000000] Faking a node at [mem 0x0000000000000000-0x000000007ffeffff]
[    0.000000] NODE_DATA(0) allocated [mem 0x7ffeb000-0x7ffeffff]
[    0.000000] kvm-clock: Using msrs 4b564d01 and 4b564d00
[    0.000000] kvm-clock: cpu 0, msr 0:7ffe3001, primary cpu clock
[    0.000000] kvm-clock: using sched offset of 3666273263 cycles
[    0.000000] clocksource: kvm-clock: ask: 0xffffffffffffffff max_cycles: 0x1cd42e4dffb, max_idle_ns: 881590591483 ns
[    0.000000] Zone ranges:
[    0.000000]   DMA      [mem 0x0000000000001000-0x0000000000ffffff]
[    0.000000]   DMA32    [mem 0x0000000001000000-0x000000007ffeffff]
[    0.000000]   Normal   empty
[    0.000000]   Device   empty
[    0.000000] Movable zone start for each node
[    0.000000] Early memory node ranges
[    0.000000]   node   0: [mem 0x0000000000001000-0x000000000009efff]
[    0.000000]   node   0: [mem 0x0000000000100000-0x000000007ffeffff]
[    0.000000] Initmem setup node 0 [mem 0x0000000000001000-0x000000007ffeffff]
[    0.000000] ACPI: PM-Timer IO Port: 0x4008
[    0.000000] IOAPIC[0]: apic_id 2, version 32, address 0xfec00000, GSI 0-23
[    0.000000] ACPI: INT_SRC_OVR (bus 0 bus_irq 0 global_irq 2 dfl dfl)
[    0.000000] ACPI: INT_SRC_OVR (bus 0 bus_irq 9 global_irq 9 low level)
[    0.000000] Using ACPI (MADT) for SMP configuration information
[    0.000000] smpboot: Allowing 2 CPUs, 0 hotplug CPUs
[    0.000000] PM: Registered nosave memory: [mem 0x00000000-0x00000fff]
[    0.000000] PM: Registered nosave memory: [mem 0x0009f000-0x0009ffff]
[    0.000000] PM: Registered nosave memory: [mem 0x000a0000-0x000effff]
[    0.000000] PM: Registered nosave memory: [mem 0x000f0000-0x000fffff]
[    0.000000] e820: [mem 0x80000000-0xfebfffff] available for PCI devices
[    0.000000] Booting paravirtualized kernel on KVM
[    0.000000] clocksource: refined-jiffies: mask: 0xffffffff max_cycles: 0xffffffff, max_idle_ns: 7645519600211568 ns
[    0.000000] setup_percpu: NR_CPUS:512 nr_cpumask_bits:512 nr_cpu_ids:2 nr_node_ids:1
[    0.000000] PERCPU: Embedded 34 pages/cpu @ffff88007fc00000 s99608 r8192 d31464 u1048576
[    0.000000] PV qspinlock hash table entries: 256 (order: 0, 4096 bytes)
[    0.000000] Built 1 zonelists in Node order, mobility grouping on.  Total pages: 515960
[    0.000000] Policy zone: DMA32
[    0.000000] Kernel command line: BOOT_IMAGE=/boot/vmlinuz-4.4.0-139-generic root=UUID=94cf6dec-b559-40f4-9677-8490a116614b ro console=tty1 console=ttyS0
[    0.000000] PID hash table entries: 4096 (order: 3, 32768 bytes)
[    0.000000] Memory: 2029328K/2096696K available (8564K kernel code, 1314K rwdata, 4004K rodata, 1528K init, 1316K bss, 67368K reserved, 0K cma-reserved)
[    0.000000] SLUB: HWalign=64, Order=0-3, MinObjects=0, CPUs=2, Nodes=1
[    0.000000] Kernel/User page tables isolation: enabled
[    0.000000] Hierarchical RCU implementation.
[    0.000000] 	Build-time adjustment of leaf fanout to 64.
[    0.000000] 	RCU restricting CPUs from NR_CPUS=512 to nr_cpu_ids=2.
[    0.000000] RCU: Adjusting geometry for rcu_fanout_leaf=64, nr_cpu_ids=2
[    0.000000] NR_IRQS:33024 nr_irqs:440 16
[    0.000000] Console: colour VGA+ 80x25
[    0.000000] console [tty1] enabled
[    0.000000] console [ttyS0] enabled
[    0.000000] tsc: Detected 2303.998 MHz processor
[    1.064782] Calibrating delay loop (skipped) preset value.. 4607.99 BogoMIPS (lpj=9215992)
[    1.066868] pid_max: default: 32768 minimum: 301
[    1.068018] ACPI: Core revision 20150930
[    1.070181] ACPI: 2 ACPI AML tables successfully acquired and loaded
[    1.071820] Security Framework initialized
[    1.072893] Yama: becoming mindful.
[    1.073825] AppArmor: AppArmor initialized
[    1.075545] Dentry cache hash table entries: 262144 (order: 9, 2097152 bytes)
[    1.093186] Inode-cache hash table entries: 131072 (order: 8, 1048576 bytes)
[    1.095152] Mount-cache hash table entries: 4096 (order: 3, 32768 bytes)
[    1.096476] Mountpoint-cache hash table entries: 4096 (order: 3, 32768 bytes)
[    1.100557] Initializing cgroup subsys io
[    1.101441] Initializing cgroup subsys memory
[    1.102377] Initializing cgroup subsys devices
[    1.103315] Initializing cgroup subsys freezer
[    1.104297] Initializing cgroup subsys net_cls
[    1.105253] Initializing cgroup subsys perf_event
[    1.106232] Initializing cgroup subsys net_prio
[    1.107203] Initializing cgroup subsys hugetlb
[    1.108142] Initializing cgroup subsys pids
[    1.110368] mce: CPU supports 0 MCE banks
[    1.111298] Last level iTLB entries: 4KB 64, 2MB 8, 4MB 8
[    1.112396] Last level dTLB entries: 4KB 64, 2MB 0, 4MB 0, 1GB 4
[    1.113553] Spectre V2 : Mitigation: Full generic retpoline
[    1.114666] Spectre V2 : Spectre v2 mitigation: Speculation control IBPB not-supported IBRS not-supported
[    1.116363] Spectre V2 : Spectre v2 / SpectreRSB mitigation: Filling RSB on context switch
[    1.118430] Speculative Store Bypass: Vulnerable
[    1.122454] Freeing SMP alternatives memory: 32K
[    1.133159] ftrace: allocating 32278 entries in 127 pages
[    1.200085] smpboot: APIC(0) Converting physical 0 to logical package 0
[    1.212299] smpboot: Max logical packages: 1
[    1.213735] x2apic enabled
[    1.214833] Switched APIC routing to physical x2apic.
[    1.217426] ..TIMER: vector=0x30 apic1=0 pin1=2 apic2=-1 pin2=-1
[    1.323528] smpboot: CPU0: Intel(R) Core(TM) i3-6100U CPU @ 2.30GHz (family: 0x6, model: 0x4e, stepping: 0x3)
[    1.394129] Performance Events: unsupported p6 CPU model 78 no PMU driver, software events only.
[    1.396133] KVM setup paravirtual spinlock
[    1.398433] x86: Booting SMP configuration:
[    1.405515] .... node  #0, CPUs:      #1
[    1.406495] kvm-clock: cpu 1, msr 0:7ffe3041, secondary cpu clock
[    1.408782] mce: CPU supports 0 MCE banks
[    1.411458] x86: Booted up 1 node, 2 CPUs
[    1.412592] smpboot: Total of 2 processors activated (9215.99 BogoMIPS)
[    1.414332] devtmpfs: initialized
[    1.417590] evm: security.selinux
[    1.418391] evm: security.SMACK64
[    1.419185] evm: security.SMACK64EXEC
[    1.420045] evm: security.SMACK64TRANSMUTE
[    1.420930] evm: security.SMACK64MMAP
[    1.421753] evm: security.ima
[    1.422480] evm: security.capability
[    1.423478] clocksource: jiffies: mask: 0xffffffff max_cycles: 0xffffffff, max_idle_ns: 7645041785100000 ns
[    1.425458] futex hash table entries: 512 (order: 3, 32768 bytes)
[    1.426764] pinctrl core: initialized pinctrl subsystem
[    1.428101] RTC time: 18:33:44, date: 11/19/18
[    1.429390] NET: Registered protocol family 16
[    1.439263] cpuidle: using governor ladder
[    1.451302] cpuidle: using governor menu
[    1.452322] PCCT header not found.
[    1.453304] ACPI: bus type PCI registered
[    1.454339] acpiphp: ACPI Hot Plug PCI Controller Driver version: 0.5
[    1.455893] PCI: Using configuration type 1 for base access
[    1.467977] ACPI: Added _OSI(Module Device)
[    1.468910] ACPI: Added _OSI(Processor Device)
[    1.469843] ACPI: Added _OSI(3.0 _SCP Extensions)
[    1.470833] ACPI: Added _OSI(Processor Aggregator Device)
[    1.476243] ACPI: Executed 1 blocks of module-level executable AML code
[    1.480326] ACPI: Interpreter enabled
[    1.481320] ACPI: (supports S0 S5)
[    1.482236] ACPI: Using IOAPIC for interrupt routing
[    1.483610] PCI: Using host bridge windows from ACPI; if necessary, use "pci=nocrs" and report a bug
[    1.489869] ACPI: PCI Root Bridge [PCI0] (domain 0000 [bus 00-ff])
[    1.491287] acpi PNP0A03:00: _OSC: OS supports [ASPM ClockPM Segments MSI]
[    1.492865] acpi PNP0A03:00: _OSC: not requesting OS control; OS requires [ExtendedConfig ASPM ClockPM MSI]
[    1.495142] acpi PNP0A03:00: fail to add MMCONFIG information, can't access extended PCI configuration space under this bridge.
[    1.498043] PCI host bridge to bus 0000:00
[    1.500179] pci_bus 0000:00: root bus resource [io  0x0000-0x0cf7 window]
[    1.501690] pci_bus 0000:00: root bus resource [io  0x0d00-0xffff window]
[    1.503192] pci_bus 0000:00: root bus resource [mem 0x000a0000-0x000bffff window]
[    1.505104] pci_bus 0000:00: root bus resource [mem 0x80000000-0xfdffffff window]
[    1.506994] pci_bus 0000:00: root bus resource [bus 00-ff]
[    1.509997] pci 0000:00:01.1: legacy IDE quirk: reg 0x10: [io  0x01f0-0x01f7]
[    1.513050] pci 0000:00:01.1: legacy IDE quirk: reg 0x14: [io  0x03f6]
[    1.514506] pci 0000:00:01.1: legacy IDE quirk: reg 0x18: [io  0x0170-0x0177]
[    1.516074] pci 0000:00:01.1: legacy IDE quirk: reg 0x1c: [io  0x0376]
[    1.560408] pci 0000:00:07.0: quirk: [io  0x4000-0x403f] claimed by PIIX4 ACPI
[    1.562333] pci 0000:00:07.0: quirk: [io  0x4100-0x410f] claimed by PIIX4 SMB
[    1.582898] ACPI: PCI Interrupt Link [LNKA] (IRQs 5 9 10 *11)
[    1.585039] ACPI: PCI Interrupt Link [LNKB] (IRQs 5 9 *10 11)
[    1.608153] ACPI: PCI Interrupt Link [LNKC] (IRQs 5 *9 10 11)
[    1.609800] ACPI: PCI Interrupt Link [LNKD] (IRQs 5 9 10 *11)
[    1.611517] ACPI: Enabled 2 GPEs in block 00 to 07
[    1.613032] vgaarb: setting as boot device: PCI:0000:00:02.0
[    1.614161] vgaarb: device added: PCI:0000:00:02.0,decodes=io+mem,owns=io+mem,locks=none
[    1.616189] vgaarb: loaded
[    1.616969] vgaarb: bridge control possible 0000:00:02.0
[    1.628488] SCSI subsystem initialized
[    1.629481] ACPI: bus type USB registered
[    1.630395] usbcore: registered new interface driver usbfs
[    1.631490] usbcore: registered new interface driver hub
[    1.632597] usbcore: registered new device driver usb
[    1.633896] PCI: Using ACPI for IRQ routing
[    1.635165] NetLabel: Initializing
[    1.635970] NetLabel:  domain hash size = 128
[    1.636903] NetLabel:  protocols = UNLABELED CIPSOv4
[    1.637930] NetLabel:  unlabeled traffic allowed by default
[    1.639183] amd_nb: Cannot enumerate AMD northbridges
[    1.640274] clocksource: Switched to clocksource kvm-clock
[    1.648838] AppArmor: AppArmor Filesystem Enabled
[    1.685553] pnp: PnP ACPI init
[    1.687146] pnp: PnP ACPI: found 3 devices
[    1.698307] clocksource: acpi_pm: mask: 0xffffff max_cycles: 0xffffff, max_idle_ns: 2085701024 ns
[    1.700239] NET: Registered protocol family 2
[    1.701399] TCP established hash table entries: 16384 (order: 5, 131072 bytes)
[    1.703037] TCP bind hash table entries: 16384 (order: 6, 262144 bytes)
[    1.704379] TCP: Hash tables configured (established 16384 bind 16384)
[    1.705651] UDP hash table entries: 1024 (order: 3, 32768 bytes)
[    1.706840] UDP-Lite hash table entries: 1024 (order: 3, 32768 bytes)
[    1.708100] NET: Registered protocol family 1
[    1.709062] pci 0000:00:00.0: Limiting direct PCI/PCI transfers
[    1.710231] pci 0000:00:01.0: Activating ISA DMA hang workarounds
[    1.711558] Unpacking initramfs...
[    1.994625] Freeing initrd memory: 15368K
[    2.007822] platform rtc_cmos: registered platform RTC device (no PNP device found)
[    2.026535] Scanning for low memory corruption every 60 seconds
[    2.095956] audit: initializing netlink subsys (disabled)
[    2.145958] audit: type=2000 audit(1542652428.537:1): initialized
[    2.275746] Initialise system trusted keyring
[    2.277208] HugeTLB registered 2 MB page size, pre-allocated 0 pages
[    2.280259] zbud: loaded
[    2.281492] VFS: Disk quotas dquot_6.6.0
[    2.282563] VFS: Dquot-cache hash table entries: 512 (order 0, 4096 bytes)
[    2.284395] squashfs: version 4.0 (2009/01/31) Phillip Lougher
[    2.286181] fuse init (API version 7.23)
[    2.287364] Key type big_key registered
[    2.288376] Allocating IMA MOK and blacklist keyrings.
[    2.290805] Key type asymmetric registered
[    2.291860] Asymmetric key parser 'x509' registered
[    2.293126] Block layer SCSI generic (bsg) driver version 0.4 loaded (major 249)
[    2.295133] io scheduler noop registered
[    2.296144] io scheduler deadline registered (default)
[    2.297452] io scheduler cfq registered
[    2.298569] pci_hotplug: PCI Hot Plug PCI Core version: 0.5
[    2.299887] pciehp: PCI Express Hot Plug Controller Driver version: 0.4
[    2.301572] ACPI: AC Adapter [AC] (on-line)
[    2.302705] input: Power Button as /devices/LNXSYSTM:00/LNXPWRBN:00/input/input0
[    2.304579] ACPI: Power Button [PWRF]
[    2.305654] input: Sleep Button as /devices/LNXSYSTM:00/LNXSLPBN:00/input/input1
[    2.307545] ACPI: Sleep Button [SLPF]
[    2.308772] GHES: HEST is not enabled!
[    2.310523] ACPI: Battery Slot [BAT0] (battery present)
[    2.311821] Serial: 8250/16550 driver, 32 ports, IRQ sharing enabled
[    2.335514] 00:02: ttyS0 at I/O 0x3f8 (irq = 4, base_baud = 115200) is a 16550A
[    2.338712] Linux agpgart interface v0.103
[    2.341909] loop: module loaded
[    2.343484] scsi host0: ata_piix
[    2.344589] scsi host1: ata_piix
[    2.345530] ata1: PATA max UDMA/33 cmd 0x1f0 ctl 0x3f6 bmdma 0xd000 irq 14
[    2.355740] ata2: PATA max UDMA/33 cmd 0x170 ctl 0x376 bmdma 0xd008 irq 15
[    2.357650] libphy: Fixed MDIO Bus: probed
[    2.358716] tun: Universal TUN/TAP device driver, 1.6
[    2.359940] tun: (C) 1999-2004 Max Krasnyansky <maxk@qualcomm.com>
[    2.361463] PPP generic driver version 2.4.2
[    2.362628] ehci_hcd: USB 2.0 'Enhanced' Host Controller (EHCI) Driver
[    2.364119] ehci-pci: EHCI PCI platform driver
[    2.375908] ehci-platform: EHCI generic platform driver
[    2.377224] ohci_hcd: USB 1.1 'Open' Host Controller (OHCI) Driver
[    2.378663] ohci-pci: OHCI PCI platform driver
[    2.379779] ohci-platform: OHCI generic platform driver
[    2.381064] uhci_hcd: USB Universal Host Controller Interface driver
[    2.382590] i8042: PNP: PS/2 Controller [PNP0303:PS2K,PNP0f03:PS2M] at 0x60,0x64 irq 1,12
[    2.385204] serio: i8042 KBD port at 0x60,0x64 irq 1
[    2.386443] serio: i8042 AUX port at 0x60,0x64 irq 12
[    2.387794] mousedev: PS/2 mouse device common for all mice
[    2.389619] rtc_cmos rtc_cmos: rtc core: registered rtc_cmos as rtc0
[    2.391196] rtc_cmos rtc_cmos: alarms up to one day, 114 bytes nvram
[    2.392713] i2c /dev entries driver
[    2.393733] input: AT Translated Set 2 keyboard as /devices/platform/i8042/serio0/input/input2
[    2.399613] device-mapper: uevent: version 1.0.3
[    2.400942] device-mapper: ioctl: 4.34.0-ioctl (2015-10-28) initialised: dm-devel@redhat.com
[    2.403036] ledtrig-cpu: registered to indicate activity on CPUs
[    2.404968] NET: Registered protocol family 10
[    2.406346] NET: Registered protocol family 17
[    2.407475] Key type dns_resolver registered
[    2.408807] registered taskstats version 1
[    2.409915] Loading compiled-in X.509 certificates
[    2.416106] Loaded X.509 cert 'Build time autogenerated kernel key: a88b0f663ecfd40e6a501dee2f0b211d51902e35'
[    2.418509] zswap: loaded using pool lzo/zbud
[    2.422096] Key type trusted registered
[    2.427349] Key type encrypted registered
[    2.428423] AppArmor: AppArmor sha1 policy hashing enabled
[    2.429774] ima: No TPM chip found, activating TPM-bypass!
[    2.431089] ima: Allocated hash algorithm: sha1
[    2.432223] evm: HMAC attrs: 0x1
[    2.433559]   Magic number: 10:398:595
[    2.434690] rtc_cmos rtc_cmos: setting system clock to 2018-11-19 18:33:45 UTC (1542652425)
[    2.437005] BIOS EDD facility v0.16 2004-Jun-25, 0 devices found
[    2.438407] EDD information not available.
[    2.516370] Freeing unused kernel memory: 1528K
[    2.519486] Write protecting the kernel read-only data: 14336k
[    2.524450] Freeing unused kernel memory: 1664K
[    2.528147] Freeing unused kernel memory: 92K
Loading, please wait...
starting version 229
[    2.570049] random: systemd-udevd: uninitialized urandom read (16 bytes read, 3 bits of entropy available)
[    2.572239] random: udevadm: uninitialized urandom read (16 bytes read, 3 bits of entropy available)
[    2.572384] random: udevadm: uninitialized urandom read (16 bytes read, 3 bits of entropy available)
[    2.586258] random: systemd-udevd: uninitialized urandom read (16 bytes read, 3 bits of entropy available)
[    2.587256] random: udevadm: uninitialized urandom read (16 bytes read, 3 bits of entropy available)
[    2.587310] random: udevadm: uninitialized urandom read (16 bytes read, 3 bits of entropy available)
[    2.587476] random: udevadm: uninitialized urandom read (16 bytes read, 3 bits of entropy available)
[    2.587538] random: udevadm: uninitialized urandom read (16 bytes read, 3 bits of entropy available)
[    2.587595] random: udevadm: uninitialized urandom read (16 bytes read, 3 bits of entropy available)
[    2.587665] random: udevadm: uninitialized urandom read (16 bytes read, 3 bits of entropy available)
[    2.781365] e1000: Intel(R) PRO/1000 Network Driver - version 7.3.21-k8-NAPI
[    2.795376] e1000: Copyright (c) 1999-2006 Intel Corporation.
[    2.813846] Fusion MPT base driver 3.04.20
[    2.815022] Copyright (c) 1999-2008 LSI Corporation
[    2.823885] Fusion MPT SPI Host driver 3.04.20
[    2.846156] AVX2 version of gcm_enc/dec engaged.
[    2.848900] AES CTR mode by8 optimization enabled
[    3.004374] tsc: Refined TSC clocksource calibration: 2305.956 MHz
[    3.005940] clocksource: tsc: mask: 0xffffffffffffffff max_cycles: 0x213d2f843c1, max_idle_ns: 440795215618 ns
[    3.018041] input: ImExPS/2 Generic Explorer Mouse as /devices/platform/i8042/serio1/input/input4
[    3.207951] e1000 0000:00:03.0 eth0: (PCI:33MHz:32-bit) 02:e4:ac:f5:39:a9
[    3.225428] e1000 0000:00:03.0 eth0: Intel(R) PRO/1000 Network Connection
[    3.227571] mptbase: ioc0: Initiating bringup
[    3.323947] ioc0: LSI53C1030 A0: Capabilities={Initiator}
[    4.071789] scsi host2: ioc0: LSI53C1030 A0, FwRev=00000000h, Ports=1, MaxQ=256, IRQ=20
[    4.217110] scsi 2:0:0:0: Direct-Access     VBOX     HARDDISK         1.0  PQ: 0 ANSI: 5
[    4.249367] scsi target2:0:0: Beginning Domain Validation
[    4.265664] scsi target2:0:0: Domain Validation skipping write tests
[    4.267155] scsi target2:0:0: Ending Domain Validation
[    4.268498] scsi target2:0:0: asynchronous
[    4.274083] scsi 2:0:1:0: Direct-Access     VBOX     HARDDISK         1.0  PQ: 0 ANSI: 5
[    4.276188] scsi target2:0:1: Beginning Domain Validation
[    4.278360] scsi target2:0:1: Domain Validation skipping write tests
[    4.279747] scsi target2:0:1: Ending Domain Validation
[    4.294042] scsi target2:0:1: asynchronous
[    4.309419] sd 2:0:0:0: Attached scsi generic sg0 type 0
[    4.310727] sd 2:0:0:0: [sda] 20971520 512-byte logical blocks: (10.7 GB/10.0 GiB)
[    4.313163] sd 2:0:1:0: [sdb] 20480 512-byte logical blocks: (10.5 MB/10.0 MiB)
[    4.314971] sd 2:0:1:0: Attached scsi generic sg1 type 0
[    4.321817] sd 2:0:0:0: [sda] Write Protect is off
[    4.322942] sd 2:0:1:0: [sdb] Write Protect is off
[    4.324102] sd 2:0:0:0: [sda] Incomplete mode parameter data
[    4.335377] sd 2:0:0:0: [sda] Assuming drive cache: write through
[    4.336754] sd 2:0:1:0: [sdb] Incomplete mode parameter data
[    4.337981] sd 2:0:1:0: [sdb] Assuming drive cache: write through
[    4.341195]  sda: sda1
[    4.342185] sd 2:0:1:0: [sdb] Attached SCSI disk
[    4.343811] sd 2:0:0:0: [sda] Attached SCSI disk
[    4.584427] e1000 0000:00:08.0 eth1: (PCI:33MHz:32-bit) 08:00:27:f3:f3:37
[    4.586301] e1000 0000:00:08.0 eth1: Intel(R) PRO/1000 Network Connection
[    4.589257] e1000 0000:00:08.0 enp0s8: renamed from eth1
[    4.676854] e1000 0000:00:03.0 enp0s3: renamed from eth0
Begin: Loading e[    6.326727] md: linear personality registered for level -1
ssential drivers ... [    6.379623] md: multipath personality registered for level -4
[    6.383927] md: raid0 personality registered for level 0
[    6.389546] md: raid1 personality registered for level 1
[    6.465538] raid6: sse2x1   gen()  6895 MB/s
[    6.545555] raid6: sse2x1   xor()  6431 MB/s
[    6.845566] raid6: sse2x2   gen()  9938 MB/s
[    6.925616] raid6: sse2x2   xor()  7352 MB/s
[    7.025606] raid6: sse2x4   gen() 11318 MB/s
[    7.115608] raid6: sse2x4   xor()  7846 MB/s
[    7.185666] raid6: avx2x1   gen() 16176 MB/s
[    7.261110] raid6: avx2x2   gen() 17986 MB/s
[    7.480404] raid6: avx2x4   gen() 18475 MB/s
[    7.497035] raid6: using algorithm avx2x4 gen() 18475 MB/s
[    7.498521] raid6: using avx2x2 recovery algorithm
[    7.501505] xor: automatically using best checksumming function:
[    7.540292]    avx       : 14554.000 MB/sec
[    7.548172] async_tx: api initialized (async)
[    7.558098] md: raid6 personality registered for level 6
[    7.826325] md: raid5 personality registered for level 5
[    7.827432] md: raid4 personality registered for level 4
[    7.835098] md: raid10 personality registered for level 10
done.
Begin: Running /scripts/init-premount ... done.
Begin: Mounting root file system ... Begin: Running /scripts/local-top ... done.
Begin: Running /scripts/local-premount ... [    8.019847] Btrfs loaded
Scanning for Btrfs filesystems
done.
Warning: fsck no[    8.072275] EXT4-fs (sda1): mounted filesystem with ordered data mode. Opts: (null)
t present, so skipping root file system
done.
Begin: Running /scripts/local-bottom ... done.
Begin: Running /scripts/init-bottom ... done.
[    8.261469] systemd[1]: systemd 229 running in system mode. (+PAM +AUDIT +SELINUX +IMA +APPARMOR +SMACK +SYSVINIT +UTMP +LIBCRYPTSETUP +GCRYPT +GNUTLS +ACL +XZ -LZ4 +SECCOMP +BLKID +ELFUTILS +KMOD -IDN)
[    8.271541] systemd[1]: Detected virtualization oracle.
[    8.283525] systemd[1]: Detected architecture x86-64.

Welcome to [1mUbuntu 16.04.4 LTS[0m!

[    8.300368] systemd[1]: Set hostname to <yiishop>.
[    8.488206] systemd[1]: Reached target Encrypted Volumes.
[[0;32m  OK  [0m] Reached target Encrypted Volumes.
[    8.565070] systemd[1]: Created slice User and Session Slice.
[[0;32m  OK  [0m] Created slice User and Session Slice.
[    8.567962] systemd[1]: Listening on udev Kernel Socket.
[[0;32m  OK  [0m] Listening on udev Kernel Socket.
[    8.576013] systemd[1]: Set up automount Arbitrary Executable File Formats File System Automount Point.
[[0;32m  OK  [0m] Set up automount Arbitrary Executab...ats File System Automount Point.
[    8.579729] systemd[1]: Started Trigger resolvconf update for networkd DNS.
[[0;32m  OK  [0m] Started Trigger resolvconf update for networkd DNS.
[    8.582823] systemd[1]: Listening on udev Control Socket.
[[0;32m  OK  [0m] Listening on udev Control Socket.
[    8.585442] systemd[1]: Listening on /dev/initctl Compatibility Named Pipe.
[[0;32m  OK  [0m] Listening on /dev/initctl Compatibility Named Pipe.
[    8.588396] systemd[1]: Listening on Syslog Socket.
[[0;32m  OK  [0m] Listening on Syslog Socket.
[    8.596090] systemd[1]: Listening on Device-mapper event daemon FIFOs.
[[0;32m  OK  [0m] Listening on Device-mapper event daemon FIFOs.
[    8.639688] systemd[1]: Listening on LVM2 poll daemon socket.
[[0;32m  OK  [0m] Listening on LVM2 poll daemon socket.
[    8.642172] systemd[1]: Reached target Swap.
[[0;32m  OK  [0m] Reached target Swap.
[    8.644255] systemd[1]: Listening on LVM2 metadata daemon socket.
[[0;32m  OK  [0m] Listening on LVM2 metadata daemon socket.
[    8.647456] systemd[1]: Created slice System Slice.
[[0;32m  OK  [0m] Created slice System Slice.
[    8.655801] systemd[1]: Created slice system-serial\x2dgetty.slice.
[[0;32m  OK  [0m] Created slice system-serial\x2dgetty.slice.
[    8.664390] systemd[1]: Started Forward Password Requests to Wall Directory Watch.
[[0;32m  OK  [0m] Started Forward Password Requests to Wall Directory Watch.
[    8.669247] systemd[1]: Reached target System Time Synchronized.
[[0;32m  OK  [0m] Reached target System Time Synchronized.
[    8.672130] systemd[1]: Reached target Slices.
[[0;32m  OK  [0m] Reached target Slices.
[    8.674432] systemd[1]: Listening on Journal Audit Socket.
[[0;32m  OK  [0m] Listening on Journal Audit Socket.
[    8.676850] systemd[1]: Reached target User and Group Name Lookups.
[[0;32m  OK  [0m] Reached target User and Group Name Lookups.
[    8.679414] systemd[1]: Listening on Journal Socket (/dev/log).
[[0;32m  OK  [0m] Listening on Journal Socket (/dev/log).
[    8.681921] systemd[1]: Listening on Journal Socket.
[[0;32m  OK  [0m] Listening on Journal Socket.
[    8.697269] systemd[1]: Starting Journal Service...
         Starting Journal Service...
[    8.733421] systemd[1]: Starting Nameserver information manager...
         Starting Nameserver information manager...
[    8.817618] systemd[1]: Mounting Debug File System...
         Mounting Debug File System...
[    8.826246] systemd[1]: Mounting Huge Pages File System...
         Mounting Huge Pages File System...
[    8.829895] systemd[1]: Starting Uncomplicated firewall...
         Starting Uncomplicated firewall...
[    8.885199] systemd[1]: Starting Load Kernel Modules...
         [    8.991312] Loading iSCSI transport class v2.0-870.
Starting Load Kernel Modules...
[    9.107854] systemd[1]: Starting Monitoring of LVM2 mirrors, snapshots etc. using dmeventd or progress polling...
[    9.107865] random: nonblocking pool is initialized
         Starting Monitor[    9.117438] iscsi: registered transport (tcp)
ing of LVM2 mirrors... dmeventd or progress polling...
[    9.123283] systemd[1]: Mounting POSIX Message Queue File System...
         Mounting POSIX Message Queue File System...
[    9.162042] systemd[1]: Starting Set console keymap...
         Starting Set console keymap...
[    9.187168] systemd[1]: Starting Create list of required static device nodes for the current kernel...
         Starting Create list of required st... nodes for the current kernel...
[    9.228542] systemd[1]: Starting Remount Root and Kernel File Systems...
         Starting Remount Root and Kernel File Systems...
[    9.255084] systemd[1]: Mounted Huge Pages File System.
[    9.256544] EXT4-fs (sda1): re-mounted. Opts: (null)
[[0;32m  OK  [0m] Mounted Huge [    9.263027] iscsi: registered transport (iser)
Pages File System.
[    9.345402] systemd[1]: Mounted POSIX Message Queue File System.
[[0;32m  OK  [0m] Mounted POSIX Message Queue File System.
[  9.376803] systemd[1]: Mountedeb Fe System.

[[0;32m  OK  [0m] Mounted Debug File System.
[    9.691505] systemd[1]: Started Journal Service.
[[0;32m  OK  [0m] Started Journal Service.
[[0;32m  OK  [0m] Started Uncomplicated firewall.
[[0;32m  OK  [0m] Started Load Kernel Modules.
[[0;32m  OK  [0m] Started Set console keymap.
[[0;32m  OK  [0m] Started Create list of required sta...ce nodes for the current kernel.
[[0;32m  OK  [0m] Started Remount Root and Kernel File Systems.
[[0;32m  OK  [0m] Started Nameserver information manager.
[[0;32m  OK  [0m] Started LVM2 metadata daemon.
         Starting udev Coldplug all Devices...
         Starting Load/Save Random Seed...
         Starting Create Static Device Nodes in /dev...
         Mounting FUSE Control File System...
         Starting Apply Kernel Variables...
         Starting Flush Journal to Persistent Storage...
[[0;32m  OK  [0m] Mounted FUSE Control File System.
[[0;32m  OK  [0m] Started Load/Save Random Seed.
[[0;32m  OK  [0m] Started Create Static Device Nodes in /dev.
[[0;32m  OK  [0m] Started Apply Kernel Variables.
[[0;32m  OK  [0m] Started udev Coldplug all Devices.
[[0;32m  OK  [0m] Started Flush Journal to Persistent Storage.
         Starting udev Kernel Device Manager...
[[0;32m  OK  [0m] Started udev Kernel Device Manager.
[[0;32m  OK  [0m] Started Dispatch Password Requests to Console Directory Watch.
[[0;32m  OK  [0m] Found device /dev/ttyS0.
[[0;32m  OK  [0m] Found device 82540EM Gigabit Ethern...r (PRO/1000 MT Desktop Adapter).
[[0;32m  OK  [0m] Found device 82540EM Gigabit Ethern...r (PRO/1000 MT Desktop Adapter).
[[0;32m  OK  [0m] Listening on Load/Save RF Kill Switch Status /dev/rfkill Watch.
[[0;32m  OK  [0m] Started Monitoring of LVM2 mirrors,...ng dmeventd or progress polling.
[[0;32m  OK  [0m] Reached target Local File Systems (Pre).
[[0;32m  OK  [0m] Reached target Local File Systems.
         Starting Tell Plymouth To Write Out Runtime Data...
         Starting Create Volatile Files and Directories...
         Starting LSB: AppArmor initialization...
         Starting Set console font and keymap...
         Starting Initial cloud-init job (pre-networking)...
[[0;32m  OK  [0m] Started Tell Plymouth To Write Out Runtime Data.
[[0;32m  OK  [0m] Started Create Volatile Files and Directories.
         Starting Update UTMP about System Boot/Shutdown...
[[0;32m  OK  [0m] Started Update UTMP about System Boot/Shutdown.
[[0;32m  OK  [0m] Started LSB: AppArmor initialization.
[[0;32m  OK  [0m] Started Set console font and keymap.
[[0;32m  OK  [0m] Created slice system-getty.slice.
[   10.579011] cloud-init[687]: Cloud-init v. 18.2 running 'init-local' at Mon, 19 Nov 2018 18:33:54 +0000. Up 10.26 seconds.
[[0;32m  OK  [0m] Started Initial cloud-init job (pre-networking).
[[0;32m  OK  [0m] Reached target Network (Pre).
[[0;32m  OK  [0m] Started ifup for enp0s3.
         Starting Raise network interfaces...
[[0;32m  OK  [0m] Started ifup for enp0s8.
[[0;32m  OK  [0m] Started Raise network interfaces.
         Starting Initial cloud-init job (metadata service crawler)...
[[0;32m  OK  [0m] Reached target Network.
[   11.623824] cloud-init[1088]: Cloud-init v. 18.2 running 'init' at Mon, 19 Nov 2018 18:33:55 +0000. Up 11.26 seconds.
[   11.626436] cloud-init[1088]: ci-info: ++++++++++++++++++++++++++++++++++++++Net device info++++++++++++++++++++++++++++++++++++++
[   11.629291] cloud-init[1088]: ci-info: +--------+------+-----------------------------+---------------+-------+-------------------+
[   11.636094] cloud-init[1088]: ci-info: | Device |  Up  |           Address           |      Mask     | Scope |     Hw-Address    |
[   11.657508] cloud-init[1088]: ci-info: +--------+------+-----------------------------+---------------+-------+-------------------+
[   11.673318] cloud-init[1088]: ci-info: | enp0s3 | True |          10.0.2.15          | 255.255.255.0 |   .   | 02:e4:ac:f5:39:a9 |
[   11.673738] cloud-init[1088]: ci-info: | enp0s3 | True |  fe80::e4:acff:fef5:39a9/64 |       .       |  link | 02:e4:ac:f5:39:a9 |
[   11.673908] cloud-init[1088]: ci-info: | enp0s8 | True |        192.168.56.111       | 255.255.255.0 |   .   | 08:00:27:f3:f3:37 |
[[   11.674090] [0;32m  OK  [0mcloud-init] [1088]: Started Initial cloud-init job (metadata service crawler).ci-info: | enp0s8 | True | fe80::a00:27ff:fef3:f337/64 |       .       |  link | 08:00:27:f3:f3:37 |

[   11.674356] cloud-init[1088]: ci-info: |   lo   | True |          127.0.0.1          |   255.0.0.0   |   .   |         .         |
[   11.687017] cloud-init[1088]: ci-info: |   lo   | True |           ::1/128           |       .       |  host |         .         |
[   11.745094] cloud-init[1088]: ci-info: +--------+------+-----------------------------+---------------+-------+-------------------+
[   11.745583] cloud-init[1088]: ci-info: ++++++++++++++++++++++++++++Route IPv4 info++++++++++++++++++++++++++++
[   11.745931] cloud-init[1088]: ci-info: +-------+--------------+----------+---------------+-----------+-------+
[   11.746324] cloud-init[1088]: ci-info: | Route | Destination  | Gateway  |    Genmask    | Interface | Flags |
[   11.746594] cloud-init[1088]: ci-info: +-------+--------------+----------+---------------+-----------+-------+
[   11.746882] cloud-init[1088]: ci-info: |   0   |   0.0.0.0    | 10.0.2.2 |    0.0.0.0    |   enp0s3  |   UG  |
[   11.747162] cloud-init[1088]: ci-info: |   1   |   10.0.2.0   | 0.0.0.0  | 255.255.255.0 |   enp0s3  |   U   |
[   11.747454] cloud-init[1088]: ci-info: |   2   | 192.168.56.0 | 0.0.0.0  | 255.255.255.0 |   enp0s8  |   U   |
[   11.747748] cloud-init[1088]: ci-info: +-------+--------------+----------+---------------+-----------+-------+
[[0;32m  OK  [0m] Reached target Cloud-config availability.
[[0;32m  OK  [0m] Reached target System Initialization.
[[0;32m  OK  [0m] Started Daily apt download activities.
[[0;32m  OK  [0m] Started Daily apt upgrade and clean activities.
         Starting Socket activation for snappy daemon.
[[0;32m  OK  [0m] Listening on UUID daemon activation socket.
[[0;32m  OK  [0m] Started ACPI Events Check.
[[0;32m  OK  [0m] Reached target Paths.
[[0;32m  OK  [0m] Listening on D-Bus System Message Bus Socket.
[[0;32m  OK  [0m] Started Clean PHP session files every 30 mins.
         Starting LXD - unix socket.
[[0;32m  OK  [0m] Started Daily Cleanup of Temporary Directories.
[[0;32m  OK  [0m] Reached target Timers.
[[0;32m  OK  [0m] Listening on ACPID Listen Socket.
[[0;32m  OK  [0m] Reached target Network is Online.
         Starting iSCSI initiator daemon (iscsid)...
[[0;32m  OK  [0m] Listening on Socket activation for snappy daemon.
[[0;32m  OK  [0m] Listening on LXD - unix socket.
[[0;32m  OK  [0m] Started iSCSI initiator daemon (iscsid).
         Starting Login to default iSCSI targets...
[[0;32m  OK  [0m] Reached target Sockets.
[[0;32m  OK  [0m] Reached target Basic System.
[[0;32m  OK  [0m] Started ACPI event daemon.
         Starting LSB: MD monitoring daemon...
         Starting LXD - container startup/shutdown...
         Starting MySQL Community Server...
         Starting LSB: Record successful boot for GRUB...
         Starting Login Service...
         Starting System Logging Service...
[[0;32m  OK  [0m] Started D-Bus System Message Bus.
[[0;32m  OK  [0m] Started FUSE filesystem for LXC.
         Starting vboxadd.service...
         Starting /etc/rc.local Compatibility...
[[0;32m  OK  [0m] Started Deferred execution scheduler.
         Starting Accounts Service...
         Starting OpenBSD Secure Shell server...
         Starting Apply the settings specified in cloud-config...
         Starting The PHP 7.1 FastCGI Process Manager...
[[0;32m  OK  [0m] Started Regular background program processing daemon.
         Starting Elasticsearch...
[[0;32m  OK  [0m] Started Unattended Upgrades Shutdown.
         Starting Snappy daemon...
[[0;32m  OK  [0m] Started System Logging Service.
[[0;32m  OK  [0m] Started LXD - container startup/shutdown.
[[0;32m  OK  [0m] Started vboxadd.service.
[[0;32m  OK  [0m] Started /etc/rc.local Compatibility.
[[0;32m  OK  [0m] Started Elasticsearch.
[[0;32m  OK  [0m] Started OpenBSD Secure Shell server.
[[0;32m  OK  [0m] Started LSB: MD monitoring daemon.
[[0;32m  OK  [0m] Started LSB: Record successful boot for GRUB.
[[0;32m  OK  [0m] Started Login to default iSCSI targets.
[[0;32m  OK  [0m] Started Login Service.
[[0;32m  OK  [0m] Started Snappy daemon.
         Starting Wait until snapd is fully seeded...
         Starting Authenticate and Authorize Users to Run Privileged Tasks...
[[0;32m  OK  [0m] Reached target Remote File Systems (Pre).
[[0;32m  OK  [0m] Reached target Remote File Systems.
         Starting LSB: Set the CPU Frequency Scaling governor to "ondemand"...
         Starting LSB: daemon to balance interrupts for SMP systems...
         Starting LSB: automatic crash report generation...
         Starting Permit User Sessions...
         Starting vboxadd-service.service...
[[0;32m  OK  [0m] Started Permit User Sessions.
         Starting Terminate Plymouth Boot Screen...
         Starting Hold until boot process finishes up...
[[0;32m  OK  [0m] Started Hold until boot process finishes up.
[[0;32m  OK  [0m] Started LSB: Set the CPU Frequency Scaling governor to "ondemand".
[[0;32m  OK  [0m] Started Terminate Plymouth Boot Screen.
[[0;32m  OK  [0m] Started Authenticate and Authorize Users to Run Privileged Tasks.
[[0;32m  OK  [0m] Started Accounts Service.
[[0;32m  OK  [0m] Started Getty on tty1.
         Starting Set console scheme...
[[0;32m  OK  [0m] Started Serial Getty on ttyS0.
[[0;32m  OK  [0m] Reached target Login Prompts.
[[0;32m  OK  [0m] Started Wait until snapd is fully seeded.
[[0;32m  OK  [0m] Started LSB: daemon to balance interrupts for SMP systems.
[[0;32m  OK  [0m] Started LSB: automatic crash report generation.
[[0;1;31mFAILED[0m] Failed to start vboxadd-service.service.
See 'systemctl status vboxadd-service.service' for details.
[[0;32m  OK  [0m] Started Set console scheme.
[[0;32m  OK  [0m] Started The PHP 7.1 FastCGI Process Manager.
[   13.062827] cloud-init[1219]: Cloud-init v. 18.2 running 'modules:config' at Mon, 19 Nov 2018 18:33:57 +0000. Up 12.78 seconds.
[[0;32m  OK  [0m] Started Apply the settings specified in cloud-config.
[[0;32m  OK  [0m] Started MySQL Community Server.
[[0;32m  OK  [0m] Reached target Multi-User System.
[[0;32m  OK  [0m] Reached target Graphical Interface.
         Starting Update UTMP about System Runlevel Changes...
         Starting Execute cloud user/final scripts...
[[0;32m  OK  [0m] Started Update UTMP about System Runlevel Changes.
[   13.750367] cloud-init[1428]: Cloud-init v. 18.2 running 'modules:final' at Mon, 19 Nov 2018 18:33:58 +0000. Up 13.61 seconds.
[   13.766454] cloud-init[1428]: Cloud-init v. 18.2 finished at Mon, 19 Nov 2018 18:33:58 +0000. Datasource DataSourceNoCloud [seed=/dev/sdb][dsmode=net].  Up 13.74 seconds
[[0;32m  OK  [0m] Started Execute cloud user/final scripts.
[[0;32m  OK  [0m] Reached target Cloud-init target.

Ubuntu 16.04.4 LTS yiishop ttyS0

yiishop login: 