[    0.000000] Initializing cgrop ubsys cpuset
[    0.000000] Initializing cgroup subsys cpu
[    0.000000] Initializing cgroup subsys cpuacct
[    0.000000] Linux version 4.4.0-138-generic (buildd@lcy01-amd64-006) (gcc version 5..0 20160609 (Ubuntu 5.4.0-6ubuntu1~16.04.10) ) #164-Ubuntu SMP Tue Oct 2 17:16:02 UTC 2018 (Ubunu 4.4.0-138.164-generic 4.4.155)
[    0.000000] Command line: BOOT_MAGE=/boot/vmlinuz-4.4.0-138-generic root=UUID=94cf6dec-b559-40f4-9677-8490a116614b ro console=tty1 console=ttyS0
[    0.000000] KERNEL supported cpus:
[    0.000000]   Intel GenuineIntel
[    0.000000]   AMD AuthenticAMD
[    0.000000]   Centaur CentaurHauls
[    0.000000] x86/fpu: xstate_offset[2]:  576, xstate_sizes[2]:  256
[    0.000000] x86/fpu: Supporting XSAVE feature 0x01: 'x87 floating point registers'
[    0.000000] x86/fpu: Supporting XSAVE feature 0x02: 'SSE registers'
[    0.000000] x86/fpu: Supporting XSAVE feature 0x04: 'AVX registers'
[    0.000000] x86/fpu: Enabled xstate features 0x7, context size is 832 bytes, using 'standrdformat.
[    0.0000] e820: BIOS-provided physical RAM map:
[    0.000000] BIOS-e820: [mem 0x0000000000000000-0x000000000009fbff] usable
[    0.000000] BIOS-e820: [mem 0x000000000009fc00-0x00000000009ffff] reserved
[    0.000000] BIOS-e820: [mem 0x00000000000f0000-0x00000000000fffff] reserved
[    0.000000] BIOS-e820: [mem 0x0000000000100000-0x000000007ffeffff] usable
[    0.000000] BIOS-e820: [mem 0x000000007fff0000-0x000000007fffffff] ACPI data
[    0.000000] BIOS-e820: [mem 0x00000000fec00000-0x00000000fec00fff] reserved
[    0.000000] BIOS-e820: [mem 0x00000000fee00000-0x00000000fee00fff] reserved
[    0.000000] BIOS-e820: [mem 0x00000000fffc0000-0x00000000ffffffff] reserved
[    0.000000] NX (Execute Disable) protection: active
[    0.000000] SMBIOS 2.5 present.
[    0.000000] Hypervisor detected: KVM
[    0.000000] e820: last_pfn = 0x7fff0 max_arch_pfn = 0x400000000
[    0.000000] MTRR: Disabled
[    0.000000] x86/PAT: MTRRs disabled, skipping PAT initialization too.
[    0.000000] CPU MTRRs all blank - virtuized system.
[    0.000000] x86/PAT: Configuration [0-7]: WB  WT  UC- UC  WB  WT  UC- UC  
[    0.000000] found SMP MP-table at [mem 0x0009fff0-0x0009ffff] mapped at [ffff88000009fff0]
[    0.000000] Scanning 1 areas for low memory corruption
[    0.000000] RAMDISK: [mem 0x361ec000-0x370edfff]
[    0.000000] ACPI: Early table checksum verification disabled
[    0.000000] ACPI: RSDP 0x00000000000E00000 000024 (v02 VBOX  )
[    0.000000] ACPI: XSDT 0x000000007FFF0030 00003C (v01 VBOX   VBOXXSDT 00000001 ASL  00000061)
[    0.000000] ACPI: FACP 0x000000007FFF00F0 0000F4 (v04 VBOX   VBOXFACP 00000001 ASL  00000061)
[    0.000000] ACPI: DSDT 0x000000007FFF0470 0021FF (v02 VBOX   VBOXBIOS 00000002 INTL 20180105)
[    0.000000] ACPI: FACS 0x000000007FFF0200 000040
[    0.000000] ACPI: FACS 0x000000007FFF0200 000040
[    0.000000] ACPI: APIC 0x000000007FFF0240 00005C (v02 VBOX   VBOXAPIC 00000001 ASL  00000061)
[    0.000000] ACPI: SSDT 0x000000007FFF02A0 0001CC (v01 VBOX   VBOXCPUT 00000002 INTL 20180105)
[    0.000000] No NUMA configuration found
[    0.000000] Faking a node at [mem 0x0000000000000000-0x000000007ffeffff]
[    0.000000] NODE_DATA(0) allocated [mem 0x7ffeb000-0x7ffeffff]
[    0.000000] kvm-clock: Using msrs 4b564d01 and 4b564d00
[    0.000000] kvm-clock: cpu 0, msr 0:7ffe3001, primary cpu clock
[    0.000000] kvm-clock: using sched offset of 3825655058 cycles
[    0.000000] clocksource: kvm-clock: mask: 0xffffffffffffffff max_cycles: 0x1cd42e4dffb, max_idle_ns: 881590591483 ns
[    0.000000] Zone ranges:
[    0.000000]   DMA      [mem 0x0000000000001000-0x0000000000ffffff]
[    0.000000]   DMA32    [mem 0x0000000001000000-0x000000007ffeffff]
[    0.000000]   Normal   empty
[    0.000000]   Device   empty
[    0.000000] Movable zone start for each node
[    0.000000] Early memory node ranges
[    0.000000]   node   0: [mem 0x0000000000001000-0x000000000009efff]
[    0.000000]   node   0: [mem 0x0000000000100000-0x000000007ffeffff]
[   0.000000] Initmem setup node 0 [mem 0x0000000000001000-0x000000007ffeffff]
[    0.000000] ACPI: PM-Timer IO Port: 0x4008[     0.000000] IOAPIC[0]: apic_id 2, version 32, address 0xfec00000, GSI 0-23
[    0.000000] ACPI: INT_SRC_OVR (bus 0 bus_irq 0 global_irq 2 dfl dfl)
[    0.000000] ACPI: INT_SRC_OVR (bus 0 bus_irq 9 global_irq 9 low level)
[    0.000000] Using ACPI (MADT) for SMP configuration information
[    0.000000] smpboot: Allowing 2 CPUs, 0 hotplug CPUs
[    0.000000] PM: Registered nosave memory: [mem 0x00000000-0x00000fff]
[    0.000000] PM: Registered nosave memory: [mem 0x0009f000-0x0009ffff]
[    0.000000] PM: Registered nosave memory: [mem 0x000a0000-0x000effff]
[    0.000000] PM: Registered nosave memory: [mem 0x000f0000-0x000fffff]
[    0.000000] e820: [mem 0x80000000-0xfebfffff] available for PCI devices
[    0.000000] Booting paravirtualized kernel on KVM
[    0.000000] clocksource: refined-jiffies: mask: 0xffffffff max_cycles: 0xffffffff, max_idle_ns: 7645519600211568 ns
[    0.000000] setup_percpu: NR_CPUS:512 nr_cpumask_bits:512 nr_cpu_ids:2 nr_node_ids:1
[    0.000000] PERCPU: Embedded 34 pages/cpu @ffff88007fc00000 s99608 r8192 d31464 u1048576
[    0.000000] PV qspinlock hash table entries: 256 (order: 0, 4096 bytes)
[    0.000000] Built 1 zonelists in Node order, mobility grouping on.  Total pages: 515960
[    0.000000] Policy zone: DMA32
[    0.000000] Kernel command line: BOOT_IMAGE=/boot/vmlinuz-4.4.0-138-generic root=UUID=94cf6dec-b559-40f4-9677-8490a116614b ro console=tty1 console=ttyS0
[    0.000000] PID hash table entries: 4096 (order: 3, 32768 bytes)
[    0.000000] Memory: 2029328K/2096696K available (8563K kernel code, 1314K rwdata, 4004K rodata, 1528K init, 1316K bss, 67368K reserved, 0K cma-reserved)
[    0.000000] SLUB: HWalign=64, Order=0-3, MinObjects=0, CPUs=2, Nodes=1
[    0.000000] Kernel/User page tables isolation: enabled
[    0.000000] Hierarchical RCU implementation.
[    0.000000] 	Build-time adjustment of leaf fanout to 64.
[    0.000000] 	RCU restricting CPUs from NR_CPUS=512 to nr_cpu_ids=2.
[    0.000000] RCU: Adjusting geometry for rcu_fanout_leaf=64, nr_cpu_ids=2
[    0.000000] NR_IRQS:33024 nr_irqs:440 16
[    0.000000] Console: colour VGA+ 80x25
[    0.000000] coole [tty1] enabled
[    0.000000] console [ttyS0] enabed
[    0.000000] tsc: Detected 2303.998 MHz processor
[    0.847217] Calibrating delay loop (skipped) preset value.. 4607.99 BogoMIPS (lpj=9215992)
[    0.849314] pid_max: default: 32768 minimum: 301
[    0.850455] ACPI: Core revision 20150930
[    0.852502] ACPI: 2 ACPI AML tables successfully acquired and loaded
[    0.853927] Security Framework initialized
[    0.854883] Yama: becoming ndful.
[    0.895503] AppArmor: AppArmor initialized
[    0.897964] Dentry cache hash table entries: 262144 (order: 9, 2097152 bytes)

[    0.901362] Inode-cache hash table entries: 131072 (order: 8, 1048576 bytes)
[    0.904201] Mount-cache hash table entries: 4096 (order: 3, 32768 bytes)
[    0.910667] Mountpoint-cache hash table entries: 4096 (order: 3, 32768 bytes)
[    0.924236] Initializing cgroup subsys io
[    0.925797] Initializing cgroup subsys memory
[    0.927339] Initializing cgroup subsys devices
[    0.929028] Initializing cgroup subsys freezer
[    0.938817] Initializing cgroup subsys net_cls
[    0.941037] Initializing cgroup subsys perf_event
[    0.949182] Initializing cgroup subsys net_prio
[    0.977994] Initializing cgroup subsys hugetlb
[    0.984665] Initializing cgroup subsys pids
[    0.988678] mce: CPU supports 0 MCE banks
[    0.990573] Last level iTLB entries: 4KB 64, 2MB 8, 4MB 8
[    1.011701] Last level dTLB entries: 4KB 64, 2MB 0, 4MB 0, 1GB 4
[    1.035419] Spectre V2 : Mitigation: Full generic retpoline
[    1.055016] Spectre V2 : Spectre v2 mitigation: Speculation control IBPB not-supported IBRS not-supported
[    1.068554] Spectre V2 : Spectre v2 / SpectreRSB mitigation: Filling RSB on context switch
[    1.077233] Speculative Store Bypass: Vulnerable
[    1.082945] Freeing SMP alternatives memory: 32K
[    1.103097] ftrace: allocating 32278 entries in 127 pages
[    1.176906] smpboot: APIC(0) Converting physical 0 to logical package 0
[    1.207317] smpboot: Max logical packages: 1
[    1.208741] x2apic enabled
[    1.209764] Switched APIC routing to physical x2apic.
[    1.212247] ..TIMER: vector=0x30 apic1=0 pin1=2 apic2=-1 pin2=-1
[    1.322103] smpboot: CPU0: Intel(R) Core(TM) i3-6100U CPU @ 2.30GHz (family: 0x6, model: 0x4e, stepping: 0x3)
[    1.334948] Performance Events: unsupported p6 CPU model 78 no PMU driver, software events only.
[    1.336953] KVM setup paravirtual spinlock
[    1.339289] x86: Booting SMP configuration:
[    1.340251] .... node  #0, CPUs:      #1
[    1.341231] kvm-clock: cpu 1, msr 0:7ffe3041, secondary cpu clock
[    1.343507] mce: CPU supports 0 MCE banks
[    1.346261] x86: Booted up 1 node, 2 CPUs
[    1.348227] smpboot: Total of 2 processors activated (9215.99 BogoMIPS)
[    1.352286] devtmpfs: initialized
[    1.356974] evm: security.selinux
[    1.359181] evm: security.SMACK64
[    1.360483] evm: security.SMACK64EXEC
[    1.361536] evm: security.SMACK64TRANSMUTE
[    1.362832] evm: security.SMACK64MMAP
[    1.363853] evm: security.ima
[    1.364875] evm: security.capability
[    1.371810] clocksource: jiffies: mask: 0xffffffff max_cycles: 0xffffffff, max_idle_ns: 7645041785100000 ns
[    1.389378] futex hash table entries: 512 (order: 3, 32768 bytes)
[    1.419615] pinctrl core: initialized pinctrl subsystem
[    1.422449] RTC time: 19:50:45, date: 11/09/18
[    1.424390] NET: Registered protocol family 16
[    1.434036] cpuidle: using governor ladder
[    1.446024] cpuidle: using governor menu
[    1.456858] PCCT header not found.
[    1.459152] ACPI: bus type PCI registered
[    1.460613] acpiphp: ACPI Hot Plug PCI Controller Driver version: 0.5
[    1.463528] PCI: Using configuration type 1 for base access
[    1.478659] ACPI: Added _OSI(Module Device)
[    1.479786] ACPI: Added _OSI(Processor Device)
[    1.480839] ACPI: Added _OSI(3.0 _SCP Extensions)
[    1.482982] ACPI: Added _OSI(Processor Aggregator Device)
[    1.484978] ACPI: Executed 1 blocks of module-level executable AML code
[    1.491629] ACPI: Interpreter enabled
[    1.494342] ACPI: (supports S0 S5)
[    1.498678] ACPI: Using IOAPIC for interrupt routing
[    1.500273] PCI: Using host bridge windows from ACPI; if necessary, use "pci=nocrs" and report a bug
[    1.508170] ACPI: PCI Root Bridge [PCI0] (domain 0000 [bus 00-ff])
[    1.509623] acpi PNP0A03:00: _OSC: OS supports [ASPM ClockPM Segments MSI]
[    1.511496] acpi PNP0A03:00: _OSC: not requesting OS control; OS requires [ExtendedConfig ASPM ClockPM MSI]
[    1.527744] acpi PNP0A03:00: fail to add MMCONFIG information, can't access extended PCI configuration space under this bridge.
[    1.530971] PCI host bridge to bus 0000:00
[    1.532158] pci_bus 0000:00: root bus resource [io  0x0000-0x0cf7 window]
[    1.539124] pci_bus 0000:00: root bus resource [io  0x0d00-0xffff window]
[    1.540846] pci_bus 0000:00: root bus resource [mem 0x000a0000-0x000bffff window]
[    1.542527] pci_bus 0000:00: root bus resource [mem 0x80000000-0xfdffffff window]
[    1.544172] pci_bus 0000:00: root bus resource [bus 00-ff]
[    1.547002] pci 0000:00:01.1: legacy IDE quirk: reg 0x10: [io  0x01f0-0x01f7]
[    1.548401] pci 0000:00:01.1: legacy IDE quirk: reg 0x14: [io  0x03f6]
[    1.549767] pci 0000:00:01.1: legacy IDE quirk: reg 0x18: [io  0x0170-0x0177]
[    1.551217] pci 0000:00:01.1: legacy IDE quirk: reg 0x1c: [io  0x0376]
[    1.642757] pci 0000:00:07.0: quirk: [io  0x4000-0x403f] claimed by PIIX4 ACPI
[    1.647799] pci 0000:00:07.0: quirk: [io  0x4100-0x410f] claimed by PIIX4 SMB
[    1.681968] ACPI: PCI Interrupt Link [LNKA] (IRQs 5 9 10 *11)
[    1.684673] ACPI: PCI Interrupt Link [LNKB] (IRQs 5 9 *10 11)
[    1.694211] ACPI: PCI Interrupt Link [LNKC] (IRQs 5 *9 10 11)
[    1.699035] ACPI: PCI Interrupt Link [LNKD] (IRQs 5 9 10 *11)
[    1.704112] ACPI: Enabled 2 GPEs in block 00 to 07
[    1.708336] vgaarb: setting as boot device: PCI:0000:00:02.0
[    1.713323] vgaarb: device added: PCI:0000:00:02.0,decodes=io+mem,owns=io+mem,locks=none
[    1.725883] vgaarb: loaded
[    1.733285] vgaarb: bridge control possible 0000:00:02.0
[    1.751911] SCSI subsystem initialized
[    1.753711] ACPI: bus type USB registered
[    1.780765] usbcore: registered new interface driver usbfs
[    1.788284] usbcore: registered new interface driver hub
[    1.790257] usbcore: registered new device driver usb
[    1.816307] PCI: Using ACPI for IRQ routing
[    1.818145] NetLabel: Initializing
[    1.819291] NetLabel:  domain hash size = 128
[    1.820624] NetLabel:  protocols = UNLABELED CIPSOv4
[    1.822974] NetLabel:  unlabeled traffic allowed by default
[    1.824301] amd_nb: Cannot enumerate AMD northbridges
[    1.827215] clocksource: Switched to clocksource kvm-clock
[    1.835932] AppArmor: AppArmor Filesystem Enabled
[    1.859794] pnp: PnP ACPI init
[    1.888920] pnp: PnP ACPI: found 3 devices

[    1.900197] clocksource: acpi_pm: mask: 0xffffff max_cycles: 0xffffff, max_idle_ns: 208570104 ns
[    1.928961] NET: Registered protocol family 2

[    1.930243] TCP established hash table entries: 16384 (order: 5, 131072 bytes)
[    1.933074] TCP bind hash table entries: 16384 (order: 6, 262144 bytes)
[    1.934372] TCP: Hash tables configured (established 16384 bind 16384)
[    1.936097] UDP hash table entries: 1024 (order: 3, 32768 bytes)
[    1.943851] UDP-Lite hash table entries: 1024 (order: 3, 32768 bytes)
[    1.945174] NET: Registered protocol family 1
[    1.946112] pci 0000:00:00.0: Limiting direct PCI/PCI transfers
[    1.947294] pci 0000:00:01.0: Activating ISA DMA hang workarounds
[    1.948634] Unpacking initramfs...
[    2.285725] Freeing initrd memory: 15368K
[    2.288413] platform rtc_cmos: registered platform RTC device (no PNP device found)
[    2.291111] Scanning for low memory corruption every 60 seconds
[    2.293785] audit: initializing netlink subsys (disabled)
[    2.295822] audit: type=2000 audit(1541793050.146:1): initialized
[    2.298378] Initialise system trusted keyring
[    2.300395] HugeTLB registered 2 MB page size, pre-allocated 0 pages
[    2.331222] zbud: loaded
[    2.338199] VFS: Disk quotas dquot_6.6.0
[    2.339459] VFS: Dquot-cache hash table entries: 512 (order 0, 4096 bytes)
[    2.349147] squashfs: version 4.0 (2009/01/31) Phillip Lougher
[    2.350892] fuse init (API version 7.23)
[    2.358527] Key type big_key registered
[    2.359443] Allocating IMA MOK and blacklist keyrings.
[    2.361783] Key type asymmetric registered
[    2.362699] Asymmetric key parser 'x509' registered
[    2.363891] Block layer SCSI generic (bsg) driver version 0.4 loaded (major 249)
[    2.365585] io scheduler noop registered
[    2.366459] io scheduler deadline registered (default)
[    2.367626] io scheduler cfq registered
[    2.368632] pci_hotplug: PCI Hot Plug PCI Core version: 0.5
[    2.369737] pciehp: PCI Express Hot Plug Controller Driver version: 0.4
[    2.371115] ACPI: AC Adapter [AC] (on-line)
[    2.377406] input: Power Button as /devices/LNXSYSTM:00/LNXPWRBN:00/input/input0
[    2.379016] ACPI: Power Button [PWRF]
[    2.380066] input: Sleep Button as /devices/LNXSYSTM:00/LNXSLPBN:00/input/input1
[    2.381709] ACPI: Sleep Button [SLPF]
[    2.382773] GHES: HEST is not enabled!
[    2.383706] ACPI: Battery Slot [BAT0] (battery present)
[    2.385140] Serial: 8250/16550 driver, 32 ports, IRQ sharing enabled
[    2.408658] 00:02: ttyS0 at I/O 0x3f8 (irq = 4, base_baud = 115200) is a 16550A
[    2.413957] Linux agpgart interface v0.103
[    2.418173] loop: module loaded
[    2.419678] scsi host0: ata_piix
[    2.420774] scsi host1: ata_piix
[    2.421618] ata1: PATA max UDMA/33 cmd 0x1f0 ctl 0x3f6 bmdma 0xd000 irq 14
[    2.422904] ata2: PATA max UDMA/33 cmd 0x170 ctl 0x376 bmdma 0xd008 irq 15
[    2.424340] libphy: Fixed MDIO Bus: probed
[    2.425292] tun: Universal TUN/TAP device driver, 1.6
[    2.426390] tun: (C) 1999-2004 Max Krasnyansky <maxk@qualcomm.com>
[    2.427758] PPP generic driver version 2.4.2
[    2.428859] ehci_hcd: USB 2.0 'Enhanced' Host Controller (EHCI) Driver
[    2.446167] ehci-pci: EHCI PCI platform driver
[    2.447335] ehci-platform: EHCI generic platform driver
[    2.448604] ohci_hcd: USB 1.1 'Open' Host Controller (OHCI) Driver
[    2.449997] ohci-pci: OHCI PCI platform driver
[    2.451091] ohci-platform: OHCI generic platform driver
[    2.457711] uhci_hcd: USB Universal Host Controller Interface driver
[    2.459246] i8042: PNP: PS/2 Controller [PNP0303:PS2K,PNP0f03:PS2M] at 0x60,0x64 irq 1,12
[    2.467117] serio: i8042 KBD port at 0x60,0x64 irq 1
[    2.471910] serio: i8042 AUX port at 0x60,0x64 irq 12
[    2.473361] mousedev: PS/2 mouse device common for all mice
[    2.475022] input: AT Translated Set 2 keyboard as /devices/platform/i8042/serio0/input/input2
[    2.479691] rtc_cmos rtc_cmos: rtc core: registered rtc_cmos as rtc0
[    2.479768] rtc_cmos rtc_cmos: alarms up to one day, 114 bytes nvram
[    2.479778] i2c /dev entries driver
[    2.479844] device-mapper: uevent: version 1.0.3
[    2.479919] device-mapper: ioctl: 4.34.0-ioctl (2015-10-28) initialised: dm-devel@redhat.com
[    2.479944] ledtrig-cpu: registered to indicate activity on CPUs
[    2.483687] NET: Registered protocol family 10
[    2.483954] NET: Registered protocol family 17
[    2.483970] Key type dns_resolver registered
[    2.484246] registered taskstats version 1
[    2.484260] Loading compiled-in X.509 certificates
[    2.484986] Loaded X.509 cert 'Build time autogenerated kernel key: 9a104bc44b81e9426fe5c715e47d021d02d69eba'
[    2.485010] zswap: loaded using pool lzo/zbud
[    2.486884] Key type trusted registered
[    2.490222] Key type encrypted registered
[    2.490227] AppArmor: AppArmor sha1 policy hashing enabled
[    2.490230] ima: No TPM chip found, activating TPM-bypass!
[    2.490235] ima: Allocated hash algorithm: sha1
[    2.490249] evm: HMAC attrs: 0x1
[    2.490586]   Magic number: 10:510:849
[    2.490597]  index1: hash matches
[    2.490598]  index1: hash matches
[    2.490614] graphics fbcon: hash matches
[    2.497139] rtc_cmos rtc_cmos: setting system clock to 2018-11-09 19:50:46 UTC (1541793046)
[    2.497265] BIOS EDD facility v0.16 2004-Jun-25, 0 devices found
[    2.497265] EDD information not available.
[    2.600620] Freeing unused kernel memory: 1528K
[    2.651446] Write protecting the kernel read-only data: 14336k
[    2.679303] Freeing unused kernel memory: 1664K
[    2.680677] Freeing unused kernel memory: 92K
Loading, please wait...
starting version 229
[    2.702618] random: systemd-udevd: uninitialized urandom read (16 bytes read, 5 bits of entropy available)
[    2.703478] random: udevadm: uninitialized urandom read (16 bytes read, 5 bits of entropy available)
[    2.703498] random: udevadm: uninitialized urandom read (16 bytes read, 5 bits of entropy available)
[    2.709478] random: systemd-udevd: uninitialized urandom read (16 bytes read, 5 bits of entropy available)
[    2.711815] random: systemd-udevd: uninitialized urandom read (16 bytes read, 5 bits of entropy available)
[    2.712727] random: udevadm: uninitialized urandom read (16 bytes read, 5 bits of entropy available)
[    2.712778] random: udevadm: uninitialized urandom read (16 bytes read, 5 bits of entropy available)
[    2.712931] random: udevadm: uninitialized urandom read (16 bytes read, 5 bits of entropy available)
[    2.712986] random: udevadm: uninitialized urandom read (16 bytes read, 5 bits of entropy available)
[    2.713039] random: udevadm: uninitialized urandom read (16 bytes read, 5 bits of entropy available)
[    2.764018] e1000: Intel(R) PRO/1000 Network Driver - version 7.3.21-k8-NAPI
[    2.768799] e1000: Copyright (c) 1999-2006 Intel Corporation.
[    2.781400] Fusion MPT base driver 3.04.20
[    2.782330] Copyright (c) 1999-2008 LSI Corporation
[    2.787658] Fusion MPT SPI Host driver 3.04.20
[    2.806261] AVX2 version of gcm_enc/dec engaged.
[    2.807525] AES CTR mode by8 optimization enabled
[    2.992946] input: ImExPS/2 Generic Explorer Mouse as /devices/platform/i8042/serio1/input/input4
[    3.186357] e1000 0000:00:03.0 eth0: (PCI:33MHz:32-bit) 02:e4:ac:f5:39:a9
[    3.188931] e1000 0000:00:03.0 eth0: Intel(R) PRO/1000 Network Connection
[    3.192480] mptbase: ioc0: Initiating bringup
[    3.255597] ioc0: LSI53C1030 A0: Capabilities={Initiator}
[    3.287346] tsc: Refined TSC clocksource calibration: 2300.721 MHz
[    3.297549] clocksource: tsc: mask: 0xffffffffffffffff max_cycles: 0x2129de21eb3, max_idle_ns: 440795221706 ns
[    3.430491] scsi host2: ioc0: LSI53C1030 A0, FwRev=00000000h, Ports=1, MaxQ=256, IRQ=20
[    3.555566] scsi 2:0:0:0: Direct-Access     VBOX     HARDDISK         1.0  PQ: 0 ANSI: 5
[    3.574019] scsi target2:0:0: Beginning Domain Validation
[    3.583239] scsi target2:0:0: Domain Validation skipping write tests
[    3.588774] scsi target2:0:0: Ending Domain Validation
[    3.596699] scsi target2:0:0: asynchronous
[    3.599533] scsi 2:0:1:0: Direct-Access     VBOX     HARDDISK         1.0  PQ: 0 ANSI: 5
[    3.620876] scsi target2:0:1: Beginning Domain Validation
[    3.624292] scsi target2:0:1: Domain Validation skipping write tests
[    3.631709] scsi target2:0:1: Ending Domain Validation
[    3.633614] scsi target2:0:1: asynchronous
[    3.652391] sd 2:0:0:0: Attached scsi generic sg0 type 0
[    3.657086] sd 2:0:1:0: Attached scsi generic sg1 type 0
[    3.676910] sd 2:0:0:0: [sda] 20971520 512-byte logical blocks: (10.7 GB/10.0 GiB)
[    3.695345] sd 2:0:1:0: [sdb] 20480 512-byte logical blocks: (10.5 MB/10.0 MiB)
[    3.716156] sd 2:0:1:0: [sdb] Write Protect is off
[    3.719097] sd 2:0:0:0: [sda] Write Protect is off
[    3.726720] sd 2:0:1:0: [sdb] Incomplete mode parameter data
[    3.730007] sd 2:0:1:0: [sdb] Assuming drive cache: write through
[    3.734859] sd 2:0:0:0: [sda] Incomplete mode parameter data
[    3.738079] sd 2:0:0:0: [sda] Assuming drive cache: write through
[    3.755265] sd 2:0:1:0: [sdb] Attached SCSI disk
[    3.758502]  sda: sda1
[    3.761424] sd 2:0:0:0: [sda] Attached SCSI disk
[    4.001367] e1000 0000:00:08.0 eth1: (PCI:33MHz:32-bit) 08:00:27:f3:f3:37
[    4.004577] e1000 0000:00:08.0 eth1: Intel(R) PRO/1000 Network Connection
[    4.008121] e1000 0000:00:03.0 enp0s3: renamed from eth0
[    4.023719] e1000 0000:00:08.0 enp0s8: renamed from eth1
Begin: Loading essential drivers ... [    5.676554] md: linear personality registered for level -1
[    5.706299] md: multipath personality registered for level -4
[    5.717976] md: raid0 personality registered for level 0
[    5.730153] md: raid1 personality registered for level 1
[    5.803294] raid6: sse2x1   gen()  4629 MB/s
[    5.871279] raid6: sse2x1   xor()  3291 MB/s
[    5.939296] raid6: sse2x2   gen()  5471 MB/s
[    6.011251] raid6: sse2x2   xor()  5763 MB/s
[    6.087288] raid6: sse2x4   gen()  6345 MB/s
[    6.159303] raid6: sse2x4   xor()  3840 MB/s
[    6.227293] raid6: avx2x1   gen()  9929 MB/s
[    6.299291] raid6: avx2x2   gen() 16609 MB/s
[    6.368822] raid6: avx2x4   gen() 17762 MB/s
[    6.369911] raid6: using algorithm avx2x4 gen() 17762 MB/s
[    6.371166] raid6: using avx2x2 recovery algorithm
[    6.373983] xor: automatically using best checksumming function:
[    6.415550]    avx       : 16276.000 MB/sec
[    6.424996] async_tx: api initialized (async)
[    6.436221] md: raid6 personality registered for level 6
[    6.453172] md: raid5 personality registered for level 5
[    6.454245] md: raid4 personality registered for level 4
[    6.462125] md: raid10 personality registered for level 10
done.
Begin: Running /scripts/init-premount ... done.
Begin: Mounting root file system ... Begin: Running /scripts/local-top ... done.
Begin: Running /scripts/local-premount ... [    6.507256] Btrfs loaded
Scanning for Btrfs filesystems
done.
Warning: fsck not present, so skipping root file[    6.673838] EXT4-fs (sda1): mounted filesystem with ordered data mode. Opts: (null)
 system
done.
Begin: Running /scripts/local-bottom ... done.
Begin: Running /scripts/init-bottom ... done.
[    6.866291] systemd[1]: systemd 229 running in system mode. (+PAM +AUDIT +SELINUX +IMA +APPARMOR +SMACK +SYSVINIT +UTMP +LIBCRYPTSETUP +GCRYPT +GNUTLS +ACL +XZ -LZ4 +SECCOMP +BLKID +ELFUTILS +KMOD -IDN)
[    6.892963] systemd[1]: Detected virtualization oracle.
[    6.895497] systemd[1]: Detected architecture x86-64.

Welcome to [1mUbuntu 16.04.4 LTS[0m!

[    6.909388] systemd[1]: Set hostname to <yiishop>.
[    7.131808] systemd[1]: Listening on Syslog Socket.
[[0;32m  OK  [0m] Listening on Syslog Socket.
[    7.134418] systemd[1]: Created slice User and Session Slice.
[[0;32m  OK  [0m] Created slice User and Session Slice.
[    7.137936] systemd[1]: Listening on Journal Audit Socket.
[[0;32m  OK  [0m] Listening on Journal Audit Socket.
[    7.151943] systemd[1]: Listening on /dev/initctl Compatibility Named Pipe.
[[0;32m  OK  [0m] Listening on /dev/initctl Compatibility Named Pipe.
[    7.154838] systemd[1]: Started Forward Password Requests to Wall Directory Watch.
[[0;32m  OK  [0m] Started Forward Password Requests to Wall Directory Watch.
[    7.158238] systemd[1]: Listening on LVM2 metadata daemon socket.
[[0;32m  OK  [0m] Listening on LVM2 metadata daemon socket.
[    7.161120] systemd[1]: Listening on udev Kernel Socket.
[[0;32m  OK  [0m] Listening on udev Kernel Socket.
[    7.163939] systemd[1]: Listening on Device-mapper event daemon FIFOs.
[[0;32m  OK  [0m] Listening on Device-mapper event daemon FIFOs.
[    7.167325] systemd[1]: Set up automount Arbitrary Executable File Formats File System Automount Point.
[[0;32m  OK  [0m] Set up automount Arbitrary Executab...ats File System Automount Point.
[    7.231543] systemd[1]: Listening on Journal Socket (/dev/log).
[[0;32m  OK  [0m] Listening on Journal Socket (/dev/log).
[    7.267255] systemd[1]: Reached target Swap.
[[0;32m  OK  [0m] Reached target Swap.
[    7.281875] systemd[1]: Listening on LVM2 poll daemon socket.
[[0;32m  OK  [0m] Listening on LVM2 poll daemon socket.
[    7.289582] systemd[1]: Reached target System Time Synchronized.
[[0;32m  OK  [0m] Reached target System Time Synchronized.
[    7.293337] systemd[1]: Listening on Journal Socket.
[[0;32m  OK  [0m] Listening on Journal Socket.
[    7.307595] ystemd[1]: Listening on udev Control Socke
[[0;32m  OK  [0m] Listening on udev Control Socket.
[    7.398784] systemd[1]: Reached target Encrypted Volumes.
[[0;32m  OK  [0m] Reached target Encrypted Volumes.
[    7.401961] systemd[1]: Created slice System Slice.
[[0;32m  OK  [0m] Created slice System Slice.
[    7.964572] systemd[1]: Starting Monitoring of LVM2 mirrors, snapshots etc. using dmeventd or progress polling...
         Starting Monitoring of LVM2 mirrors... dmeventd or progress polling...
[    8.018940] systemd[1]: Mounting Huge Pages File System...
         Mounting Huge Pages File System...
[    8.041158] systemd[1]: Starting Nameserver information manager...
         Starting Nameserver information manager...
[    8.095575] systemd[1]: Starting Journal Service...
         Starting Journal Service...
[    8.163561] systemd[1]: Starting Remount Root and Kernel File Systems...
         Starting Remount Root and Kernel File Systems...
[    8.169588] systemd[1]: Mounting POSIX Message Queue File System...
[    8.172537] EXT4-fs (sda1): re-mounted. Opts: (null)
         Mounting POSIX Message Queue File System...
[    8.211577] systemd[1]: Starting Load Kernel Modules...
         Starting Load Kernel Modules...
[    8.217165] systemd[1]: Starting Create list of required static device nodes for the current kernel...
         Starting Create list of required st... [    8.258217] Loading iSCSI transport class v2.0-870.
nodes for the current kernel...
[    8.270542] systemd[1]: Reached target Slices.
[    8.271576] random: nonblocking pool is initialized
[[0;32m  OK  [0m] Reached target Slices.
[    8.293343] iscsi: registered transport (tcp)
[    8.323512] systemd[1]: Starting Set console keymap...
         Starting Set console keymap...
[    8.369218] iscsi: registered transport (iser)
[    8.403500] systemd[1]: Mounting Debug File System...
         Mounting Debug File System...
[    8.421898] systemd[1]: Starting Uncomplicated firewall...
         Starting Uncomplicated firewall...
[    8.429740] systemd[1]: Started Trigger resolvconf update for networkd DNS.
[[0;32m  OK  [0m] Started Trigger resolvconf update for networkd DNS.
[    8.452621] systemd[1]: Reached target User and Group Name Lookups.
[[0;32m  OK  [0m] Reached target User and Group Name Lookups.
[    8.482521] systemd[1]: Created slice system-serial\x2dgetty.slice.
[[0;32m  OK  [0m] Created slice system-serial\x2dgetty.slice.
[    8.504540] systemd[1]: Mounted Huge Pages File System.
[[0;32m  OK  [0m] Mounted Huge Pages File System.
[    8.523567] systemd[1]: Mounted POSIX Message Queue File System.
[[0;32m  OK  [0m] Mounted POSIX Message Queue File System.
[    8.527750] systemd[1]: Mounted Debug File System.
[[0;32m  OK  [0m] Mounted Debug File System.
[    8.532312] systemd[1]: Started Journal Service.
[[0;32m  OK  [0m] Started Journal Service.
[[0;32m  OK  [0m] Started Remount Root and Kernel File Systems.
[[0;32m  OK  [0m] Started Load Kernel Modules.
[[0;32m  OK  [0m] Started Create list of required sta...ce nodes for the current kernel.
[[0;32m  OK  [0m] Started Set console keymap.
[[0;32m  OK  [0m] Started Uncomplicated firewall.
[[0;32m  OK  [0m] Started Nameserver information manager.
[[0;32m  OK  [0m] Started LVM2 metadata daemon.
         Starting Create Static Device Nodes in /dev...
         Mounting FUSE Control File System...
         Starting Apply Kernel Variables...
         Starting Load/Save Random Seed...
         Starting udev Coldplug all Devices...
         Starting Flush Journal to Persistent Storage...
[[0;32m  OK  [0m] Mounted FUSE Control File System.
[[0;32m  OK  [0m] Started Load/Save Random Seed.
[[0;32m  OK  [0m] Started Create Static Device Nodes in /dev.
[[0;32m  OK  [0m] Started Apply Kernel Variables.
[[0;32m  OK  [0m] Started Flush Journal to Persistent Storage.
[[0;32m  OK  [0m] Started udev Coldplug all Devices.
         Starting udev Kernel Device Manager...
[[0;32m  OK  [0m] Started udev Kernel Device Manager.
[[0;32m  OK  [0m] Started Dispatch Password Requests to Console Directory Watch.
[[0;32m  OK  [0m] Found device /dev/ttyS0.
[[0;32m  OK  [0m] Started Monitoring of LVM2 mirrors,...ng dmeventd or progress polling.
[[0;32m  OK  [0m] Reached target Local File Systems (Pre).
[[0;32m  OK  [0m] Reached target Local File Systems.
         Starting Initial cloud-init job (pre-networking)...
         Starting Create Volatile Files and Directories...
         Starting LSB: AppArmor initialization...
         Starting Set console font and keymap...
         Starting Tell Plymouth To Write Out Runtime Data...
[[0;32m  OK  [0m] Started Create Volatile Files and Directories.
[[0;32m  OK  [0m] Started Tell Plymouth To Write Out Runtime Data.
         Starting Update UTMP about System Boot/Shutdown...
[[0;32m  OK  [0m] Found device 82540EM Gigabit Ethern...r (PRO/1000 MT Desktop Adapter).
[[0;32m  OK  [0m] Found device 82540EM Gigabit Ethern...r (PRO/1000 MT Desktop Adapter).
[[0;32m  OK  [0m] Started Update UTMP about System Boot/Shutdown.
[[0;32m  OK  [0m] Started LSB: AppArmor initialization.
[[0;32m  OK  [0m] Listening on Load/Save RF Kill Switch Status /dev/rfkill Watch.
[[0;32m  OK  [0m] Started Set console font and keymap.
[[0;32m  OK  [0m] Created slice system-getty.slice.
[    9.793987] cloud-init[558]: Cloud-init v. 18.2 running 'init-local' at Fri, 09 Nov 2018 19:50:54 +0000. Up 9.34 seconds.
[[0;32m  OK  [0m] Started Initial cloud-init job (pre-networking).
[[0;32m  OK  [0m] Reached target Network (Pre).
[[0;32m  OK  [0m] Started ifup for enp0s3.
[[0;32m  OK  [0m] Started ifup for enp0s8.
         Starting Raise network interfaces...
[[0;32m  OK  [0m] Started Raise network interfaces.
[[0;32m  OK  [0m] Reached target Network.
         Starting Initial cloud-init job (metadata service crawler)...
[   11.196314] cloud-init[1086]: Cloud-init v. 18.2 running 'init' at Fri, 09 Nov 2018 19:50:55 +0000. Up 10.62 seconds.
[   11.253751] [[0;32m  OK  [0m] Started Initial cloud-init job (metadata service crawler).
[[0;32m  OK  [0m] Reached target Cloud-config availability.
[[0;32m  OK  [0m] Reached target Network is Online.
cloud-init[1086]: ci-info: ++++++++++++++++++++++++++++++++++++++Net device info++++++++++++++++++++++++++++++++++++++
[   11.292228]          Starting iSCSI initiator daemon (iscsid)...
[[0;32m  OK  [0m] Reached target System Initialization.
cloud-init[1086]: ci-info: +--------+------+-----------------------------+---------------+-------+-------------------+
[   11.300869] [[0;32m  OK  [0m] Started Daily apt download activities.
         Starting Socket activation for snappy daemon.
[[0;32m  OK  [0m] Started Daily apt upgrade and clean activities.
[[0;32m  OK  [0m] Listening on ACPID Listen Socket.
cloud-init[1086]: ci-info: | Device |  Up  |           Address           |      Mask     | Scope |     Hw-Address    |
[   11.318741] [cloud-init[0;32m  OK  [0m[1086]: ] ci-info: +--------+------+-----------------------------+---------------+-------+-------------------+Started ACPI Events Check.

[   11.355016] [[0;32m  OK  [0m] Reached target Paths.
cloud-init[1086]: ci-info: | enp0s3 | True |          10.0.2.15          | 255.255.255.0 |   .   | 02:e4:ac:f5:39:a9 |
[   11.381835] [cloud-init[0;32m  OK  [0m[1086]: ] ci-info: | enp0s3 | True |  fe80::e4:acff:fef5:39a9/64 |       .       |  link | 02:e4:ac:f5:39:a9 |Started Clean PHP session files every 30 mins.

[   11.391889] cloud-init[1086]: ci-info: | enp0s8 | True |        192.168.56.111       | 255.255.255.0 |   .   | 08:00:27:f3:f3:37 |
[   11.402627]          Starting LXD - unix socket.
[[0;32m  OK  [0m] Listening on UUID daemon activation socket.
[[0;32m  OK  [0m] Listening on D-Bus System Message Bus Socket.
[[0;32m  OK  [0m] Started Daily Cleanup of Temporary Directories.
[[0;32m  OK  [0m] Reached target Timers.
cloud-init[1086]: ci-info: | enp0s8 | True | fe80::a00:27ff:fef3:f337/64 |       .       |  link | 08:00:27:f3:f3:37 |
[   11.431455] cloud-init[1086]: ci-info: |   lo   | True |          127.0.0.1          |   255.0.0.0   |   .   |         .         |[
[0;32m  OK  [0m] Listening on Socket activation for snappy daemon.
[[0;32m  OK  [0m] Listening on LXD - unix socket.
[   11.442146] cloud-init[[0;32m  OK  [0m] Started iSCSI initiator daemon (iscsid).
[1086]: ci-info: |   lo   | True |           ::1/128           |       .       |  host |         .         |
[   11.470784] cloud-init[1086]: ci-info: +--------+------+-----------------------------+---------------+-------+-------------------+
[   11.477290] cloud-init[1086]: ci-info: ++++++++++++++++++++++++++++Route IPv4 info++++++++++++++++++++++++++++
[   11.484114] cloud-init[1086]: ci-info: +-------+--------------+----------+---------------+-----------+-------+
[   11.496477] cloud-init[1086]: ci-info: | Route | Destination  | Gateway  |    Genmask    | Interface | Flags |
[   11.508313]          cloud-initStarting Login to default iSCSI targets...[1086]: 
ci-info: +-------+--------------+----------+---------------+-----------+-------+
[   11.558578] [cloud-init[0;32m  OK  [0m[1086]: ] ci-info: |   0   |   0.0.0.0    | 10.0.2.2 |    0.0.0.0    |   enp0s3  |   UG  |Reached target Sockets.

[[0;32m  OK  [0m] Reached target Basic System.
[   11.559328] [[0;32m  OK  [0m] Started Unattended Upgrades Shutdown.
cloud-init[1086]: ci-info: |   1   |   10.0.2.0   | 0.0.0.0  | 255.255.255.0 |   enp0s3  |   U   |
[   11.577746] cloud-init[1086]: ci-info: |   2   | 192.168.56.0 | 0.0.0.0  | 255.255.255.0 |   enp0s8  |   U   |
[   11.584290] cloud-init[1086]: ci-info: +-------+--------------+----------+---------------+-----------+-------+
[[0;32m  OK  [0m] Started Regular background program processing daemon.
         Starting vboxadd.service...
         Starting OpenBSD Secure Shell server...
         Starting /etc/rc.local Compatibility...
[[0;32m  OK  [0m] Started ACPI event daemon.
         Starting System Logging Service...
         Starting LXD - container startup/shutdown...
         Starting Accounts Service...
         Starting Apply the settings specified in cloud-config...
         Starting Snappy daemon...
[[0;32m  OK  [0m] Started FUSE filesystem for LXC.
         Starting Clean php session files...
         Starting Login Service...
         Starting LSB: Record successful boot for GRUB...
[[0;32m  OK  [0m] Started D-Bus System Message Bus.
         Starting The PHP 7.1 FastCGI Process Manager...
[[0;32m  OK  [0m] Started Deferred execution scheduler.
         Starting LSB: MD monitoring daemon...
         Starting MySQL Community Server...
[[0;32m  OK  [0m] Started System Logging Service.
[[0;32m  OK  [0m] Started Snappy daemon.
[[0;32m  OK  [0m] Started vboxadd.service.
[[0;32m  OK  [0m] Started /etc/rc.local Compatibility.
[[0;32m  OK  [0m] Started LXD - container startup/shutdown.
[[0;32m  OK  [0m] Started OpenBSD Secure Shell server.
[[0;32m  OK  [0m] Started Login to default iSCSI targets.
[[0;32m  OK  [0m] Started LSB: Record successful boot for GRUB.
[[0;32m  OK  [0m] Started LSB: MD monitoring daemon.
[[0;32m  OK  [0m] Started Login Service.
         Starting Authenticate and Authorize Users to Run Privileged Tasks...
[[0;32m  OK  [0m] Reached target Remote File Systems (Pre).
[[0;32m  OK  [0m] Reached target Remote File Systems.
         Starting LSB: daemon to balance interrupts for SMP systems...
         Starting LSB: Set the CPU Frequency Scaling governor to "ondemand"...
         Starting Permit User Sessions...
[   13.016406] cloud-init[1177]: Cloud-init v. 18.2 running 'modules:config' at Fri, 09 Nov 2018 19:50:57 +0000. Up 12.43 seconds.
         Starting LSB: automatic crash report generation...
         Starting vboxadd-service.service...
         Starting Wait until snapd is fully seeded...
[[0;32m  OK  [0m] Started The PHP 7.1 FastCGI Process Manager.
[[0;32m  OK  [0m] Started Permit User Sessions.
[[0;32m  OK  [0m] Started Authenticate and Authorize Users to Run Privileged Tasks.
[[0;32m  OK  [0m] Started Accounts Service.
[[0;32m  OK  [0m] Started LSB: Set the CPU Frequency Scaling governor to "ondemand".
[[0;32m  OK  [0m] Started Wait until snapd is fully seeded.
[[0;32m  OK  [0m] Started LSB: daemon to balance interrupts for SMP systems.
[[0;1;31mFAILED[0m] Failed to start vboxadd-service.service.
See 'systemctl status vboxadd-service.service' for details.
[[0;32m  OK  [0m] Created slice User Slice of vagrant.
         Starting User Manager for UID 1000...
[[0;32m  OK  [0m] Started Session 1 of user vagrant.
         Starting Hold until boot process finishes up...
         Starting Terminate Plymouth Boot Screen...
[[0;32m  OK  [0m] Started Apply the settings specified in cloud-config.
[[0;32m  OK  [0m] Started Clean php session files.
[[0;32m  OK  [0m] Started LSB: automatic crash report generation.
[[0;32m  OK  [0m] Started Hold until boot process finishes up.
[[0;32m  OK  [0m] Started Terminate Plymouth Boot Screen.
[[0;32m  OK  [0m] Started User Manager for UID 1000.
         Starting Set console scheme...
[[0;32m  OK  [0m] Started Getty on tty1.
[[0;32m  OK  [0m] Started Serial Getty on ttyS0.
[[0;32m  OK  [0m] Reached target Login Prompts.
[[0;32m  OK  [0m] Started Set console scheme.
[[0;32m  OK  [0m] Started MySQL Community Server.
[[0;32m  OK  [0m] Reached target Multi-User System.
[[0;32m  OK  [0m] Reached target Graphical Interface.
         Starting Update UTMP about System Runlevel Changes...
         Starting Execute cloud user/final scripts...
[[0;32m  OK  [0m] Started Update UTMP about System Runlevel Changes.
[   14.201617] cloud-init[1459]: Cloud-init v. 18.2 running 'modules:final' at Fri, 09 Nov 2018 19:50:59 +0000. Up 13.99 seconds.
[   14.205039] cloud-init[1459]: Cloud-init v. 18.2 finished at Fri, 09 Nov 2018 19:50:59 +0000. Datasource DataSourceNoCloud [seed=/dev/sdb][dsmode=net].  Up 14.19 seconds
[[0;32m  OK  [0m] Started Execute cloud user/final scripts.
[[0;32m  OK  [0m] Reached target Cloud-init target.
         Starting Daily apt download activities...

Ubuntu 16.04.4 LTS yiishop ttyS0

yiishop login: 